06-28 07:07:15.444  9692  9692 D nativeloader: Extending system_exposed_libraries: libhigh_dynamic_range.arcsoft.so:libaudiomirroring_jni.audiomirroring.samsung.so:libBeauty_v4.camera.samsung.so:libexifa.camera.samsung.so:libjpega.camera.samsung.so:libOpenCv.camera.samsung.so:libImageScreener.camera.samsung.so:libMyFilter.camera.samsung.so:libtensorflowLite.myfilter.camera.samsung.so:libtensorflowlite_inference_api.myfilter.camera.samsung.so:libFace_Landmark_API.camera.samsung.so:libHpr_RecGAE_cvFeature_v1.0.camera.samsung.so:libHprFace_GAE_api.camera.samsung.so:libFacialBasedSelfieCorrection.camera.samsung.so:libHprFace_GAE_jni.camera.samsung.so:libObjectAndSceneClassification_2.5_OD.camera.samsung.so:libQREngine.camera.samsung.so:libEventDetector.camera.samsung.so:libFood.camera.samsung.so:libFoodDetector.camera.samsung.so:libPortraitSolution.camera.samsung.so:libsrib_CNNInterface.camera.samsung.so:libsrib_humanaware_engine.camera.samsung.so:libInteractiveSegmentation.camera.samsung.so:libsmart_cropping.camera.samsung.so:libMultiFrameProcessing10.camer
06-28 07:07:15.466  9692  9692 D nativeloader: Configuring clns-shared-5 for other apk /system/system_ext/priv-app/GoogleServicesFramework/GoogleServicesFramework.apk. target_sdk_version=34, uses_libraries=, library_path=/system/system_ext/priv-app/GoogleServicesFramework/lib/arm64:/system/system_ext/priv-app/GoogleServicesFramework/GoogleServicesFramework.apk!/lib/arm64-v8a:/system/lib64, permitted_path=/data:/mnt/expand:/data/user/150/com.google.android.gsf:/system/system_ext/priv-app/GoogleServicesFramework:/system/lib64
06-28 07:07:15.516 21548 21638 W .adservices.api: Long monitor contention with owner background-2 (21636) at com.google.android.libraries.mobiledatadownload.file.SynchronousFileStorage com.android.adservices.download.MobileDataDownloadFactory.getFileStorage()(MobileDataDownloadFactory.java:184) waiters=0 in com.google.android.libraries.mobiledatadownload.MobileDataDownload com.android.adservices.download.MobileDataDownloadFactory.getMdd(com.android.adservices.service.Flags) for 322ms
06-28 07:07:15.520  5927  6120 I GetConfigSnapshotOp: (REDACTED) Succeeded but not registered: %s
06-28 07:07:15.524  9692  9692 D nativeloader: Load libframework-connectivity-jni.so using APEX ns com_android_tethering for caller /apex/com.android.tethering/javalib/framework-connectivity.jar: ok
06-28 07:07:15.546  5927  6717 W UsageReportingOptionsSt: INTERNAL_ERROR: setPlayPassOptIn failed with null account [CONTEXT service_id=41 ]
06-28 07:07:15.555  9692  9692 V GraphicsEnvironment: Currently set values for:
06-28 07:07:15.555  9692  9692 V GraphicsEnvironment:   angle_gl_driver_selection_pkgs=[]
06-28 07:07:15.555  9692  9692 V GraphicsEnvironment:   angle_gl_driver_selection_values=[]
06-28 07:07:15.561 21548  9672 W .adservices.api: Long monitor contention with owner blocking-1 (9674) at android.database.sqlite.SQLiteDatabase android.database.sqlite.SQLiteOpenHelper.getWritableDatabase()(SQLiteOpenHelper.java:417) waiters=0 in android.database.sqlite.SQLiteDatabase android.database.sqlite.SQLiteOpenHelper.getWritableDatabase() for 293ms
06-28 07:07:15.563  5927  6717 I UsageReportingOptionsSt: INTERNAL_ERROR: setOptInOption should not be called while user is locked. [CONTEXT service_id=41 ]
06-28 07:07:15.563  9692  9692 V GraphicsEnvironment: ANGLE GameManagerService for com.google.android.gsf: false
06-28 07:07:15.563  9692  9692 V GraphicsEnvironment: com.google.android.gsf is not listed in per-application setting
06-28 07:07:15.564  9692  9692 V GraphicsEnvironment: Neither updatable production driver nor prerelease driver is supported.
06-28 07:07:15.606 31373 31998 D CompatibilityChangeReporter: Compat change id reported: 135634846; UID 10177; state: DISABLED
06-28 07:07:15.606 31373 31998 D CompatibilityChangeReporter: Compat change id reported: 177438394; UID 10177; state: DISABLED
06-28 07:07:15.606 31373 31998 D CompatibilityChangeReporter: Compat change id reported: 135772972; UID 10177; state: DISABLED
06-28 07:07:15.606 31373 31998 D CompatibilityChangeReporter: Compat change id reported: 135754954; UID 10177; state: ENABLED
06-28 07:07:15.607 31373 31405 D CompatibilityChangeReporter: Compat change id reported: 143937733; UID 10177; state: ENABLED
06-28 07:07:15.615  9470  9475 W android.vending: Suspending all threads took: 19.688ms
06-28 07:07:15.660 31149 31149 D Zygote  : Forked child process 9714
06-28 07:07:15.661 31373 31405 W ActivityManager: Slow operation: 56ms so far, now at startProcess: returned from zygote!
06-28 07:07:15.662 31373 31405 W ActivityManager: Slow operation: 57ms so far, now at startProcess: done updating battery stats
06-28 07:07:15.662 31373 31405 W ActivityManager: Slow operation: 57ms so far, now at startProcess: building log message
06-28 07:07:15.662 31373 31405 I ActivityManager: Start proc 9714:com.google.process.gapps/u0a177 for content provider {com.google.android.gsf/com.google.android.gsf.settings.GoogleSettingsProvider}
06-28 07:07:15.662 31373 31405 W ActivityManager: Slow operation: 57ms so far, now at startProcess: starting to update pids map
06-28 07:07:15.663 31373 31405 W ActivityManager: Slow operation: 58ms so far, now at startProcess: done updating pids map
06-28 07:07:15.677 21548 21640 I cobalt.periodic: Start log creation and sending
06-28 07:07:15.685 21548 21614 D downloader2: New request enqueued, running queue: https://www.gstatic.com/mdi-serving/rubidium-adservices-ui-ota-strings/4265/91ac5d17ab9f2445a3462f98f5249a73e9b0e235
06-28 07:07:15.685 21548 21614 D downloader2: Connectivity satisfied; running request. uri=https://www.gstatic.com/mdi-serving/rubidium-adservices-ui-ota-strings/4265/91ac5d17ab9f2445a3462f98f5249a73e9b0e235
06-28 07:07:15.686 21548 21636 D downloader2: New request enqueued, running queue: https://www.gstatic.com/mdi-serving/rubidium-adservices-topics-classifier/1986/9e98784bcdb26a3eb2ab3f65ee811f43177c761f
06-28 07:07:15.686 21548 21636 D downloader2: Connectivity satisfied; running request. uri=https://www.gstatic.com/mdi-serving/rubidium-adservices-topics-classifier/1986/9e98784bcdb26a3eb2ab3f65ee811f43177c761f
06-28 07:07:15.688 21548 21636 I downloader2: Exceeded max concurrent downloads, not running another queued request
06-28 07:07:15.688 21548 21639 D downloader2: New request enqueued, running queue: https://www.gstatic.com/mdi-serving/rubidium-adservices-adtech-enrollment/11167/b5d1a96edb6a1f0a4859f71195a3dae118baacfc
06-28 07:07:15.688 21548 21639 I downloader2: Exceeded max concurrent downloads, not running another queued request
06-28 07:07:15.704  9470  9585 W android.vending: Long monitor contention with owner LightweightExecutor #3 (9586) at j$.util.Optional taj.g()(PG:3) waiters=0 in java.lang.Object pzi.F() for 632ms
06-28 07:07:15.706  9470  9585 I Finsky  : [20896] Device is eligible for platform Cronet and will attempt to use it.
06-28 07:07:15.728  9714  9714 I e.process.gapps: Using CollectorTypeCC GC.
06-28 07:07:15.735  9470  9586 I Finsky  : [20897] Subscription detail: DataSubscriptionInfo{groupIdLevel1=FF, serviceProviderName=[smL9vjblothCAA7AK7cXmt1ojte_fX1leAGJ4V-Gn6A], simCarrierId=1515}
06-28 07:07:15.740  9714  9714 E e.process.gapps: Not starting debugger since process cannot load the jdwp agent.
06-28 07:07:15.761  9714  9714 D nativeloader: Load libframework-connectivity-tiramisu-jni.so using APEX ns com_android_tethering for caller /apex/com.android.tethering/javalib/framework-connectivity-t.jar: ok
06-28 07:07:15.767  9470  9609 W android.vending: Verification of bihs bpmm.a(bpjw, bpkt) took 114.518ms (15106.75 bytecodes/s) (32656B approximate peak alloc)
06-28 07:07:15.771  9714  9714 D ActivityThread: setConscryptValidator
06-28 07:07:15.771  9714  9714 D ActivityThread: setConscryptValidator - put
06-28 07:07:15.780 31373  1033 D CompatibilityChangeReporter: Compat change id reported: 168419799; UID 10177; state: DISABLED
06-28 07:07:15.780 31373  1033 D CompatibilityChangeReporter: Compat change id reported: 273564678; UID 10177; state: DISABLED
06-28 07:07:15.795  9714  9714 D nativeloader: Load libstats_jni.so using APEX ns com_android_os_statsd for caller /apex/com.android.os.statsd/javalib/framework-statsd.jar: ok
06-28 07:07:15.798  8312  8540 D EdgeTutorPerf: query_stage_timing doc_id=5 prompt_build_ms=790
06-28 07:07:15.800  8312  8540 D EdgeTutorPerf: query_route doc_id=5 query_route=GENERAL route_reason=support_classifier_rejected max_sim=0.70141876 route_threshold=0.35 support_score=0.30295175 support_threshold=0.5 support_classifier_ms=95
06-28 07:07:15.800  9714  9714 D CompatibilityChangeReporter: Compat change id reported: 171979766; UID 10177; state: ENABLED
06-28 07:07:15.800  9714  9714 D CompatibilityChangeReporter: Compat change id reported: 242716250; UID 10177; state: ENABLED
06-28 07:07:15.809  8312  8540 D EdgeTutorPerf: prompt_metrics doc_id=5 prompt_policy=1x800 retrieved_k=5 kept_k=1 max_sim=0.70141876 kept_sim_scores=0.7014 dropped_sim_scores=0.6976,0.6801,0.6755,0.6636 context_char_cap=800 final_context_chars=803 prompt_chars=164 estimated_prompt_tokens=41 query_route=GENERAL route_reason=support_classifier_rejected route_threshold=0.35 support_score=0.30295175 support_threshold=0.5 support_classifier_ms=95
06-28 07:07:15.842 31170  9638 I HYPER-HAL: [RequestManager.cpp]releaseLocked(): Released ID : 996178
06-28 07:07:15.845 31822 31822 D SecPowerUI.Notification: showChargingNotice oldChargingType : 11 / currentChargingType : 11, oldChargingTime : 947000 / mChargingTime : 947000
06-28 07:07:15.846 31822 31822 D SecPowerUI.Notification: showChargingNotice There is no change about charging status, so return!
06-28 07:07:15.853  1399  1505 I R0      : limitGPUFreq:: freq = 598000
06-28 07:07:15.853  1399  1505 I SemDvfsHyPerManager: acquire hyper - SIOP_GPU_FREQ_MAX/1399@4, type = 536875010
06-28 07:07:15.856 31170 31184 I HYPER-HAL: [RequestManager.cpp]acquire(): Acquired ID : 984910  [1399 / 4]    HINT :      list : [GPUMaxFreq / 598000] 
06-28 07:07:15.857  1399  1505 I R0      : limitCPUFreq:: freq = 1586000
06-28 07:07:15.857  1399  1505 I SemDvfsHyPerManager: acquire hyper - SIOP_ARM_MAX/1399@2, type = 301993986
06-28 07:07:15.858 31170 31184 I HYPER-HAL: [RequestManager.cpp]acquire(): Acquired ID : 982103  [1399 / 2]    HINT :      list : [CPUMaxFreq / 1586000] 
06-28 07:07:15.861  9714  9714 D nativeloader: Configuring clns-shared-4 for other apk /system/framework/org.apache.http.legacy.jar. target_sdk_version=34, uses_libraries=ALL, library_path=/system/system_ext/priv-app/GoogleServicesFramework/lib/arm64:/system/system_ext/priv-app/GoogleServicesFramework/GoogleServicesFramework.apk!/lib/arm64-v8a:/system/lib64, permitted_path=/data:/mnt/expand:/data/user/0/com.google.android.gsf:/system/system_ext/priv-app/GoogleServicesFramework:/system/lib64
06-28 07:07:15.861  9714  9714 D nativeloader: Extending system_exposed_libraries: libhigh_dynamic_range.arcsoft.so:libaudiomirroring_jni.audiomirroring.samsung.so:libBeauty_v4.camera.samsung.so:libexifa.camera.samsung.so:libjpega.camera.samsung.so:libOpenCv.camera.samsung.so:libImageScreener.camera.samsung.so:libMyFilter.camera.samsung.so:libtensorflowLite.myfilter.camera.samsung.so:libtensorflowlite_inference_api.myfilter.camera.samsung.so:libFace_Landmark_API.camera.samsung.so:libHpr_RecGAE_cvFeature_v1.0.camera.samsung.so:libHprFace_GAE_api.camera.samsung.so:libFacialBasedSelfieCorrection.camera.samsung.so:libHprFace_GAE_jni.camera.samsung.so:libObjectAndSceneClassification_2.5_OD.camera.samsung.so:libQREngine.camera.samsung.so:libEventDetector.camera.samsung.so:libFood.camera.samsung.so:libFoodDetector.camera.samsung.so:libPortraitSolution.camera.samsung.so:libsrib_CNNInterface.camera.samsung.so:libsrib_humanaware_engine.camera.samsung.so:libInteractiveSegmentation.camera.samsung.so:libsmart_cropping.camera.samsung.so:libMultiFrameProcessing10.camer
06-28 07:07:15.891 31150 31233 V APM_AudioPolicyManager: setAppState(portId:1714, state:1)
06-28 07:07:15.900  8312  8540 D EdgeTutorPerf: llm_thinking_config enable_thinking=false verified=true
06-28 07:07:15.901  8312  8540 D MnnEngine: Verified effective config enable_thinking=false
06-28 07:07:15.902  9470  9595 W Settings: Setting download_manager_max_bytes_over_mobile has moved from android.provider.Settings.Secure to android.provider.Settings.Global.
06-28 07:07:15.909  9470  9595 I Finsky  : [20898] SettingNotFoundException, fall through to G.downloadBytesOverMobileMaximum
06-28 07:07:15.909  9470  9595 W Settings: Setting download_manager_recommended_max_bytes_over_mobile has moved from android.provider.Settings.Secure to android.provider.Settings.Global.
06-28 07:07:15.912  9714  9714 D nativeloader: Configuring clns-shared-5 for other apk /system/system_ext/priv-app/GoogleServicesFramework/GoogleServicesFramework.apk. target_sdk_version=34, uses_libraries=, library_path=/system/system_ext/priv-app/GoogleServicesFramework/lib/arm64:/system/system_ext/priv-app/GoogleServicesFramework/GoogleServicesFramework.apk!/lib/arm64-v8a:/system/lib64, permitted_path=/data:/mnt/expand:/data/user/0/com.google.android.gsf:/system/system_ext/priv-app/GoogleServicesFramework:/system/lib64
06-28 07:07:15.922 31150 31233 V APM_AudioPolicyManager: setAppState(portId:1714, state:1)
06-28 07:07:15.931  9470  9595 I Finsky  : [20898] SettingNotFoundException, fall through to G.downloadBytesOverMobileRecommended
06-28 07:07:15.954  9470  9739 D cr_CronetLibraryLoader: [CronetLibraryLoader.java:171] Not loading HTTP flags because they are disabled in the manifest
06-28 07:07:15.960  9470  9697 W android.vending: Verification of java.lang.Object mqk.call() took 156.862ms (11832.03 bytecodes/s) (53672B approximate peak alloc)
06-28 07:07:15.987  9714  9714 D nativeloader: Load libframework-connectivity-jni.so using APEX ns com_android_tethering for caller /apex/com.android.tethering/javalib/framework-connectivity.jar: ok
06-28 07:07:16.032 21548 21640 I cobalt.periodic: Start observation generation
06-28 07:07:16.033  9714  9714 V GraphicsEnvironment: Currently set values for:
06-28 07:07:16.033  9714  9714 V GraphicsEnvironment:   angle_gl_driver_selection_pkgs=[]
06-28 07:07:16.033  9714  9714 V GraphicsEnvironment:   angle_gl_driver_selection_values=[]
06-28 07:07:16.033  9470  9585 D nativeloader: Load libmainlinecronet.126.0.6423.0.so using APEX ns com_android_tethering for caller /apex/com.android.tethering/javalib/framework-connectivity.jar: ok
06-28 07:07:16.040  9714  9714 V GraphicsEnvironment: ANGLE GameManagerService for com.google.android.gsf: false
06-28 07:07:16.040  9714  9714 V GraphicsEnvironment: com.google.android.gsf is not listed in per-application setting
06-28 07:07:16.041  9714  9714 V GraphicsEnvironment: Neither updatable production driver nor prerelease driver is supported.
06-28 07:07:16.081  9470  9595 W android.vending: Verification of bycu bdov.b(bycu, bycu) took 106.201ms (207.15 bytecodes/s) (2720B approximate peak alloc)
06-28 07:07:16.128  9470  9609 W android.vending: Verification of void bpwk.A(bnfh, bnfy, boolean, java.util.HashSet) took 282.251ms (747.56 bytecodes/s) (7296B approximate peak alloc)
06-28 07:07:16.134 31373 31759 D NetdEventListenerService: DNS Requested by 205, 10303, 381
06-28 07:07:16.134 31373 31759 D NetdEventListenerService: DNS Requested by 205, 10303, 368
06-28 07:07:16.152 21548  9715 D TrafficStats: tagSocket(80) with statsTag=0xffffffff, statsUid=-1
06-28 07:07:16.155 21548  9672 D TrafficStats: tagSocket(81) with statsTag=0xffffffff, statsUid=-1
06-28 07:07:16.162 31173 31699 I bauth_FPBAuthService: pcf : 0x1012, 0 ,2 ,0 ,0 ,0 ,2, 0.0.0.0
06-28 07:07:16.163 31173 31699 I bauth_FPBAuthService: thread id : 2, preenroll_flag : 0, nd cnt : 1, cso : 2, et : 0
06-28 07:07:16.163 31173 31699 I bauth_FPBAuthService: FPBAuthService, 11444
06-28 07:07:16.166 21548 21640 I cobalt.periodic: Generating observations for day 20631 for report ReportKey{customerId=200004, projectId=2, metricId=1, reportId=3}
06-28 07:07:16.182  9470  9470 I Finsky  : [2] AIM: AppInfoManager-Perf > Creating AppInfoManager ...
06-28 07:07:16.200  9470  9739 D ConnectivityManager: StackLog: [android.net.ConnectivityManager.sendRequestForNetwork(ConnectivityManager.java:4692)] [android.net.ConnectivityManager.registerDefaultNetworkCallbackForUid(ConnectivityManager.java:5381)] [android.net.ConnectivityManager.registerDefaultNetworkCallback(ConnectivityManager.java:5348)] [android.net.connectivity.org.chromium.base.compat.ApiHelperForO.registerDefaultNetworkCallback(ApiHelperForO.java:128)] [android.net.connectivity.org.chromium.net.NetworkChangeNotifierAutoDetect$ConnectivityManagerDelegate.registerDefaultNetworkCallback(NetworkChangeNotifierAutoDetect.java:442)] [android.net.connectivity.org.chromium.net.NetworkChangeNotifierAutoDetect.register(NetworkChangeNotifierAutoDetect.java:1150)] [android.net.connectivity.org.chromium.net.NetworkChangeNotifierAutoDetect$RegistrationPolicy.register(NetworkChangeNotifierAutoDetect.java:919)] [android.net.connectivity.org.chromium.net.RegistrationPolicyAlwaysRegister.init(RegistrationPolicyAlwaysRegister.java:13)] [android.net.connectivity.org.chromium.net.NetworkChangeNotifierAutoDetect.<init>(NetworkChangeNotifierAutoDetect.java:1072)] [android.net.connectivity.org.chromium.net.NetworkChangeNotifier.setAutoDetectConnectivityStateInternal(NetworkChangeNotifier.java:218)] [android.net.connectivity.org.chromium.net.NetworkChangeNotifier.setAutoDetectConnectivityStateInternal(NetworkChangeNotifier.java:205)] [android.net.connectivity.org.chromium.net.NetworkChangeNotifier.registerToReceiveNotificationsAlways(NetworkChangeNotifier.java:180)] [android.net.connectivity.org.chromium.net.impl.CronetLibraryLoader.initializeOnInitThread(CronetLibraryLoader.java:197)] [android.net.connectivity.org.chromium.net.impl.CronetLibraryLoader.lambda$ensureInitialized$0(CronetLibraryLoader.java:104)] [android.net.connectivity.org.chromium.net.impl.CronetLibraryLoader$$ExternalSyntheticLambda1.run(D8$$SyntheticClass:0)]
06-28 07:07:16.203 31373 31387 D ConnectivityService: requestNetwork for uid/pid:15010176/9470 activeRequest: null callbackRequest: 42349 [NetworkRequest [ REQUEST id=42350, [ Capabilities: INTERNET&NOT_RESTRICTED&TRUSTED&NOT_VCN_MANAGED Uid: 15010176 RequestorUid: 15010176 RequestorPkg: com.android.vending UnderlyingNetworks: Null] ]] callback flags: 0 order: 2147483647 isUidTracked: false declaredMethods: ALL
06-28 07:07:16.205  9714  9746 I carui   : CarUi plugin is disabled
06-28 07:07:16.207   418   418 D io_stats: !@ 179,24 r 250427 3038680 w 5386 316379 d 0 0 f 0 0 iot 374460 0 th 0 0 0 pt 0 inp 0 0 488810.843
06-28 07:07:16.207   418   418 D io_stats: !@ 179,0 r 316484584 4779779190 w 28093445 320017052 d 8533683 269519108 f 0 0 iot 108166936 0 th 0 0 0 pt 0 inp 0 0 488810.844
06-28 07:07:16.207 31373 31631 D ConnectivityService:    accepting network in place of null for NetworkRequest [ REQUEST id=42350, [ Capabilities: INTERNET&NOT_RESTRICTED&TRUSTED&NOT_VCN_MANAGED Uid: 15010176 RequestorUid: 15010176 RequestorPkg: com.android.vending UnderlyingNetworks: Null] ]
06-28 07:07:16.212  9470  9585 I cr_CronetLibraryLoader: Cronet version: 126.0.6423.0, arch: aarch64
06-28 07:07:16.215 31373 31602 D WifiNetworkFactory: got request NetworkRequest [ REQUEST id=42350, [ Capabilities: INTERNET&NOT_RESTRICTED&TRUSTED&NOT_VCN_MANAGED Uid: 15010176 RequestorUid: 15010176 RequestorPkg: com.android.vending UnderlyingNetworks: Null] ]
06-28 07:07:16.215 31373 31602 D UntrustedWifiNetworkFactory: got request NetworkRequest [ REQUEST id=42350, [ Capabilities: INTERNET&NOT_RESTRICTED&TRUSTED&NOT_VCN_MANAGED Uid: 15010176 RequestorUid: 15010176 RequestorPkg: com.android.vending UnderlyingNetworks: Null] ]
06-28 07:07:16.236  8312  8322 I m.edgetutor.mnn: NativeAlloc concurrent copying GC freed 1691KB AllocSpace bytes, 1(20KB) LOS objects, 49% free, 10MB/21MB, paused 299us,70us total 328.898ms
06-28 07:07:16.182 21548 21652 I cobalt.data: Generating observations for day index 20631 for report ReportKey{customerId=200004, projectId=2, metricId=1, reportId=3}
06-28 07:07:16.242 21548 21640 I cobalt.periodic: Generating observations for day 20631 for report ReportKey{customerId=200004, projectId=2, metricId=1, reportId=4}
06-28 07:07:16.242 21548 21640 I cobalt.periodic: Generating observations for day 20631 for report ReportKey{customerId=200004, projectId=2, metricId=2, reportId=1}
06-28 07:07:16.243 21548 21640 I cobalt.periodic: Generating observations for day 20631 for report ReportKey{customerId=200004, projectId=2, metricId=3, reportId=1}
06-28 07:07:16.243 21548 21640 I cobalt.periodic: Generating observations for day 20631 for report ReportKey{customerId=200004, projectId=2, metricId=4, reportId=1}
06-28 07:07:16.243 21548 21640 I cobalt.periodic: Generating observations for day 20631 for report ReportKey{customerId=200004, projectId=2, metricId=5, reportId=1}
06-28 07:07:16.252  9470  9585 V ExperimentalOptions: Failed to get connection_options options: No value for connection_options
06-28 07:07:16.252  9470  9585 V ExperimentalOptions: Failed to get store_server_configs_in_properties options: No value for store_server_configs_in_properties
06-28 07:07:16.252  9470  9585 V ExperimentalOptions: Failed to get max_server_configs_stored_in_properties options: No value for max_server_configs_stored_in_properties
06-28 07:07:16.252 31373 31631 D ConnectivityService: Rematched networks [computed 0ms] [applied 4ms] [issued 41]
06-28 07:07:16.252  9470  9585 V ExperimentalOptions: Failed to get goaway_sessions_on_ip_change options: No value for goaway_sessions_on_ip_change
06-28 07:07:16.253 31373 31631 D ConnectivityService: NetworkReassignment :
06-28 07:07:16.253 31373 31631 D ConnectivityService:   42350 : null → 205
06-28 07:07:16.253  9470  9585 V ExperimentalOptions: Failed to get close_sessions_on_ip_change options: No value for close_sessions_on_ip_change
06-28 07:07:16.253  9470  9585 V ExperimentalOptions: Failed to get migrate_sessions_on_network_change_v2 options: No value for migrate_sessions_on_network_change_v2
06-28 07:07:16.253  9470  9585 V ExperimentalOptions: Failed to get migrate_sessions_early_v2 options: No value for migrate_sessions_early_v2
06-28 07:07:16.253  9470  9585 V ExperimentalOptions: Failed to get disable_bidirectional_streams options: No value for disable_bidirectional_streams
06-28 07:07:16.253  9470  9585 V ExperimentalOptions: Failed to get max_time_before_crypto_handshake_seconds options: No value for max_time_before_crypto_handshake_seconds
06-28 07:07:16.253  9470  9585 V ExperimentalOptions: Failed to get max_idle_time_before_crypto_handshake_seconds options: No value for max_idle_time_before_crypto_handshake_seconds
06-28 07:07:16.253  9470  9585 V ExperimentalOptions: Failed to get enable_socket_recv_optimization options: No value for enable_socket_recv_optimization
06-28 07:07:16.254  9470  9585 V ExperimentalOptions: Failed to get max_stale_uses options: No value for max_stale_uses
06-28 07:07:16.254  9470  9585 V ExperimentalOptions: Failed to get persist_to_disk options: No value for persist_to_disk
06-28 07:07:16.254  9470  9585 V ExperimentalOptions: Failed to get persist_delay_ms options: No value for persist_delay_ms
06-28 07:07:16.254  9470  9585 V ExperimentalOptions: Failed to get use_stale_on_name_not_resolved options: No value for use_stale_on_name_not_resolved
06-28 07:07:16.254  9470  9585 V ExperimentalOptions: Failed to get disable_ipv6_on_wifi options: No value for disable_ipv6_on_wifi
06-28 07:07:16.257  9470  9608 W android.vending: Long monitor contention with owner LightweightExecutor #2 (9585) at java.lang.Object ccif.d()(PG:42) waiters=0 in java.lang.Object ccif.d() for 1.144s
06-28 07:07:16.258  9470  9608 I Finsky  : [20911] CronetEngine is present. Using Cronet for the networking stack.
06-28 07:07:16.259 31373 31602 D OemPaidWifiNetworkFactory: got request NetworkRequest [ REQUEST id=42350, [ Capabilities: INTERNET&NOT_RESTRICTED&TRUSTED&NOT_VCN_MANAGED Uid: 15010176 RequestorUid: 15010176 RequestorPkg: com.android.vending UnderlyingNetworks: Null] ]
06-28 07:07:16.260 31373 31602 D MultiInternetWifiNetworkFactory: got request NetworkRequest [ REQUEST id=42350, [ Capabilities: INTERNET&NOT_RESTRICTED&TRUSTED&NOT_VCN_MANAGED Uid: 15010176 RequestorUid: 15010176 RequestorPkg: com.android.vending UnderlyingNetworks: Null] ]
06-28 07:07:16.262 31373 31387 I ActivityManager: Flag disabled. Ignoring finishAttachApplication from uid: 10177. pid: 9714
06-28 07:07:16.264 21548 21552 I .adservices.api: Background concurrent copying GC freed 4347KB AllocSpace bytes, 30(1300KB) LOS objects, 65% free, 3275KB/9419KB, paused 2.537ms,63us total 183.048ms
06-28 07:07:16.264 21548 21552 W .adservices.api: Reducing the number of considered missed Gc histogram windows from 107 to 100
06-28 07:07:16.339  9470  9739 D ConnectivityManager: StackLog: [android.net.ConnectivityManager.sendRequestForNetwork(ConnectivityManager.java:4692)] [android.net.ConnectivityManager.sendRequestForNetwork(ConnectivityManager.java:4859)] [android.net.ConnectivityManager.registerNetworkCallback(ConnectivityManager.java:5241)] [android.net.connectivity.org.chromium.net.NetworkChangeNotifierAutoDetect$ConnectivityManagerDelegate.registerNetworkCallback(NetworkChangeNotifierAutoDetect.java:428)] [android.net.connectivity.org.chromium.net.NetworkChangeNotifierAutoDetect.register(NetworkChangeNotifierAutoDetect.java:1176)] [android.net.connectivity.org.chromium.net.NetworkChangeNotifierAutoDetect$RegistrationPolicy.register(NetworkChangeNotifierAutoDetect.java:919)] [android.net.connectivity.org.chromium.net.RegistrationPolicyAlwaysRegister.init(RegistrationPolicyAlwaysRegister.java:13)] [android.net.connectivity.org.chromium.net.NetworkChangeNotifierAutoDetect.<init>(NetworkChangeNotifierAutoDetect.java:1072)] [android.net.connectivity.org.chromium.net.NetworkChangeNotifier.setAutoDetectConnectivityStateInternal(NetworkChangeNotifier.java:218)] [android.net.connectivity.org.chromium.net.NetworkChangeNotifier.setAutoDetectConnectivityStateInternal(NetworkChangeNotifier.java:205)] [android.net.connectivity.org.chromium.net.NetworkChangeNotifier.registerToReceiveNotificationsAlways(NetworkChangeNotifier.java:180)] [android.net.connectivity.org.chromium.net.impl.CronetLibraryLoader.initializeOnInitThread(CronetLibraryLoader.java:197)] [android.net.connectivity.org.chromium.net.impl.CronetLibraryLoader.lambda$ensureInitialized$0(CronetLibraryLoader.java:104)] [android.net.connectivity.org.chromium.net.impl.CronetLibraryLoader$$ExternalSyntheticLambda1.run(D8$$SyntheticClass:0)]
06-28 07:07:16.340 31170  9637 I HYPER-HAL: [RequestManager.cpp]releaseLocked(): Released ID : 497843416
06-28 07:07:16.347  1399  2134 I SDHMS:C : SIOP:: AP:445 BAT:346 USB:0 CHG:442 PA:412 BLK:0 SUBBAT:0 SKIN:383 SKINF:361 SKINB:383 LRP2:383 LRF2:361 LRB2:383 AP2:383 CHG2:372 WIFI2:381 SPK2:330 VAP:442 
06-28 07:07:16.348 31373 31387 D CompatibilityChangeReporter: Compat change id reported: 319212206; UID 15010176; state: ENABLED
06-28 07:07:16.351  9470  9609 W android.vending: Verification of void bpkl.<clinit>() took 156.564ms (351.29 bytecodes/s) (2824B approximate peak alloc)
06-28 07:07:16.379 21548 21652 I cobalt.data: Generated 27 observations in 1 observation batches for day index 20631 for report ReportKey{customerId=200004, projectId=2, metricId=1, reportId=3}
06-28 07:07:16.401  9650  9650 W ziparchive: Unable to open '/data/app/~~vpAnpN40ZwscUSP73yt5iQ==/com.android.vending-wbijODFopvbjETHVsF_Oqw==/split_config.arm64_v8a.dm': No such file or directory
06-28 07:07:16.402  9650  9650 W ziparchive: Unable to open '/data/app/~~vpAnpN40ZwscUSP73yt5iQ==/com.android.vending-wbijODFopvbjETHVsF_Oqw==/split_config.arm64_v8a.dm': No such file or directory
06-28 07:07:16.403  9650  9650 W android.vending: Entry not found
06-28 07:07:16.405  9650  9650 W ziparchive: Unable to open '/data/app/~~vpAnpN40ZwscUSP73yt5iQ==/com.android.vending-wbijODFopvbjETHVsF_Oqw==/split_config.en.dm': No such file or directory
06-28 07:07:16.405  9650  9650 W ziparchive: Unable to open '/data/app/~~vpAnpN40ZwscUSP73yt5iQ==/com.android.vending-wbijODFopvbjETHVsF_Oqw==/split_config.en.dm': No such file or directory
06-28 07:07:16.406  9650  9650 W android.vending: Entry not found
06-28 07:07:16.407  9650  9650 W ziparchive: Unable to open '/data/app/~~vpAnpN40ZwscUSP73yt5iQ==/com.android.vending-wbijODFopvbjETHVsF_Oqw==/split_phonesky_data_loader.dm': No such file or directory
06-28 07:07:16.407  9650  9650 W ziparchive: Unable to open '/data/app/~~vpAnpN40ZwscUSP73yt5iQ==/com.android.vending-wbijODFopvbjETHVsF_Oqw==/split_phonesky_data_loader.dm': No such file or directory
06-28 07:07:16.408  9650  9650 W android.vending: Entry not found
06-28 07:07:16.410  9650  9650 W ziparchive: Unable to open '/data/app/~~vpAnpN40ZwscUSP73yt5iQ==/com.android.vending-wbijODFopvbjETHVsF_Oqw==/split_phonesky_data_loader.config.arm64_v8a.dm': No such file or directory
06-28 07:07:16.410  9650  9650 W ziparchive: Unable to open '/data/app/~~vpAnpN40ZwscUSP73yt5iQ==/com.android.vending-wbijODFopvbjETHVsF_Oqw==/split_phonesky_data_loader.config.arm64_v8a.dm': No such file or directory
06-28 07:07:16.411  9650  9650 W android.vending: Entry not found
06-28 07:07:16.412  9650  9650 W ziparchive: Unable to open '/data/app/~~vpAnpN40ZwscUSP73yt5iQ==/com.android.vending-wbijODFopvbjETHVsF_Oqw==/split_phonesky_webrtc_native_lib.dm': No such file or directory
06-28 07:07:16.412  9650  9650 W ziparchive: Unable to open '/data/app/~~vpAnpN40ZwscUSP73yt5iQ==/com.android.vending-wbijODFopvbjETHVsF_Oqw==/split_phonesky_webrtc_native_lib.dm': No such file or directory
06-28 07:07:16.413  9650  9650 W android.vending: Entry not found
06-28 07:07:16.413  9470  9595 I Finsky  : [20898] Initializing pausers from value store.
06-28 07:07:16.414  9650  9650 W ziparchive: Unable to open '/data/app/~~vpAnpN40ZwscUSP73yt5iQ==/com.android.vending-wbijODFopvbjETHVsF_Oqw==/split_phonesky_webrtc_native_lib.config.arm64_v8a.dm': No such file or directory
06-28 07:07:16.414  9650  9650 W ziparchive: Unable to open '/data/app/~~vpAnpN40ZwscUSP73yt5iQ==/com.android.vending-wbijODFopvbjETHVsF_Oqw==/split_phonesky_webrtc_native_lib.config.arm64_v8a.dm': No such file or directory
06-28 07:07:16.419  9650  9650 W android.vending: Entry not found
06-28 07:07:16.421  9650  9650 D nativeloader: Configuring clns-5 for other apk /data/app/~~vpAnpN40ZwscUSP73yt5iQ==/com.android.vending-wbijODFopvbjETHVsF_Oqw==/base.apk:/data/app/~~vpAnpN40ZwscUSP73yt5iQ==/com.android.vending-wbijODFopvbjETHVsF_Oqw==/split_config.arm64_v8a.apk:/data/app/~~vpAnpN40ZwscUSP73yt5iQ==/com.android.vending-wbijODFopvbjETHVsF_Oqw==/split_config.en.apk:/data/app/~~vpAnpN40ZwscUSP73yt5iQ==/com.android.vending-wbijODFopvbjETHVsF_Oqw==/split_phonesky_data_loader.apk:/data/app/~~vpAnpN40ZwscUSP73yt5iQ==/com.android.vending-wbijODFopvbjETHVsF_Oqw==/split_phonesky_data_loader.config.arm64_v8a.apk:/data/app/~~vpAnpN40ZwscUSP73yt5iQ==/com.android.vending-wbijODFopvbjETHVsF_Oqw==/split_phonesky_webrtc_native_lib.apk:/data/app/~~vpAnpN40ZwscUSP73yt5iQ==/com.android.vending-wbijODFopvbjETHVsF_Oqw==/split_phonesky_webrtc_native_lib.config.arm64_v8a.apk. target_sdk_version=37, uses_libraries=, library_path=/data/app/~~vpAnpN40ZwscUSP73yt5iQ==/com.android.vending-wbijODFopvbjETHVsF_Oqw==/lib/arm64:/data/app/~~vpAnpN40ZwscUSP73yt5iQ==/com.and
06-28 07:07:16.429  9470  9595 I Finsky  : [20898] IQ::HLD: Callers (Pausers) in PauseUpdatesCallersValueStore: []
06-28 07:07:16.434 31373 32588 I SemDvfsHyPerManager: acquire hyper - AMS_RESUME_TAIL/31373@16, type = -999
06-28 07:07:16.434 31373 32588 I SemDvfsHyPerManager: acquire hyper - AMS_ACT_LAZY/31373@17, type = -999
06-28 07:07:16.434 31373 32588 D ActivityManagerPerformance: AMP_acquire() TAIL
06-28 07:07:16.434 31170 31184 I HYPER-HAL: [RequestManager.cpp]acquire(): Acquired ID : 492650371  [31373 / 16]    HINT : AMS_RESUME_TAIL    list : 
06-28 07:07:16.435 31373 32588 D ActivityManagerPerformance: AMP_release() ACT_START
06-28 07:07:16.435 31170 31184 I HYPER-HAL: [RequestManager.cpp]releaseLocked(): Released ID : 492587592
06-28 07:07:16.449 31373 31387 D KNOX_MDM_SettingsProvider: isChangeAllowed() : name = assisted_gps_enabled
06-28 07:07:16.450 31373 31387 D KNOX_MDM_SettingsProvider: edmUri: content://com.sec.knox.provider/RestrictionPolicy3
06-28 07:07:16.450 31373 31387 D KNOX_MDM_SettingsProvider: projectionArgs: isSettingsChangesAllowed
06-28 07:07:16.450 31373 31387 D KNOX_MDM_SettingsProvider: selectionArgs: false
06-28 07:07:16.450 31373 31387 D KNOX_MDM_SettingsProvider: selectionArgs: 15010177
06-28 07:07:16.452 31373 31387 D SecContentProvider: query(), uri = 17 selection = isSettingsChangesAllowed
06-28 07:07:16.452 31373 31387 D SecContentProvider: called from com.google.uid.shared:10177
06-28 07:07:16.453 31373 31387 D EnterpriseUtils: getCallingOrCurrentUserId(): move: cxtInfo.mContainerId = 150
06-28 07:07:16.453 31373 31387 D RestrictionPolicy: isSettingsChangesAllowedAsUser, userId 150 : true
06-28 07:07:16.453 31373 31387 D KNOX_MDM_SettingsProvider: ret = 1
06-28 07:07:16.455 31373 31631 D ConnectivityService: Rematched networks [computed 1ms] [applied 5ms] [issued 33]
06-28 07:07:16.455 31373 31631 D ConnectivityService: NetworkReassignment : no changes
06-28 07:07:16.461  9470  9609 W android.vending: Verification of bpxf bprt.a(int) took 107.966ms (213.03 bytecodes/s) (2344B approximate peak alloc)
06-28 07:07:16.471  9650  9650 D nativeloader: Load libframework-connectivity-jni.so using APEX ns com_android_tethering for caller /apex/com.android.tethering/javalib/framework-connectivity.jar: ok
06-28 07:07:16.481  9692  9761 I carui   : CarUi plugin is disabled
06-28 07:07:16.483 21548 21640 I cobalt.data: Generating observations for day index 20631 for report ReportKey{customerId=200004, projectId=2, metricId=1, reportId=4}
06-28 07:07:16.494 21548 21640 I cobalt.data: Generated 1 observations in 1 observation batches for day index 20631 for report ReportKey{customerId=200004, projectId=2, metricId=1, reportId=4}
06-28 07:07:16.516  9650  9650 V GraphicsEnvironment: Currently set values for:
06-28 07:07:16.516  9650  9650 V GraphicsEnvironment:   angle_gl_driver_selection_pkgs=[]
06-28 07:07:16.516  9650  9650 V GraphicsEnvironment:   angle_gl_driver_selection_values=[]
06-28 07:07:16.528  9650  9650 V GraphicsEnvironment: ANGLE GameManagerService for com.android.vending: false
06-28 07:07:16.529  9650  9650 V GraphicsEnvironment: com.android.vending is not listed in per-application setting
06-28 07:07:16.529  9650  9650 V GraphicsEnvironment: Neither updatable production driver nor prerelease driver is supported.
06-28 07:07:16.534 26482 26735 I SettingManager_FLP: assistedGpsChanged, packageName=com.google.process.gapps / uid=15010177 / pid=9692 / value=1 / enabled=true
06-28 07:07:16.535 26482 26735 W SettingManager_FLP: Location setting was not changed but tried by com.google.process.gapps
06-28 07:07:16.537 31170  9645 I HYPER-HAL: [RequestManager.cpp]releaseLocked(): Released ID : 1534878
06-28 07:07:16.576  9470  9470 D CompatibilityChangeReporter: Compat change id reported: 263076149; UID 15010176; state: ENABLED
06-28 07:07:16.579 31373  1033 I ActivityManager: Flag disabled. Ignoring finishAttachApplication from uid: 15010177. pid: 9692
06-28 07:07:16.607 21548 21637 D nativeloader: Load libhpke_jni.so using ns clns-shared-4 from class loader (caller=/apex/com.android.adservices/priv-app/AdServicesApkGoogle@351017080/AdServicesApkGoogle.apk): ok
06-28 07:07:16.672 21548 21637 I cobalt.periodic: Uploading 2 observations
06-28 07:07:16.694 31373 31387 D CompatibilityChangeReporter: Compat change id reported: 261072174; UID 10303; state: ENABLED
06-28 07:07:16.704 22725 22725 D BoundBrokerSvc: onBind: Intent { act=android.adservices.cobalt.AdServicesCobaltUploadService cmp=com.google.android.gms/.chimera.GmsBoundBrokerService }
06-28 07:07:16.704 22725 22725 D BoundBrokerSvc: Loading bound service for intent: Intent { act=android.adservices.cobalt.AdServicesCobaltUploadService cmp=com.google.android.gms/.chimera.GmsBoundBrokerService }
06-28 07:07:16.715  9470  9660 I Finsky  : [20917] ApplicationRestrictions: {}
06-28 07:07:16.729  9470  9609 W android.vending: Verification of java.util.List cewa.v(java.util.List, int) took 144.718ms (18297.58 bytecodes/s) (76960B approximate peak alloc)
06-28 07:07:16.783  9650  9650 W android.vending: Verification of void pxl.k() took 133.692ms (10187.53 bytecodes/s) (40792B approximate peak alloc)
06-28 07:07:16.848  9470  9604 I Finsky  : [20907] CronetEngine is present. Using Cronet for the networking stack.
06-28 07:07:16.886 31170  9754 I HYPER-HAL: [RequestManager.cpp]releaseLocked(): Released ID : 492650371
06-28 07:07:16.902  9650  9650 W android.vending: Verification of java.lang.Object cche.y() took 110.000ms (1118.18 bytecodes/s) (5376B approximate peak alloc)
06-28 07:07:17.016 21548  9674 D downloader2: Got URL response, starting to read response body. uri=https://www.gstatic.com/mdi-serving/rubidium-adservices-ui-ota-strings/4265/91ac5d17ab9f2445a3462f98f5249a73e9b0e235
06-28 07:07:17.027 22725  1335 I AdServicesCobaltUploadB: Cobalt: uploaded encrypted envelope [CONTEXT service_id=300 ]
06-28 07:07:17.028 21548  9672 D downloader2: Got URL response, starting to read response body. uri=https://www.gstatic.com/mdi-serving/rubidium-adservices-topics-classifier/1986/9e98784bcdb26a3eb2ab3f65ee811f43177c761f
06-28 07:07:17.062 21827 21827 I CMHJobService: [#CMH#] onStartJob Called at Jun 28,2026 07:07:17 
06-28 07:07:17.076  9470  9470 I Finsky  : [2] AIM: AppInfoManager-Perf > getLocalApps > called: USE_CACHE
06-28 07:07:17.101 21827 21827 I CMHJobService: [#CMH#] Battery Percentage is:  0.93, High Temp: 65536
06-28 07:07:17.163 31173 31699 I bauth_FPBAuthService: pcf : 0x1012, 0 ,2 ,0 ,0 ,0 ,2, 0.0.0.0
06-28 07:07:17.163 31173 31699 I bauth_FPBAuthService: thread id : 2, preenroll_flag : 0, nd cnt : 1, cso : 2, et : 0
06-28 07:07:17.163 31173 31699 I bauth_FPBAuthService: FPBAuthService, 11444
06-28 07:07:17.168 21548  9715 D downloader2: Response body written. bytesWritten=267, uri=https://www.gstatic.com/mdi-serving/rubidium-adservices-ui-ota-strings/4265/91ac5d17ab9f2445a3462f98f5249a73e9b0e235
06-28 07:07:17.187  9470  9608 I Finsky  : [20911] PSR: Package cache is empty, setup cache.
06-28 07:07:17.239 21548  9715 D downloader2: Download complete, running queued downloads: https://www.gstatic.com/mdi-serving/rubidium-adservices-ui-ota-strings/4265/91ac5d17ab9f2445a3462f98f5249a73e9b0e235
06-28 07:07:17.239 21548  9715 I downloader2: Exceeded max concurrent downloads, not running another queued request
06-28 07:07:17.248 21548  9715 D downloader2: Queued download completed, running queued downloads: https://www.gstatic.com/mdi-serving/rubidium-adservices-ui-ota-strings/4265/91ac5d17ab9f2445a3462f98f5249a73e9b0e235
06-28 07:07:17.248 21548  9715 D downloader2: Connectivity satisfied; running request. uri=https://www.gstatic.com/mdi-serving/rubidium-adservices-adtech-enrollment/11167/b5d1a96edb6a1f0a4859f71195a3dae118baacfc
06-28 07:07:17.248 21548  9715 I downloader2: Exceeded max concurrent downloads, not running another queued request
06-28 07:07:17.272 21548  9716 D downloader2: Response body written. bytesWritten=1233, uri=https://www.gstatic.com/mdi-serving/rubidium-adservices-topics-classifier/1986/9e98784bcdb26a3eb2ab3f65ee811f43177c761f
06-28 07:07:17.275 21548  9718 D downloader2: Queued download completed, running queued downloads: https://www.gstatic.com/mdi-serving/rubidium-adservices-topics-classifier/1986/9e98784bcdb26a3eb2ab3f65ee811f43177c761f
06-28 07:07:17.275 21548  9716 D downloader2: Download complete, running queued downloads: https://www.gstatic.com/mdi-serving/rubidium-adservices-topics-classifier/1986/9e98784bcdb26a3eb2ab3f65ee811f43177c761f
06-28 07:07:17.400 21548  9715 D downloader2: Got URL response, starting to read response body. uri=https://www.gstatic.com/mdi-serving/rubidium-adservices-adtech-enrollment/11167/b5d1a96edb6a1f0a4859f71195a3dae118baacfc
06-28 07:07:17.450 31373 31706 I SemWifiLinkQualityMonitor: Link stat: 1240 / 0 / 1.10 (34) / 72 / -64.0 || 100.0 : 72.00 / B (B) || 0.18 ms / 43.69 Mbps / N || 0 / N / 0 Y / 0 Y
06-28 07:07:17.463 31373  1607 D SemWifiUsabilityStatsMonitor: onWifiUsabilityStats - seqNum 48390, isSameBssidAndFreq true
06-28 07:07:17.617 21548 21637 D downloader2: New request enqueued, running queue: https://www.gstatic.com/mdi-serving/rubidium-adservices-topics-classifier/1986/9e98784bcdb26a3eb2ab3f65ee811f43177c761f
06-28 07:07:17.624 21548 21637 D downloader2: Connectivity satisfied; running request. uri=https://www.gstatic.com/mdi-serving/rubidium-adservices-topics-classifier/1986/9e98784bcdb26a3eb2ab3f65ee811f43177c761f
06-28 07:07:17.639 21548 21637 I downloader2: Exceeded max concurrent downloads, not running another queued request
06-28 07:07:17.780 21548 21638 D SharedPreferencesImpl: Time required to fsync /data/user/0/com.google.android.adservices.api/shared_prefs/mdd_metadata_store.xml: [<1: 0, <2: 0, <4: 0, <8: 0, <16: 0, <32: 4, <64: 0, <128: 0, <256: 0, <512: 1, <1024: 0, <2048: 0, <4096: 0, <8192: 0, <16384: 0, >=16384: 0]
06-28 07:07:17.815   749   749 I HWComposer: [0] ActiveConfigToHWC, ID : 1
06-28 07:07:17.819   749   749 I LayerHistory: com.edgetutor.mnn/com.edgetutor.mnn.MainActivity$_8312#76199 Max (can't resolve refresh rate)
06-28 07:07:17.819   749   749 I SurfaceFlinger: Weight ignores com.edgetutor.mnn/com.edgetutor.mnn.MainActivity$_8312#76199 (type=Max, weight=0.01, seamlessness=Default) 0.00 Hz's 90.00 Hz
06-28 07:07:17.819   749   749 I SurfaceFlinger: scored - choose 60.00 Hz
06-28 07:07:17.826 31373 31393 D LocalDisplayAdapter: updateActiveModeLocked for d=0, mActiveModeId=2, mActiveSfDisplayMode=DisplayMode{id=1, width=720, height=1600, xDpi=268.941, yDpi=269.139, refreshRate=60.000004, appVsyncOffsetNanos=0, presentationDeadlineNanos=17666666, supportedHdrTypes=[], group=0}
06-28 07:07:17.829 31373 31393 I DisplayDeviceRepository: Display device changed: DisplayDeviceInfo{"Built-in Screen": uniqueId="local:0", 720 x 1600, modeId 2, renderFrameRate 60.000004, defaultModeId 1, supportedModes [{id=1, width=720, height=1600, fps=90.0, alternativeRefreshRates=[60.000004], supportedHdrTypes=[]}, {id=2, width=720, height=1600, fps=60.000004, alternativeRefreshRates=[90.0], supportedHdrTypes=[]}], colorMode 0, supportedColorModes [0], hdrCapabilities HdrCapabilities{mSupportedHdrTypes=[], mMaxLuminance=500.0, mMaxAverageLuminance=500.0, mMinLuminance=0.0}, allmSupported false, gameContentTypeSupported false, density 300, 268.941 x 269.139 dpi, appVsyncOff 0, presDeadline 17666666, cutout DisplayCutout{insets=Rect(0, 45 - 0, 0) waterfall=Insets{left=0, top=0, right=0, bottom=0} boundingRect={Bounds=[Rect(0, 0 - 0, 0), Rect(272, 0 - 448, 45), Rect(0, 0 - 0, 0), Rect(0, 0 - 0, 0)]} cutoutPathParserInfo={CutoutPathParserInfo{displayWidth=720 displayHeight=1600 physicalDisplayWidth=720 physicalDisplayHeight=1600 density={1.875} cutoutSpec={M 0,0 H -46.93333333333333 V 24 H 46.93333333333333 V 0 H 0 Z @dp} rotation={0} scale={1.0} physicalPixelDisplaySizeRatio={1.0}}}}, touch INTERNAL, rotation 0, type INTERNAL, address {port=0}, deviceProductInfo null, state ON, committedState ON, frameRateOverride , brightnessMinimum 0.0, brightnessMaximum 1.0, brightnessDefault 0.5019608, hdrSdrRatio NaN, FLAG_ALLOWED_TO_BE_DEFAULT_DISPLAY, FLAG_ROTATES_WITH_CONTENT, FLAG_SECURE, FLAG_SUPPORTS_PROTECTED_BUFFERS, FLAG_TRUSTED, installOrientation 0, displayShape DisplayShape{ spec=-311912193 displayWidth=720 displayHeight=1600 physicalPixelDisplaySizeRatio=1.0 rotation=0 offsetX=0 offsetY=0 scale=1.0}}
06-28 07:07:17.841  9650  9650 I Finsky  : [2] Process created at version: 52.0.21-31 [0] [PR] 936259332
06-28 07:07:17.842   749   824 I VSyncReactor: Current= 90, Period= 60, Distance= 90
06-28 07:07:17.847 21548  9718 D downloader2: Response body written. bytesWritten=286, uri=https://www.gstatic.com/mdi-serving/rubidium-adservices-adtech-enrollment/11167/b5d1a96edb6a1f0a4859f71195a3dae118baacfc
06-28 07:07:17.851 21548  9672 D downloader2: Queued download completed, running queued downloads: https://www.gstatic.com/mdi-serving/rubidium-adservices-adtech-enrollment/11167/b5d1a96edb6a1f0a4859f71195a3dae118baacfc
06-28 07:07:17.852 21548  9718 D downloader2: Download complete, running queued downloads: https://www.gstatic.com/mdi-serving/rubidium-adservices-adtech-enrollment/11167/b5d1a96edb6a1f0a4859f71195a3dae118baacfc
06-28 07:07:17.859   749   824 I VSyncReactor: Current= 90, Period= 60, Distance= 60
06-28 07:07:17.901  8312  8312 I ViewRootImpl@eb2161b[MainActivity]: onDisplayChanged oldDisplayState=2 newDisplayState=2
06-28 07:07:17.903 24964 24964 I ViewRootImpl@219ae0c[InputMethod]: onDisplayChanged oldDisplayState=2 newDisplayState=2
06-28 07:07:17.898 31373 31373 D SGM:GameManager: onDisplayChanged. displyId: 0, state: 2
06-28 07:07:17.909 31373 31373 D AODManagerService: requestReCalToTSP IsSingleTouchMode = falserequestedReCalToTSP = false / previousDisplayState = ON
06-28 07:07:17.910 31373  1385 D LiftUpHandler: [LTW] Stopped already.
06-28 07:07:17.916 21548 21652 D downloader2: New request enqueued, running queue: https://www.gstatic.com/mdi-serving/rubidium-adservices-ui-ota-strings/4265/91ac5d17ab9f2445a3462f98f5249a73e9b0e235
06-28 07:07:17.917 21548 21652 D downloader2: Connectivity satisfied; running request. uri=https://www.gstatic.com/mdi-serving/rubidium-adservices-ui-ota-strings/4265/91ac5d17ab9f2445a3462f98f5249a73e9b0e235
06-28 07:07:17.917 21548 21652 I downloader2: Exceeded max concurrent downloads, not running another queued request
06-28 07:07:17.924 31822 31876 I ViewRootImpl@784a4a6[ShellDropTarget]: onDisplayChanged oldDisplayState=2 newDisplayState=2
06-28 07:07:17.925 31822 31822 D DisplayLifecycle: updateDisplay id = 0
06-28 07:07:17.926 31822 31822 I ViewRootImpl@3f3fb11[LockscreenShortcutBlur]: onDisplayChanged oldDisplayState=2 newDisplayState=2
06-28 07:07:17.926 31822 31822 I ViewRootImpl@482a4cb[NavigationBar0]: onDisplayChanged oldDisplayState=2 newDisplayState=2
06-28 07:07:17.926 31822 31822 I ViewRootImpl@b5da397[EdgeBackGestureHandler0]: onDisplayChanged oldDisplayState=2 newDisplayState=2
06-28 07:07:17.926 31822 31822 I ViewRootImpl@8de78ad[]: onDisplayChanged oldDisplayState=2 newDisplayState=2
06-28 07:07:17.926 31822 31822 I ViewRootImpl@93147cf[NotificationShade]: onDisplayChanged oldDisplayState=2 newDisplayState=2
06-28 07:07:17.926 31822 31822 I ViewRootImpl@2b4d819[StatusBar]: onDisplayChanged oldDisplayState=2 newDisplayState=2
06-28 07:07:17.926 31822 31822 I ViewRootImpl@3487235[SecondaryHomeHandle0]: onDisplayChanged oldDisplayState=2 newDisplayState=2
06-28 07:07:17.926 31822 31822 I ViewRootImpl@84cbd31[KeyguardBiometricToastView]: onDisplayChanged oldDisplayState=2 newDisplayState=2
06-28 07:07:17.927 31822 31976 D StackScroller: onDisplayChanged for predraw skip to 2
06-28 07:07:17.931 31373 31393 D RefreshRateModeManager: updateDefaultDisplayToken: android.os.BinderProxy@e4918dc, isChanged: false
06-28 07:07:17.948 31373 31571 D SGM:FgCheckThread: onLooperPrepared(), msg: MSG_LCD_ON
06-28 07:07:17.961 12993 13002 I soft.appmanager: Background concurrent copying GC freed 24MB AllocSpace bytes, 4(80KB) LOS objects, 45% free, 28MB/52MB, paused 689us,406us total 1.074s
06-28 07:07:17.980 31373 31387 I ActivityManager: com.android.vending is exempt from freezer
06-28 07:07:17.984 31373 31387 D CompatibilityChangeReporter: Compat change id reported: 135634846; UID 15010176; state: DISABLED
06-28 07:07:17.985 31373 31387 D CompatibilityChangeReporter: Compat change id reported: 177438394; UID 15010176; state: DISABLED
06-28 07:07:17.986 31373 31387 D CompatibilityChangeReporter: Compat change id reported: 135772972; UID 15010176; state: DISABLED
06-28 07:07:17.987 31373 31387 D CompatibilityChangeReporter: Compat change id reported: 135754954; UID 15010176; state: ENABLED
06-28 07:07:17.989 31373 31405 D CompatibilityChangeReporter: Compat change id reported: 143937733; UID 15010176; state: ENABLED
06-28 07:07:17.990 31149 31149 W Zygote  : forkRepeatedly terminated due to non-simple command
06-28 07:07:17.990 31149 31149 D Zygote  : mbuffer starts with 18, nice name is , mEnd = 1215, mNext = 36, mLinesLeft = 16, mFd = 66
06-28 07:07:17.994 21548  9672 D downloader2: Got URL response, starting to read response body. uri=https://www.gstatic.com/mdi-serving/rubidium-adservices-topics-classifier/1986/9e98784bcdb26a3eb2ab3f65ee811f43177c761f
06-28 07:07:18.005 31149 31149 I Zygote  : Entering forkRepeatedly native zygote loop
06-28 07:07:18.023  8553  8553 I ViewRootImpl@4df800a[AssistantMenuFloatingIconUI]: onDisplayChanged oldDisplayState=2 newDisplayState=2
06-28 07:07:18.062 31149 31149 D Zygote  : Forked child process 9789
06-28 07:07:18.064 31373 31405 W ActivityManager: Slow operation: 85ms so far, now at startProcess: returned from zygote!
06-28 07:07:18.064 31373 31405 W ActivityManager: Slow operation: 85ms so far, now at startProcess: done updating battery stats
06-28 07:07:18.064 31373 31405 W ActivityManager: Slow operation: 86ms so far, now at startProcess: building log message
06-28 07:07:18.065 31373 31405 I ActivityManager: Start proc 9789:com.android.vending:background/u150a176 for service {com.android.vending/com.google.frameworks.client.data.android.server.play.BackgroundProcessEndpointService}
06-28 07:07:18.065 31373 31405 W ActivityManager: Slow operation: 86ms so far, now at startProcess: starting to update pids map
