06-28 07:07:21.882 31373 31373 I Telecom:SamsungTelecomServiceImpl: isInManagedCall - callingPackage : android / callingUser : UserHandle{0} / hasCrossUserAccess : true
06-28 07:07:21.909  9470  9813 W android.vending: Long monitor contention with owner Primes-1 (9602) at blbh blby.e(int, java.lang.String, boolean)(PG:17) waiters=0 in blbh blby.e(int, java.lang.String, boolean) for 1.355s
06-28 07:07:22.002 13799 13799 I Routine@Core[4.6.01.5]: Routine@Core[4.6.01.5]: PreloadNotificationListenerService: onNotificationPosted: - begin  - ($)
06-28 07:07:22.002 13799 13799 I Routine@Core[4.6.01.5]: Routine@Core[4.6.01.5]: PreloadNotificationListenerService: isScreenedOut: package on denyList  - ($)
06-28 07:07:22.013 24944 24944 I HoneySpace.NotificationListener: onNotificationPosted com.android.systemui: -1|com.android.systemui|2131363667|charging_state|10040: 0
06-28 07:07:22.013 24944 24944 I HoneySpace.NotificationListener: invalid notification: com.android.systemui UserHandle{-1}: canShowBadge is false
06-28 07:07:22.077 31822 31822 I AODNotificationManager: updateNotification() 
06-28 07:07:22.136  5927  6120 I GetConfigSnapshotOp: (REDACTED) Succeeded but not registered: %s
06-28 07:07:22.165 31173 31699 I bauth_FPBAuthService: pcf : 0x1012, 0 ,2 ,0 ,0 ,0 ,2, 0.0.0.0
06-28 07:07:22.165 31173 31699 I bauth_FPBAuthService: thread id : 2, preenroll_flag : 0, nd cnt : 1, cso : 2, et : 0
06-28 07:07:22.165 31173 31699 I bauth_FPBAuthService: FPBAuthService, 11444
06-28 07:07:22.208 31822 31822 D BubblesManager: onEntryUpdated : shouldBubbleUp=false ,key=-1|com.android.systemui|2131363667|charging_state|10040
06-28 07:07:22.210   418   418 D io_stats: !@ 179,0 r 316487209 4779806674 w 28093785 320018556 d 8533853 269522988 f 0 0 iot 108168192 0 th 0 0 0 pt 0 inp 0 0 488816.847
06-28 07:07:22.277  9714  9824 D ProfileInstaller: Installing profile for com.google.android.gsf
06-28 07:07:22.312 31822 31822 I AODNotificationManager: updateNotification() 
06-28 07:07:22.328  9470  9813 W android.vending: Verification of bpis bkwl.b(ceru) took 193.548ms (7346.99 bytecodes/s) (26312B approximate peak alloc)
06-28 07:07:22.373  9470  9602 W android.vending: Verification of java.lang.Object bkte.apply(java.lang.Object) took 104.364ms (9303.95 bytecodes/s) (22912B approximate peak alloc)
06-28 07:07:22.500  8312  8412 I FenceTime: getSignalTime (28 ms)
06-28 07:07:22.711  9789  9789 I Finsky:background: [2] [BGP] Initializing early flags...
06-28 07:07:22.712  9789  9789 I Finsky:background: [2] [BGP] Initializing Gservices...
06-28 07:07:22.798  9789  9789 I Finsky:background: [2] [BGP] Initializing flags...
06-28 07:07:22.803 31822 31822 I AODNotificationManager: updateNotification() 
06-28 07:07:22.853  9650  9650 W android.vending: Long monitor contention with owner LightweightExecutor #1 (9801) at java.util.List nzo.i()(PG:48) waiters=0 in java.util.List nzo.i() for 278ms
06-28 07:07:23.101  9650  9650 I Finsky  : [2] Profiling: window_size_ms=300000 delay_ms=47043
06-28 07:07:23.165 31173 31699 I bauth_FPBAuthService: pcf : 0x1012, 0 ,2 ,0 ,0 ,0 ,2, 0.0.0.0
06-28 07:07:23.166 31173 31699 I bauth_FPBAuthService: thread id : 2, preenroll_flag : 0, nd cnt : 1, cso : 2, et : 0
06-28 07:07:23.166 31173 31699 I bauth_FPBAuthService: FPBAuthService, 11444
06-28 07:07:23.299  9650  9650 I Finsky  : [2] Profiling: Starting up (286)
06-28 07:07:23.339  9470  9813 W android.vending: Verification of rb oke.f(ft) took 243.208ms (24.67 bytecodes/s) (2280B approximate peak alloc)
06-28 07:07:23.406  9470  9813 I Finsky  : [20942] playLoggingServerUrl: https://play.googleapis.com/play/log
06-28 07:07:23.407  9470  9813 I Finsky  : [20942] playLoggingServerTimestampUrl: https://play.googleapis.com/play/log/timestamp
06-28 07:07:23.449  9470  9609 W android.vending: Verification of void bpyx.w(java.util.List) took 372.570ms (1044.10 bytecodes/s) (10984B approximate peak alloc)
06-28 07:07:23.449  9650  9802 I Finsky  : [20901] akrg - Registering in memory receiver for android.intent.action.PACKAGE_ADDED and android.intent.action.PACKAGE_REMOVED
06-28 07:07:23.510  9789  9789 W ding:background: Verification of java.lang.Object msx.a() took 129.120ms (4120.19 bytecodes/s) (14640B approximate peak alloc)
06-28 07:07:23.520 31373  1607 D SemWifiUsabilityStatsMonitor: onWifiUsabilityStats - seqNum 48392, isSameBssidAndFreq true
06-28 07:07:23.521 31373 31706 I SemWifiLinkQualityMonitor: Link stat: 569 / 0 / 1.67 (10) / 72 / -63.0 || 100.0 : 72.00 / B (B) || 0.44 ms / 18.26 Mbps / N || 0 / N / 0 Y / 0 Y
06-28 07:07:23.600  9470  9813 W android.vending: Verification of void blzb.g(java.lang.String, cbbg, byte[], long, cbbn, byte[], byte[], java.lang.String[]) took 109.857ms (9221.08 bytecodes/s) (23544B approximate peak alloc)
06-28 07:07:23.884 31373 32026 I ActivityManager: Flag disabled. Ignoring finishAttachApplication from uid: 10176. pid: 9650
06-28 07:07:23.890  9789  9789 W ding:background: Verification of bycq byeh.b(bycu, int) took 332.811ms (18406.79 bytecodes/s) (152832B approximate peak alloc)
06-28 07:07:23.919  3791 23177 I FusedLocation: (REDACTED) location delivery to %s blocked - too close
06-28 07:07:23.920  3791 23177 I FusedLocation: (REDACTED) location delivery to %s blocked - too fast
06-28 07:07:23.921  3791 23177 I FusedLocation: (REDACTED) location delivery to %s blocked - too close
06-28 07:07:23.938  3791 23177 I FusedLocation: (REDACTED) location delivery to %s blocked - too close
06-28 07:07:23.971 31373 32153 D SLocation: PositionManager - Passive handleLocationChanged fused 1782630443918
06-28 07:07:23.972 31373 32153 I SLocation: PositionManager - do not refresh last location about fused location
06-28 07:07:23.972 31373 32153 D SLocation: ARDistanceBigData - BIGDATA ARD - receive location
06-28 07:07:23.972 31373 32153 D SLocation: ARDistanceBigData - BIGDATA ARD disabled, onReceiveLocation
06-28 07:07:23.972 31373 32153 D SLocation: PositionManager - receive fused location
06-28 07:07:23.988  9470  9813 W android.vending: Verification of boolean blzb.j() took 330.368ms (8460.25 bytecodes/s) (61768B approximate peak alloc)
06-28 07:07:23.991 31373 32026 D PackageManager: setEnabledSetting : userId = 150 packageName = com.android.vending cmp = com.android.vending.AssetBrowserActivity newState = 1 callingPackage = com.android.vending
06-28 07:07:23.992 31373 32026 D ApplicationPolicy: getApplicationStateEnabled : pkg = com.android.vending userId : 150
06-28 07:07:24.010 31373 32026 D ApplicationPolicy: getApplicationStateEnabled : state = 8
06-28 07:07:24.010 31373 32026 D EnterpriseUtils: getCallingOrCurrentUserId(): move: cxtInfo.mContainerId = 150
06-28 07:07:24.010 31373 32026 D ApplicationPolicy: getApplicationComponentState : pkg = com.android.vending userId : 150
06-28 07:07:24.084  9470  9585 I Finsky  : [20896] registerListener
06-28 07:07:24.126  9789  9789 I Finsky:background: [2] Finished reading experiment flags from file [0tGUNCGIkbk4o6-fQ335kUYSKwVj4lusnHT-A5Dsy08] numFlags=2434.
06-28 07:07:24.135  9470  9585 I Finsky  : [20896] DFS: Listener added for taw@3c1a567
06-28 07:07:24.135  9470  9585 I Finsky  : [20896] registerListener
06-28 07:07:24.166 31173 31699 I bauth_FPBAuthService: pcf : 0x1012, 0 ,2 ,0 ,0 ,0 ,2, 0.0.0.0
06-28 07:07:24.166 31173 31699 I bauth_FPBAuthService: thread id : 2, preenroll_flag : 0, nd cnt : 1, cso : 2, et : 0
06-28 07:07:24.166 31173 31699 I bauth_FPBAuthService: FPBAuthService, 11444
06-28 07:07:24.167  9650  9832 W android.vending: Verification of j$.time.ZonedDateTime j$.time.ZonedDateTime.now(j$.time.Clock) took 104.190ms (172.76 bytecodes/s) (2480B approximate peak alloc)
06-28 07:07:24.206  9470  9813 W android.vending: Verification of java.lang.Object opr.b() took 216.236ms (795.43 bytecodes/s) (7320B approximate peak alloc)
06-28 07:07:24.211   418   418 D io_stats: !@ 179,0 r 316487719 4779809122 w 28093815 320024220 d 8533853 269522988 f 0 0 iot 108168604 0 th 0 0 0 pt 0 inp 0 0 488818.848
06-28 07:07:24.305  9470  9605 W android.vending: Verification of void arpe.e(arnv, orw, oqi, akrp, java.lang.Runnable) took 158.270ms (3948.93 bytecodes/s) (20912B approximate peak alloc)
06-28 07:07:24.340  9650  9650 I Finsky  : [2] This process start was not selected for Play memory metrics collection.
06-28 07:07:24.465  9650  9834 W android.vending: Verification of void bfzr.p(com.google.android.gms.feedback.FeedbackOptions) took 115.297ms (251.52 bytecodes/s) (2744B approximate peak alloc)
06-28 07:07:24.497  9650  9826 W android.vending: Verification of void amin.<clinit>() took 140.317ms (92.65 bytecodes/s) (2208B approximate peak alloc)
06-28 07:07:24.498  9470  9605 W android.vending: Verification of java.util.function.Function arov.compose(java.util.function.Function) took 189.778ms (73.77 bytecodes/s) (2256B approximate peak alloc)
06-28 07:07:24.507  9470  9609 W android.vending: Verification of boolean xeh.aQ(brkv) took 124.018ms (878.90 bytecodes/s) (4696B approximate peak alloc)
06-28 07:07:24.566 12993 13002 W soft.appmanager: Suspending all threads took: 8.399ms
06-28 07:07:24.609  9789  9837 D nativeloader: Load /data/app/~~vpAnpN40ZwscUSP73yt5iQ==/com.android.vending-wbijODFopvbjETHVsF_Oqw==/split_config.arm64_v8a.apk!/lib/arm64-v8a/libmappedcountercacheversionjni.so using ns clns-5 from class loader (caller=/data/app/~~vpAnpN40ZwscUSP73yt5iQ==/com.android.vending-wbijODFopvbjETHVsF_Oqw==/base.apk): ok
06-28 07:07:24.612  9650  9802 D CompatibilityChangeReporter: Compat change id reported: 183155436; UID 10176; state: ENABLED
06-28 07:07:24.703  9470  9609 W android.vending: Verification of cear xeh.bp(btku) took 112.232ms (151.47 bytecodes/s) (2624B approximate peak alloc)
06-28 07:07:24.735  9650  9834 W android.vending: Verification of bhnu bfzr.v() took 189.535ms (110.80 bytecodes/s) (2704B approximate peak alloc)
06-28 07:07:24.745 31373 31505 I ActivityManager: com.google.android.gsf is exempt from freezer by list
06-28 07:07:24.746 31373 31505 D CompatibilityChangeReporter: Compat change id reported: 135634846; UID 10177; state: DISABLED
06-28 07:07:24.751 31373 31505 D CompatibilityChangeReporter: Compat change id reported: 177438394; UID 10177; state: DISABLED
06-28 07:07:24.751 31373 31505 D CompatibilityChangeReporter: Compat change id reported: 135772972; UID 10177; state: DISABLED
06-28 07:07:24.752 31373 31505 D CompatibilityChangeReporter: Compat change id reported: 135754954; UID 10177; state: ENABLED
06-28 07:07:24.753 31373 31405 D CompatibilityChangeReporter: Compat change id reported: 143937733; UID 10177; state: ENABLED
06-28 07:07:24.778 31149 31149 D Zygote  : Forked child process 9842
06-28 07:07:24.779 31373 31405 I ActivityManager: Start proc 9842:com.google.process.gservices/u0a177 for content provider {com.google.android.gsf/com.google.android.gsf.gservices.GservicesProvider}
06-28 07:07:24.810 12993 13002 I soft.appmanager: Background concurrent copying GC freed 27MB AllocSpace bytes, 1(20KB) LOS objects, 47% free, 26MB/50MB, paused 14.263ms,9.023ms total 500.153ms
06-28 07:07:24.813  9842  9842 I ocess.gservices: Using CollectorTypeCC GC.
06-28 07:07:24.821  9842  9842 E ocess.gservices: Not starting debugger since process cannot load the jdwp agent.
06-28 07:07:24.830  9842  9842 D nativeloader: Load libframework-connectivity-tiramisu-jni.so using APEX ns com_android_tethering for caller /apex/com.android.tethering/javalib/framework-connectivity-t.jar: ok
06-28 07:07:24.836  9842  9842 D ActivityThread: setConscryptValidator
06-28 07:07:24.836  9842  9842 D ActivityThread: setConscryptValidator - put
06-28 07:07:24.837  9650  9832 W android.vending: Verification of java.lang.Object xeg.r(java.lang.String, cdvv) took 106.456ms (1700.22 bytecodes/s) (5784B approximate peak alloc)
06-28 07:07:24.841  9650  9799 I Finsky  : [20899] Finished reading experiment flags from file [8gxgwuJlxBGDAZVbPmCJlwRKZPo5Nf8HIWQVPeh9-kY] numFlags=2040.
06-28 07:07:24.863  9650  9834 W android.vending: Verification of void bgtz.<clinit>() took 125.738ms (198.83 bytecodes/s) (2656B approximate peak alloc)
06-28 07:07:24.887  9650  9799 I Finsky  : [20899] Finished reading experiment flags from file [6Xv8WvYYx61QYdA6lDQyFEhzQZoxA-82NbMk9mg8mjI] numFlags=2040.
06-28 07:07:24.918  9842  9842 D nativeloader: Load libstats_jni.so using APEX ns com_android_os_statsd for caller /apex/com.android.os.statsd/javalib/framework-statsd.jar: ok
06-28 07:07:24.923  9650  9830 W android.vending: Verification of java.lang.String asko.h(java.util.List) took 108.919ms (1266.99 bytecodes/s) (5336B approximate peak alloc)
06-28 07:07:24.940  9650  9799 I Finsky  : [20899] Finished reading experiment flags from file [2MFkRIK_sH0jwL-0WQMv7f2tGtbMn8Rb2az9hP__A_E] numFlags=2040.
06-28 07:07:24.949  9842  9842 D CompatibilityChangeReporter: Compat change id reported: 171979766; UID 10177; state: ENABLED
06-28 07:07:24.951  9842  9842 D CompatibilityChangeReporter: Compat change id reported: 242716250; UID 10177; state: ENABLED
06-28 07:07:24.963  9650  9841 W android.vending: Verification of java.lang.String aqwm.A(bywc, java.lang.String) took 130.040ms (11242.69 bytecodes/s) (38568B approximate peak alloc)
06-28 07:07:24.986  9650  9799 I Finsky  : [20899] Finished reading experiment flags from file [fmG7FiW9AFs63VusLc-OjIa9sJUJaZlCSwJRPDkU93A] numFlags=2040.
06-28 07:07:24.989 31373 31505 D PackageManager: setEnabledSetting : userId = 0 packageName = com.android.vending cmp = com.google.android.finsky.activities.DebugActivity newState = 2 callingPackage = com.android.vending
06-28 07:07:25.013  9470  9609 W android.vending: Verification of void xeh.bs(java.util.List, aeza) took 309.093ms (362.35 bytecodes/s) (4576B approximate peak alloc)
06-28 07:07:25.019  9470  9605 W android.vending: Verification of bnow oxr.a(int, boolean) took 449.412ms (13.35 bytecodes/s) (2192B approximate peak alloc)
06-28 07:07:25.051  9470  9813 W android.vending: Verification of void raw.accept(java.lang.Object) took 528.030ms (1719.60 bytecodes/s) (22000B approximate peak alloc)
06-28 07:07:25.068  9650  9802 I Finsky  : [20901] VerifyApps: Setup app restrictions monitor
06-28 07:07:25.070  9650  9834 W android.vending: Verification of bgcj bgcj.c(android.content.Context) took 203.794ms (264.97 bytecodes/s) (3736B approximate peak alloc)
06-28 07:07:25.078  9650  9832 W android.vending: Verification of void xeg.w(tgb, gfq, int) took 239.875ms (396.04 bytecodes/s) (4792B approximate peak alloc)
06-28 07:07:25.079  9842  9842 D nativeloader: Configuring clns-shared-4 for other apk /system/framework/org.apache.http.legacy.jar. target_sdk_version=34, uses_libraries=ALL, library_path=/system/system_ext/priv-app/GoogleServicesFramework/lib/arm64:/system/system_ext/priv-app/GoogleServicesFramework/GoogleServicesFramework.apk!/lib/arm64-v8a:/system/lib64, permitted_path=/data:/mnt/expand:/data/user/0/com.google.android.gsf:/system/system_ext/priv-app/GoogleServicesFramework:/system/lib64
06-28 07:07:25.079  9842  9842 D nativeloader: Extending system_exposed_libraries: libhigh_dynamic_range.arcsoft.so:libaudiomirroring_jni.audiomirroring.samsung.so:libBeauty_v4.camera.samsung.so:libexifa.camera.samsung.so:libjpega.camera.samsung.so:libOpenCv.camera.samsung.so:libImageScreener.camera.samsung.so:libMyFilter.camera.samsung.so:libtensorflowLite.myfilter.camera.samsung.so:libtensorflowlite_inference_api.myfilter.camera.samsung.so:libFace_Landmark_API.camera.samsung.so:libHpr_RecGAE_cvFeature_v1.0.camera.samsung.so:libHprFace_GAE_api.camera.samsung.so:libFacialBasedSelfieCorrection.camera.samsung.so:libHprFace_GAE_jni.camera.samsung.so:libObjectAndSceneClassification_2.5_OD.camera.samsung.so:libQREngine.camera.samsung.so:libEventDetector.camera.samsung.so:libFood.camera.samsung.so:libFoodDetector.camera.samsung.so:libPortraitSolution.camera.samsung.so:libsrib_CNNInterface.camera.samsung.so:libsrib_humanaware_engine.camera.samsung.so:libInteractiveSegmentation.camera.samsung.so:libsmart_cropping.camera.samsung.so:libMultiFrameProcessing10.camer
06-28 07:07:25.091  9650  9803 I Finsky  : [20902] RECEIVER_SINGLE_USER_SETTINGS#logWorkEndAndFinishGoAsync: TIMEOUT_BLOCKING_RECEIVER_WATCHER
06-28 07:07:25.111  9650  9802 I Finsky  : [20901] VerifyApps: Device wide unknown source restriction updated
06-28 07:07:25.117  9650  9799 I Finsky  : [20899] RECEIVER_SINGLE_USER_SETTINGS#logWorkEndAndFinishGoAsync: SUCCESS
06-28 07:07:25.126 31150 31233 V APM_AudioPolicyManager: setAppState(portId:1714, state:1)
06-28 07:07:25.131  9842  9842 D nativeloader: Configuring clns-shared-5 for other apk /system/system_ext/priv-app/GoogleServicesFramework/GoogleServicesFramework.apk. target_sdk_version=34, uses_libraries=, library_path=/system/system_ext/priv-app/GoogleServicesFramework/lib/arm64:/system/system_ext/priv-app/GoogleServicesFramework/GoogleServicesFramework.apk!/lib/arm64-v8a:/system/lib64, permitted_path=/data:/mnt/expand:/data/user/0/com.google.android.gsf:/system/system_ext/priv-app/GoogleServicesFramework:/system/lib64
06-28 07:07:25.133 31150 31233 V APM_AudioPolicyManager: setAppState(portId:1714, state:1)
06-28 07:07:25.166 31173 31699 I bauth_FPBAuthService: pcf : 0x1012, 0 ,2 ,0 ,0 ,0 ,2, 0.0.0.0
06-28 07:07:25.166 31173 31699 I bauth_FPBAuthService: thread id : 2, preenroll_flag : 0, nd cnt : 1, cso : 2, et : 0
06-28 07:07:25.166 31173 31699 I bauth_FPBAuthService: FPBAuthService, 11444
06-28 07:07:25.168  9650  9801 I Finsky  : [20900] RECEIVER_SINGLE_USER_SETTINGS#logWorkEndAndFinishGoAsync: SUCCESS
06-28 07:07:25.170  9470  9604 W android.vending: Verification of java.lang.Object trk.call() took 485.427ms (3291.95 bytecodes/s) (42632B approximate peak alloc)
06-28 07:07:25.211  9470  9609 W android.vending: Verification of qyl xeh.bv(qzm, java.lang.String, bvyv, btpo) took 155.098ms (1534.51 bytecodes/s) (9568B approximate peak alloc)
06-28 07:07:25.236  9842  9842 D nativeloader: Load libframework-connectivity-jni.so using APEX ns com_android_tethering for caller /apex/com.android.tethering/javalib/framework-connectivity.jar: ok
06-28 07:07:25.240 31150 31233 V APM_AudioPolicyManager: setAppState(portId:1714, state:1)
06-28 07:07:25.255  9789  9789 W ding:background: Verification of java.lang.Object obr.mh(java.lang.Object) took 105.621ms (15792.25 bytecodes/s) (36728B approximate peak alloc)
06-28 07:07:25.268 31373 31998 D CompatibilityChangeReporter: Compat change id reported: 161252188; UID 15010177; state: DISABLED
06-28 07:07:25.273  9842  9842 V GraphicsEnvironment: Currently set values for:
06-28 07:07:25.273  9842  9842 V GraphicsEnvironment:   angle_gl_driver_selection_pkgs=[]
06-28 07:07:25.273  9842  9842 V GraphicsEnvironment:   angle_gl_driver_selection_values=[]
06-28 07:07:25.274  9842  9842 V GraphicsEnvironment: ANGLE GameManagerService for com.google.android.gsf: false
06-28 07:07:25.274  9842  9842 V GraphicsEnvironment: com.google.android.gsf is not listed in per-application setting
06-28 07:07:25.275  9842  9842 V GraphicsEnvironment: Neither updatable production driver nor prerelease driver is supported.
06-28 07:07:25.288 31373 31998 D CompatibilityChangeReporter: Compat change id reported: 135634846; UID 15010177; state: DISABLED
06-28 07:07:25.288 31373 31998 D CompatibilityChangeReporter: Compat change id reported: 177438394; UID 15010177; state: DISABLED
06-28 07:07:25.288 31373 31998 D CompatibilityChangeReporter: Compat change id reported: 135772972; UID 15010177; state: DISABLED
06-28 07:07:25.289 31373 31998 D CompatibilityChangeReporter: Compat change id reported: 135754954; UID 15010177; state: ENABLED
06-28 07:07:25.291 31373 31405 D CompatibilityChangeReporter: Compat change id reported: 143937733; UID 15010177; state: ENABLED
06-28 07:07:25.292 31149 31149 W Zygote  : forkRepeatedly terminated due to non-simple command
06-28 07:07:25.292 31149 31149 D Zygote  : mbuffer starts with 17, nice name is , mEnd = 1201, mNext = 36, mLinesLeft = 15, mFd = 66
06-28 07:07:25.327  9650  9830 W android.vending: Verification of void asko.I(apid, gzl, gfq, int) took 201.670ms (758.66 bytecodes/s) (6024B approximate peak alloc)
06-28 07:07:25.337  9650  9834 W android.vending: Verification of boolean bgcj.handleMessage(android.os.Message) took 262.565ms (4379.86 bytecodes/s) (28264B approximate peak alloc)
06-28 07:07:25.346  9470  9605 W android.vending: Verification of arlk arnz.n(android.content.Context, avyk, oqi) took 132.778ms (384.10 bytecodes/s) (3296B approximate peak alloc)
06-28 07:07:25.353  9470  9609 W android.vending: Verification of boolean xeh.L() took 138.702ms (937.26 bytecodes/s) (4624B approximate peak alloc)
06-28 07:07:25.368 31149 31149 I Zygote  : Entering forkRepeatedly native zygote loop
06-28 07:07:25.391  9650  9832 W android.vending: Verification of cdup cdzy.c() took 113.213ms (105.99 bytecodes/s) (2208B approximate peak alloc)
06-28 07:07:25.395  9842  9842 I GservicesProvider: Gservices pushing to system: true; secure/global: true
06-28 07:07:25.412 31149 31149 D Zygote  : Forked child process 9865
06-28 07:07:25.416 31373 31405 W ActivityManager: Slow operation: 130ms so far, now at startProcess: returned from zygote!
06-28 07:07:25.416 31373 31405 W ActivityManager: Slow operation: 130ms so far, now at startProcess: done updating battery stats
06-28 07:07:25.416 31373 31405 W ActivityManager: Slow operation: 131ms so far, now at startProcess: building log message
06-28 07:07:25.418 31373 31405 I ActivityManager: Start proc 9865:com.google.android.gms/u150a177 for service {com.google.android.gms/com.google.android.gms.chimera.GmsApiService}
06-28 07:07:25.418 31373 31405 W ActivityManager: Slow operation: 132ms so far, now at startProcess: starting to update pids map
06-28 07:07:25.419 31373 31405 W ActivityManager: Slow operation: 133ms so far, now at startProcess: done updating pids map
06-28 07:07:25.434  1806  1813 I sait.sohservice: Background concurrent copying GC freed 1976KB AllocSpace bytes, 207(4140KB) LOS objects, 71% free, 2448KB/8592KB, paused 167us,47us total 116.874ms
06-28 07:07:25.457  9865  9865 I gle.android.gms: Using CollectorTypeCC GC.
06-28 07:07:25.486  9865  9865 E gle.android.gms: Not starting debugger since process cannot load the jdwp agent.
06-28 07:07:25.511  9865  9865 D nativeloader: Load libframework-connectivity-tiramisu-jni.so using APEX ns com_android_tethering for caller /apex/com.android.tethering/javalib/framework-connectivity-t.jar: ok
06-28 07:07:25.521  9865  9865 D ActivityThread: setConscryptValidator
06-28 07:07:25.522  9865  9865 D ActivityThread: setConscryptValidator - put
06-28 07:07:25.527  9470  9602 W android.vending: Long monitor contention with owner Primes-2 (9813) at oqj asox.k(android.accounts.Account)(PG:21) waiters=0 in oqj asox.k(android.accounts.Account) for 2.829s
06-28 07:07:25.538 31373  1033 D CompatibilityChangeReporter: Compat change id reported: 168419799; UID 15010177; state: DISABLED
06-28 07:07:25.539 31373  1033 D CompatibilityChangeReporter: Compat change id reported: 273564678; UID 15010177; state: DISABLED
06-28 07:07:25.541  9470  9583 W android.vending: Long monitor contention with owner Primes-2 (9813) at oqj asox.k(android.accounts.Account)(PG:21) waiters=1 in oqj asox.k(android.accounts.Account) for 1.584s
06-28 07:07:25.567 31373 31998 I ActivityManager: Flag disabled. Ignoring finishAttachApplication from uid: 10177. pid: 9842
06-28 07:07:25.597  9650  9803 I Finsky  : [20902] cubesStatesValueStore = [2, 2, 2, 2, 2, 2, 2]
06-28 07:07:25.599  9865  9865 D nativeloader: Load libstats_jni.so using APEX ns com_android_os_statsd for caller /apex/com.android.os.statsd/javalib/framework-statsd.jar: ok
06-28 07:07:25.600  9865  9865 D CompatibilityChangeReporter: Compat change id reported: 171979766; UID 15010177; state: ENABLED
06-28 07:07:25.613  9865  9865 D CompatibilityChangeReporter: Compat change id reported: 242716250; UID 15010177; state: ENABLED
06-28 07:07:25.641 31373  1033 D PackageManager: setEnabledSetting : userId = 150 packageName = com.android.vending cmp = com.google.android.finsky.wearsupport.WearSupportService newState = 2 callingPackage = com.android.vending
06-28 07:07:25.655  9470  9604 I Finsky  : [20907] Component class com.google.android.finsky.wearsupport.WearSupportService disabled via PackageManager.
06-28 07:07:25.675  9865  9865 D nativeloader: Configuring clns-4 for other apk /system/framework/org.apache.http.legacy.jar. target_sdk_version=37, uses_libraries=ALL, library_path=/data/app/~~A7h1mEG3obAD3PnTEyPKTw==/com.google.android.gms-nc-kq2nwktMYH_imtnWvyQ==/lib/arm64:/data/app/~~A7h1mEG3obAD3PnTEyPKTw==/com.google.android.gms-nc-kq2nwktMYH_imtnWvyQ==/base.apk!/lib/arm64-v8a, permitted_path=/data:/mnt/expand:/data/user/150/com.google.android.gms
06-28 07:07:25.676  9865  9865 D nativeloader: Extending system_exposed_libraries: libhigh_dynamic_range.arcsoft.so:libaudiomirroring_jni.audiomirroring.samsung.so:libBeauty_v4.camera.samsung.so:libexifa.camera.samsung.so:libjpega.camera.samsung.so:libOpenCv.camera.samsung.so:libImageScreener.camera.samsung.so:libMyFilter.camera.samsung.so:libtensorflowLite.myfilter.camera.samsung.so:libtensorflowlite_inference_api.myfilter.camera.samsung.so:libFace_Landmark_API.camera.samsung.so:libHpr_RecGAE_cvFeature_v1.0.camera.samsung.so:libHprFace_GAE_api.camera.samsung.so:libFacialBasedSelfieCorrection.camera.samsung.so:libHprFace_GAE_jni.camera.samsung.so:libObjectAndSceneClassification_2.5_OD.camera.samsung.so:libQREngine.camera.samsung.so:libEventDetector.camera.samsung.so:libFood.camera.samsung.so:libFoodDetector.camera.samsung.so:libPortraitSolution.camera.samsung.so:libsrib_CNNInterface.camera.samsung.so:libsrib_humanaware_engine.camera.samsung.so:libInteractiveSegmentation.camera.samsung.so:libsmart_cropping.camera.samsung.so:libMultiFrameProcessing10.camer
06-28 07:07:25.689 31373 31998 D PackageManager: setEnabledSetting : userId = 150 packageName = com.android.vending cmp = com.google.android.finsky.wearsupport.WearChangeListenerService newState = 2 callingPackage = com.android.vending
06-28 07:07:25.705  9865  9865 D nativeloader: Configuring clns-5 for other apk /system/framework/com.android.location.provider.jar. target_sdk_version=37, uses_libraries=ALL, library_path=/data/app/~~A7h1mEG3obAD3PnTEyPKTw==/com.google.android.gms-nc-kq2nwktMYH_imtnWvyQ==/lib/arm64:/data/app/~~A7h1mEG3obAD3PnTEyPKTw==/com.google.android.gms-nc-kq2nwktMYH_imtnWvyQ==/base.apk!/lib/arm64-v8a, permitted_path=/data:/mnt/expand:/data/user/150/com.google.android.gms
06-28 07:07:25.705  9865  9865 D nativeloader: Extending system_exposed_libraries: libhigh_dynamic_range.arcsoft.so:libaudiomirroring_jni.audiomirroring.samsung.so:libBeauty_v4.camera.samsung.so:libexifa.camera.samsung.so:libjpega.camera.samsung.so:libOpenCv.camera.samsung.so:libImageScreener.camera.samsung.so:libMyFilter.camera.samsung.so:libtensorflowLite.myfilter.camera.samsung.so:libtensorflowlite_inference_api.myfilter.camera.samsung.so:libFace_Landmark_API.camera.samsung.so:libHpr_RecGAE_cvFeature_v1.0.camera.samsung.so:libHprFace_GAE_api.camera.samsung.so:libFacialBasedSelfieCorrection.camera.samsung.so:libHprFace_GAE_jni.camera.samsung.so:libObjectAndSceneClassification_2.5_OD.camera.samsung.so:libQREngine.camera.samsung.so:libEventDetector.camera.samsung.so:libFood.camera.samsung.so:libFoodDetector.camera.samsung.so:libPortraitSolution.camera.samsung.so:libsrib_CNNInterface.camera.samsung.so:libsrib_humanaware_engine.camera.samsung.so:libInteractiveSegmentation.camera.samsung.so:libsmart_cropping.camera.samsung.so:libMultiFrameProcessing10.camer
06-28 07:07:25.725  9865  9865 D nativeloader: Configuring clns-6 for other apk /system/framework/com.android.media.remotedisplay.jar. target_sdk_version=37, uses_libraries=ALL, library_path=/data/app/~~A7h1mEG3obAD3PnTEyPKTw==/com.google.android.gms-nc-kq2nwktMYH_imtnWvyQ==/lib/arm64:/data/app/~~A7h1mEG3obAD3PnTEyPKTw==/com.google.android.gms-nc-kq2nwktMYH_imtnWvyQ==/base.apk!/lib/arm64-v8a, permitted_path=/data:/mnt/expand:/data/user/150/com.google.android.gms
06-28 07:07:25.725  9865  9865 D nativeloader: Extending system_exposed_libraries: libhigh_dynamic_range.arcsoft.so:libaudiomirroring_jni.audiomirroring.samsung.so:libBeauty_v4.camera.samsung.so:libexifa.camera.samsung.so:libjpega.camera.samsung.so:libOpenCv.camera.samsung.so:libImageScreener.camera.samsung.so:libMyFilter.camera.samsung.so:libtensorflowLite.myfilter.camera.samsung.so:libtensorflowlite_inference_api.myfilter.camera.samsung.so:libFace_Landmark_API.camera.samsung.so:libHpr_RecGAE_cvFeature_v1.0.camera.samsung.so:libHprFace_GAE_api.camera.samsung.so:libFacialBasedSelfieCorrection.camera.samsung.so:libHprFace_GAE_jni.camera.samsung.so:libObjectAndSceneClassification_2.5_OD.camera.samsung.so:libQREngine.camera.samsung.so:libEventDetector.camera.samsung.so:libFood.camera.samsung.so:libFoodDetector.camera.samsung.so:libPortraitSolution.camera.samsung.so:libsrib_CNNInterface.camera.samsung.so:libsrib_humanaware_engine.camera.samsung.so:libInteractiveSegmentation.camera.samsung.so:libsmart_cropping.camera.samsung.so:libMultiFrameProcessing10.camer
06-28 07:07:25.730  9650  9832 W android.vending: Verification of bxdu bxvm.P(bybj) took 196.596ms (35.61 bytecodes/s) (2160B approximate peak alloc)
06-28 07:07:25.740  9470  9604 I Finsky  : [20907] Component class com.google.android.finsky.wearsupport.WearChangeListenerService disabled via PackageManager.
06-28 07:07:25.793 31373  1033 D PackageManager: setEnabledSetting : userId = 0 packageName = com.android.vending cmp = com.google.android.finsky.hibernation.impl.UnhibernateActivity newState = 1 callingPackage = com.android.vending
06-28 07:07:25.795 31373  1033 D ApplicationPolicy: getApplicationStateEnabled : pkg = com.android.vending userId : 0
06-28 07:07:25.797 31373  1033 D ApplicationPolicy: getApplicationComponentState : pkg = com.android.vending userId : 0
06-28 07:07:25.799  9650  9802 I Finsky  : [20901] VerifyApps: Updating ADI Warn Mode activity enabled state
06-28 07:07:25.803  9650  9826 I Finsky  : [20912] Set UnhibernateActivity enabled state to 1
06-28 07:07:25.810 31373 31505 D PackageManager: setEnabledSetting : userId = 0 packageName = com.android.vending cmp = com.google.android.finsky.systemupdateactivity.SystemUpdateActivity newState = 1 callingPackage = com.android.vending
06-28 07:07:25.820 31373 31505 D ApplicationPolicy: getApplicationStateEnabled : pkg = com.android.vending userId : 0
06-28 07:07:25.821 31373 31505 D ApplicationPolicy: getApplicationComponentState : pkg = com.android.vending userId : 0
06-28 07:07:25.823  9650  9810 W android.vending: Long monitor contention with owner LightweightExecutor #2 (9802) at java.lang.Object ccif.d()(PG:42) waiters=0 in java.lang.Object ccif.d() for 851ms
06-28 07:07:25.832  9650  9826 I Finsky  : [20912] SysUA: Set SystemUpdateActivity enabled state to 1
06-28 07:07:25.865  9470  9602 W android.vending: Verification of void cbcs.<init>(int) took 126.442ms (47.45 bytecodes/s) (2104B approximate peak alloc)
06-28 07:07:25.903 31373 31505 D PackageManager: setEnabledSetting : userId = 0 packageName = com.android.vending cmp = com.google.android.finsky.systemcomponentupdateui.common.SystemComponentUpdateActivity newState = 0 callingPackage = com.android.vending
06-28 07:07:25.903  9650  9834 W android.vending: Verification of void bgeb.H(int, android.os.IBinder, android.os.Bundle, int) took 113.354ms (149.97 bytecodes/s) (2544B approximate peak alloc)
06-28 07:07:25.907  9650  9832 W android.vending: Verification of cctd bxvm.a() took 173.700ms (402.99 bytecodes/s) (3960B approximate peak alloc)
06-28 07:07:25.947 31373 31505 D ApplicationPolicy: getApplicationStateEnabled : pkg = com.android.vending userId : 0
06-28 07:07:25.948 31373 31505 D ApplicationPolicy: getApplicationComponentState : pkg = com.android.vending userId : 0
06-28 07:07:25.950 31373 31998 W ActivityManager: Unable to start service Intent { act=com.google.android.gms.gservices.START pkg=com.google.android.gms } U=0: not found
06-28 07:07:25.951  9650  9826 I Finsky  : [20912] SysCUA: Set {com.android.vending/com.google.android.finsky.systemcomponentupdateui.common.SystemComponentUpdateActivity} enabled state to 0
06-28 07:07:25.954 31373 31998 W ActivityManager: Unbind failed: could not find connection for android.os.BinderProxy@aa8d6ff
06-28 07:07:25.955  9842  9864 E GmsClient: unable to connect to service: com.google.android.gms.gservices.START on com.google.android.gms
06-28 07:07:25.995  9470  9605 W android.vending: Verification of java.lang.Object j$.util.stream.w.b(j$.util.stream.a, j$.util.Spliterator) took 120.620ms (223.84 bytecodes/s) (2920B approximate peak alloc)
06-28 07:07:26.008  9470  9609 W android.vending: Verification of java.lang.Object xeh.ar(int, java.lang.String, java.lang.String, android.os.Bundle, rew, int, cdvv) took 151.676ms (5023.87 bytecodes/s) (22080B approximate peak alloc)
06-28 07:07:26.018  9650  9832 W android.vending: Verification of void bxvm.aC(cbhn, bybj) took 108.194ms (258.79 bytecodes/s) (2536B approximate peak alloc)
06-28 07:07:26.167 31173 31699 I bauth_FPBAuthService: pcf : 0x1012, 0 ,2 ,0 ,0 ,0 ,2, 0.0.0.0
06-28 07:07:26.167 31173 31699 I bauth_FPBAuthService: thread id : 2, preenroll_flag : 0, nd cnt : 1, cso : 2, et : 0
06-28 07:07:26.167 31173 31699 I bauth_FPBAuthService: FPBAuthService, 11444
06-28 07:07:26.196  9650  9654 W android.vending: Suspending all threads took: 8.675ms
06-28 07:07:26.216   418   418 D io_stats: !@ 179,24 r 250427 3038680 w 5386 316379 d 0 0 f 0 0 iot 374460 0 th 0 0 0 pt 0 inp 0 0 488820.853
06-28 07:07:26.217   418   418 D io_stats: !@ 179,0 r 316488522 4779840134 w 28094001 320024892 d 8533918 269524736 f 0 0 iot 108168960 0 th 0 0 0 pt 0 inp 0 0 488820.854
06-28 07:07:26.225  9650  9832 W android.vending: Verification of void bxvm.aa(buga, bybj) took 126.132ms (229.92 bytecodes/s) (2608B approximate peak alloc)
06-28 07:07:26.311  9650  9834 W android.vending: Verification of java.lang.Object asfy.get() took 154.925ms (4221.37 bytecodes/s) (14008B approximate peak alloc)
06-28 07:07:26.312  9650  9799 W android.vending: Verification of java.lang.Object pih.a() took 102.648ms (5358.10 bytecodes/s) (14536B approximate peak alloc)
06-28 07:07:26.317  9650  9803 W android.vending: Verification of void asta.fU(banu, bbsm, zxk, java.lang.String, java.lang.String, andh, bapj, gzl, gfq, int) took 112.982ms (8523.41 bytecodes/s) (32784B approximate peak alloc)
06-28 07:07:26.325  9650  9878 W android.vending: Verification of void j$.util.l.<init>(j$.util.m) took 102.734ms (146.01 bytecodes/s) (2360B approximate peak alloc)
06-28 07:07:26.182  9470  9609 W android.vending: Verification of java.lang.Object xeh.as(int, java.lang.String, java.lang.String, android.os.Bundle, int, cdvv) took 173.649ms (4117.49 bytecodes/s) (21728B approximate peak alloc)
06-28 07:07:26.380  1399  2134 I SDHMS:C : SIOP:: AP:463 BAT:348 USB:0 CHG:455 PA:416 BLK:0 SUBBAT:0 SKIN:384 SKINF:362 SKINB:384 LRP2:384 LRF2:362 LRB2:384 AP2:384 CHG2:373 WIFI2:382 SPK2:332 VAP:444 
06-28 07:07:26.521  9650  9830 I Finsky  : [20914] VerifyApps: Resolving target for ADI Warn Mode activity
06-28 07:07:26.525  9650  9810 I Finsky  : [20903] Enqueuing libraries load for 1613096084
06-28 07:07:26.532  9650  9832 W android.vending: Verification of void bxvm.ar(cbee, bybj) took 186.639ms (155.38 bytecodes/s) (2608B approximate peak alloc)
06-28 07:07:26.539 31373  1607 D SemWifiUsabilityStatsMonitor: onWifiUsabilityStats - seqNum 48393, isSameBssidAndFreq true
06-28 07:07:26.542  5927  8434 I LocationSettings: (REDACTED) Read NLP consent from settings: %b
06-28 07:07:26.599  9470  9609 W android.vending: Verification of java.util.List xeh.au(aeza) took 263.799ms (4738.44 bytecodes/s) (31672B approximate peak alloc)
06-28 07:07:26.633  8312  8540 D EdgeTutorPerf: llm_decode_total source=query duration_ms=10727 prompt_len=59 decode_len=30 prefill_us=3638026 decode_us=6799264
06-28 07:07:26.634  8312  8540 D EdgeTutorPerf: llm_generation_result source=query visible_answer_chars=170 hidden_thinking_chars=0 blank_visible_answer=false decode_len=30
06-28 07:07:26.637  9650  9832 W android.vending: Verification of bzwl bxvm.bM(bybj) took 102.312ms (68.42 bytecodes/s) (2160B approximate peak alloc)
06-28 07:07:26.641  8312  8540 D EdgeTutorPerf: query_complete doc_id=5 query_route=GENERAL route_reason=support_classifier_rejected max_sim=0.70141876 support_score=0.30295175 support_threshold=0.5 support_classifier_ms=95 ui_visible_ttft_ms=5066 total_answer_ms=12146 prompt_tokens=59 decode_tokens=30 answer_chars=170 blank_visible_answer=false
06-28 07:07:26.647  9650  9834 W android.vending: Verification of void bfmx.run() took 302.781ms (3223.44 bytecodes/s) (28056B approximate peak alloc)
06-28 07:07:26.659  8312  8540 D EdgeTutorPerf: query_stage_timing doc_id=5 total_answer_ms=12165
06-28 07:07:26.664  8312  8677 D EdgeTutorPerf: validation_suite_progress completed=1 total=16 case_id=g1
06-28 07:07:26.676 31822 31822 D SecPowerUI.Notification: showChargingNotice oldChargingType : 11 / currentChargingType : 11, oldChargingTime : 923000 / mChargingTime : 923000
06-28 07:07:26.676 31822 31822 D SecPowerUI.Notification: showChargingNotice There is no change about charging status, so return!
06-28 07:07:26.695  9650  9830 I Finsky  : [20914] VerifyApps: Feature flag disabled, ADI Warn Mode activity target not resolved
06-28 07:07:26.699 31373 31998 D PackageManager: setEnabledSetting : userId = 0 packageName = com.android.vending cmp = com.google.android.finsky.verifier.impl.scan.adi.AdiWarnModeTrampolineActivity newState = 0 callingPackage = com.android.vending
06-28 07:07:26.704 31373 31998 D ApplicationPolicy: getApplicationStateEnabled : pkg = com.android.vending userId : 0
06-28 07:07:26.705 31373 31998 D ApplicationPolicy: getApplicationComponentState : pkg = com.android.vending userId : 0
06-28 07:07:26.715  8312  8677 D EdgeTutorPerf: query_memory_policy doc_id=5 avail_mem_mb=755 low_mem_threshold_mb=200 release_embedder=false
06-28 07:07:26.717  8312  8677 D EdgeTutorPerf: query_embed_before doc_id=5 avail_mem_mb=755 total_mem_mb=3707 low_memory=false
06-28 07:07:26.777  9650  9830 I Finsky  : [20914] VerifyApps: Successfully updated the ADI Warn Mode activity to disabled
06-28 07:07:26.777  9650  9830 I Finsky  : [20914] Starting libraries load for 1613096084
06-28 07:07:26.790 21548  9769 I CobaltUploader: Unbinding from upload service
06-28 07:07:26.794 22725 22725 D BoundBrokerSvc: onUnbind: Intent { act=android.adservices.cobalt.AdServicesCobaltUploadService cmp=com.google.android.gms/.chimera.GmsBoundBrokerService }
06-28 07:07:26.803 31373 32026 W ProcessStats: Tracking association SourceState{242d68a system/1000 BFgs #873006} whose proc state 4 is better than process ProcessState{8d5305a com.google.android.gms.persistent/10177 pkg=com.google.android.gms} proc state 5 (40 skipped)
06-28 07:07:26.810  9650  9834 W android.vending: Verification of java.lang.Object qin.a(jsh) took 135.796ms (6171.00 bytecodes/s) (29848B approximate peak alloc)
06-28 07:07:26.845 31150 31233 V APM_AudioPolicyManager: setAppState(portId:1714, state:1)
06-28 07:07:26.882  9789  9789 I Finsky:background: [2] Finished reading experiment flags from file [Se-xCc4LzNyh3UrKMIU2sUf-PUKz4oQEbpKZDMuaFno] numFlags=2040.
06-28 07:07:26.927  9650  9832 W android.vending: Verification of bxjf bxvm.l(bybj) took 112.682ms (62.12 bytecodes/s) (2160B approximate peak alloc)
06-28 07:07:27.003  9650  9879 W android.vending: Long monitor contention with owner LightweightExecutor #3 (9803) at java.lang.Object qmm.apply(java.lang.Object)(PG:225) waiters=0 in java.lang.Object aqea.a() for 1.363s
06-28 07:07:27.047  9470  9609 W android.vending: Verification of void cerq.<init>(byte[], char[], byte[], byte[], byte[]) took 184.358ms (32.55 bytecodes/s) (2360B approximate peak alloc)
06-28 07:07:27.051  9470  9892 W android.vending: Verification of void aubt.B(gzl, cdxf, gfq, int) took 145.473ms (2921.49 bytecodes/s) (11840B approximate peak alloc)
06-28 07:07:27.098 31373 32026 D CompatibilityChangeReporter: Compat change id reported: 261072174; UID 10176; state: ENABLED
06-28 07:07:27.167 31173 31699 I bauth_FPBAuthService: pcf : 0x1012, 0 ,2 ,0 ,0 ,0 ,2, 0.0.0.0
06-28 07:07:27.167 31173 31699 I bauth_FPBAuthService: thread id : 2, preenroll_flag : 0, nd cnt : 1, cso : 2, et : 0
06-28 07:07:27.167 31173 31699 I bauth_FPBAuthService: FPBAuthService, 11444
06-28 07:07:27.170  8312  8677 D EdgeTutorPerf: query_embed doc_id=5 elapsed_ms=452
06-28 07:07:27.172  8312  8677 D EdgeTutorPerf: query_embed_after doc_id=5 avail_mem_mb=748 total_mem_mb=3707 low_memory=false
06-28 07:07:27.172  8312  8677 D EdgeTutorPerf: query_stage_timing doc_id=5 query_embed_ms=453
06-28 07:07:27.173  8312  8677 D EdgeTutorPerf: query_rewrite doc_id=5 used_followup_context=false retrieval_query_chars=23 conversation_context_chars=0
06-28 07:07:27.175  8312  8677 D EdgeTutorPerf: retrieval_search doc_id=5 k=5 elapsed_ms=2
06-28 07:07:27.175  8312  8677 D EdgeTutorPerf: query_stage_timing doc_id=5 retrieval_search_ms=2
06-28 07:07:27.178 24944 24944 I HoneySpace.PackageOperationTracker: onShortcutsChanged com.android.vending - 1 UserHandle{0}
06-28 07:07:27.183 24944 31057 I HoneySpace.ShortcutDataSourceImpl: shortcut updated. ShortcutInfo {id=***, flags=0x5a4 [ImManIc-rStrRets], packageName=com.android.vending, activity=ComponentInfo{com.android.vending/com.android.vending.AssetBrowserActivity}, shortLabel=***, resId=2132020412[null], longLabel=***, resId=0[null], disabledMessage=***, resId=0[null], disabledReason=[Not disabled], categories=null, persons=null, icon=null, rank=0, timestamp=1782627245796, intents=null, extras=null}
06-28 07:07:27.184 24944 24944 I HoneySpace.HoneySpaceManagerContainer: packageUpdateEvent - com.honeyspace.sdk.source.entity.PackageOperation$ShortcutChanged@d2efb06
06-28 07:07:27.229  9650  9834 W android.vending: Verification of java.lang.Object aaym.mh(java.lang.Object) took 276.104ms (4527.27 bytecodes/s) (36800B approximate peak alloc)
06-28 07:07:27.255 31152 31152 I lmkd    : cached 0, sandbox(not0) 0
06-28 07:07:27.260 31152 31152 I lmkd    : Reclaim 'com.android.chrome' (9057), uid 10189, oom_score_adj 925, state 19 to free 60324kB rss, 39992kB swap; reason: low watermark is breached and swap is low (2220532kB < 2684352kB)
06-28 07:07:27.262 31373 31688 I ChimeraAggressivePolicyHandler: executePolicy() - triggerSource: TRIGGER_SOURCE_LMKD
06-28 07:07:27.275  9865  9865 D nativeloader: Configuring clns-7 for other apk /data/app/~~A7h1mEG3obAD3PnTEyPKTw==/com.google.android.gms-nc-kq2nwktMYH_imtnWvyQ==/base.apk. target_sdk_version=37, uses_libraries=, library_path=/data/app/~~A7h1mEG3obAD3PnTEyPKTw==/com.google.android.gms-nc-kq2nwktMYH_imtnWvyQ==/lib/arm64:/data/app/~~A7h1mEG3obAD3PnTEyPKTw==/com.google.android.gms-nc-kq2nwktMYH_imtnWvyQ==/base.apk!/lib/arm64-v8a, permitted_path=/data:/mnt/expand:/data/user/150/com.google.android.gms
06-28 07:07:27.295  8312  8677 D EdgeTutorPerf: query_stage_timing doc_id=5 prompt_build_ms=119
06-28 07:07:27.296  8312  8677 D EdgeTutorPerf: query_route doc_id=5 query_route=GENERAL route_reason=support_classifier_rejected max_sim=0.6501812 route_threshold=0.35 support_score=4.333486E-4 support_threshold=0.5 support_classifier_ms=113
06-28 07:07:27.298  8312  8677 D EdgeTutorPerf: prompt_metrics doc_id=5 prompt_policy=1x800 retrieved_k=5 kept_k=1 max_sim=0.6501812 kept_sim_scores=0.6502 dropped_sim_scores=0.6463,0.6342,0.6278,0.6215 context_char_cap=800 final_context_chars=803 prompt_chars=170 estimated_prompt_tokens=43 query_route=GENERAL route_reason=support_classifier_rejected route_threshold=0.35 support_score=4.333486E-4 support_threshold=0.5 support_classifier_ms=113
06-28 07:07:27.299 31373 31688 I ChimeraAggressivePolicyHandler: memAvailable: 722248, memFreeTarget: 819200, releaseTarget:96952, protectedLruCount: 11
06-28 07:07:27.328 31373 31505 I ActivityManager: Process com.android.chrome (pid 9057) has died: cch+25 CEM (66,687)
06-28 07:07:27.330 31373 31406 I libprocessgroup: Successfully killed process cgroup uid 10189 pid 9057 in 0ms
06-28 07:07:27.330 31373 31505 W ActivityManager: Scheduling restart of crashed service com.android.chrome/org.chromium.chrome.browser.customtabs.CustomTabsConnectionService in 7532ms for connection
06-28 07:07:27.343  9470  9892 W android.vending: Verification of void aubt.Q(aleq, cfae, aacu, ccfq, afyd, bbvk, bbvk, bbvk, com.google.android.finsky.streamclusters.engagementcontent.contract.EngagementContentHorizontalScrollerUiModel, gzl, gfq, int) took 125.417ms (2631.20 bytecodes/s) (12376B approximate peak alloc)
06-28 07:07:27.347  8312  8677 D EdgeTutorPerf: llm_thinking_config enable_thinking=false verified=true
06-28 07:07:27.347  8312  8677 D MnnEngine: Verified effective config enable_thinking=false
06-28 07:07:27.358 31152 31152 I lmkd    : cached 0, sandbox(not0) 0
06-28 07:07:27.366  9650  9834 W android.vending: Verification of void rcs.e(java.lang.Object) took 135.990ms (2588.42 bytecodes/s) (11096B approximate peak alloc)
06-28 07:07:27.368 31373 31391 D DisplayManagerService: Drop pending events for gone uid 10189
06-28 07:07:27.370  9470  9470 I Finsky  : [2] Memory trim requested to level 15
06-28 07:07:27.384 31373 31759 D NetdEventListenerService: DNS Requested by 205, 10176, 6
06-28 07:07:27.387 31149 31149 I Zygote  : Process 9057 exited due to signal 9 (Killed)
06-28 07:07:27.396 31152 31152 I lmkd    : Reclaim 'com.google.process.gservices' (9842), uid 10177, oom_score_adj 925, state 19 to free 39248kB rss, 43084kB swap; reason: low watermark is breached and swap is low (2214820kB < 2684352kB)
06-28 07:07:27.399 32278 32278 D HidDeviceService: handleMessage(): msg.what=8
06-28 07:07:27.400  9650  9890 I Finsky  : [20928] ApplicationRestrictions: {}
06-28 07:07:27.415 31373 31403 W ActivityManager: Rescheduling restart of crashed service com.android.chrome/org.chromium.chrome.browser.customtabs.CustomTabsConnectionService in 29915ms for mem-pressure-event
06-28 07:07:27.431 31373 31759 D NetdEventListenerService: DNS Requested by 205, 10176, 6
06-28 07:07:27.441 31373 31759 D NetdEventListenerService: DNS Requested by 205, 10176, 4
06-28 07:07:27.477 31373 31688 I NSLocationMonitor: getGPSUsingApps() called
06-28 07:07:27.490 26482 22658 I NSLocationManager_FLP: getGPSUsingApps, NO_FREEZE={5013} / FREEZE={}
06-28 07:07:27.494 31373 31759 D NetdEventListenerService: DNS Requested by 205, 10176, 10
06-28 07:07:27.495  9650  9654 W android.vending: Suspending all threads took: 13.058ms
06-28 07:07:27.529  9650  9799 I Finsky  : [20899] Device is eligible for platform Cronet and will attempt to use it.
06-28 07:07:27.529  9650  9802 W android.vending: Long monitor contention with owner LightweightExecutor #0 (9799) at java.lang.Object pzi.F()(PG:2136) waiters=0 in j$.util.Optional taj.g() for 1.063s
06-28 07:07:27.559 31373 31759 D NetdEventListenerService: DNS Requested by 205, 10176, 5
06-28 07:07:27.611 31373 31759 D NetdEventListenerService: DNS Requested by 205, 10176, 7
06-28 07:07:27.611 31373 31759 D NetdEventListenerService: DNS Requested by 205, 10176, 10
06-28 07:07:27.612 31373 31688 D MARs:OngoingNotiPackageFilter: filter(NotiListener) : com.samsung.android.app.routines(0)
06-28 07:07:27.637  9865  9865 D nativeloader: Load libframework-connectivity-jni.so using APEX ns com_android_tethering for caller /apex/com.android.tethering/javalib/framework-connectivity.jar: ok
06-28 07:07:27.651 31373 31688 D MARs:OngoingNotiPackageFilter: filter(NotiListener) : com.google.android.googlequicksearchbox(0)
06-28 07:07:27.652 31373 31688 D MARs:OngoingNotiPackageFilter: filter(NotiListener) : com.samsung.android.game.gamehome(0)
06-28 07:07:27.655  9650  9802 I Finsky  : [20901] Subscription detail: DataSubscriptionInfo{groupIdLevel1=FF, serviceProviderName=[smL9vjblothCAA7AK7cXmt1ojte_fX1leAGJ4V-Gn6A], simCarrierId=1515}
06-28 07:07:27.656 31373 31688 I ChimeraAggressivePolicyHandler: Start doKill, protected policy: HEAVY
06-28 07:07:27.667  9865  9865 V GraphicsEnvironment: Currently set values for:
06-28 07:07:27.668  9865  9865 V GraphicsEnvironment:   angle_gl_driver_selection_pkgs=[]
06-28 07:07:27.668  9865  9865 V GraphicsEnvironment:   angle_gl_driver_selection_values=[]
06-28 07:07:27.669  9865  9865 V GraphicsEnvironment: ANGLE GameManagerService for com.google.android.gms: false
06-28 07:07:27.669  9865  9865 V GraphicsEnvironment: com.google.android.gms is not listed in per-application setting
06-28 07:07:27.670  9865  9865 V GraphicsEnvironment: Neither updatable production driver nor prerelease driver is supported.
06-28 07:07:27.697  9650  9650 I Finsky  : [2] onSubscriptionsChanged
06-28 07:07:27.716  9470  9475 I android.vending: Background concurrent copying GC freed 9492KB AllocSpace bytes, 19(520KB) LOS objects, 49% free, 15MB/30MB, paused 413us,187us total 1.023s
06-28 07:07:27.724 31373  1033 I ActivityManager: Process com.google.process.gservices (pid 9842) has died: cch+25 CEM (105,671)
06-28 07:07:27.726 31149 31149 I Zygote  : Process 9842 exited due to signal 9 (Killed)
06-28 07:07:27.735 31373 31406 I libprocessgroup: Successfully killed process cgroup uid 10177 pid 9842 in 0ms
06-28 07:07:27.764  9650  9799 D nativeloader: Load libmainlinecronet.126.0.6423.0.so using APEX ns com_android_tethering for caller /apex/com.android.tethering/javalib/framework-connectivity.jar: ok
06-28 07:07:27.766  9650  9923 D cr_CronetLibraryLoader: [CronetLibraryLoader.java:171] Not loading HTTP flags because they are disabled in the manifest
06-28 07:07:27.775 31373 31403 W ActivityManager: Rescheduling restart of crashed service com.android.chrome/org.chromium.chrome.browser.customtabs.CustomTabsConnectionService in 19555ms for mem-pressure-event
