06-28 07:07:38.094 10062 10062 W ziparchive: Unable to open '/data/app/~~vpAnpN40ZwscUSP73yt5iQ==/com.android.vending-wbijODFopvbjETHVsF_Oqw==/split_phonesky_webrtc_native_lib.config.arm64_v8a.dm': No such file or directory
06-28 07:07:38.095 10062 10062 W ding:background: Entry not found
06-28 07:07:38.097 10062 10062 D nativeloader: Configuring clns-5 for other apk /data/app/~~vpAnpN40ZwscUSP73yt5iQ==/com.android.vending-wbijODFopvbjETHVsF_Oqw==/base.apk:/data/app/~~vpAnpN40ZwscUSP73yt5iQ==/com.android.vending-wbijODFopvbjETHVsF_Oqw==/split_config.arm64_v8a.apk:/data/app/~~vpAnpN40ZwscUSP73yt5iQ==/com.android.vending-wbijODFopvbjETHVsF_Oqw==/split_config.en.apk:/data/app/~~vpAnpN40ZwscUSP73yt5iQ==/com.android.vending-wbijODFopvbjETHVsF_Oqw==/split_phonesky_data_loader.apk:/data/app/~~vpAnpN40ZwscUSP73yt5iQ==/com.android.vending-wbijODFopvbjETHVsF_Oqw==/split_phonesky_data_loader.config.arm64_v8a.apk:/data/app/~~vpAnpN40ZwscUSP73yt5iQ==/com.android.vending-wbijODFopvbjETHVsF_Oqw==/split_phonesky_webrtc_native_lib.apk:/data/app/~~vpAnpN40ZwscUSP73yt5iQ==/com.android.vending-wbijODFopvbjETHVsF_Oqw==/split_phonesky_webrtc_native_lib.config.arm64_v8a.apk. target_sdk_version=37, uses_libraries=, library_path=/data/app/~~vpAnpN40ZwscUSP73yt5iQ==/com.android.vending-wbijODFopvbjETHVsF_Oqw==/lib/arm64:/data/app/~~vpAnpN40ZwscUSP73yt5iQ==/com.and
06-28 07:07:38.116  9650  9890 I Finsky  : [20928] Already at the latest configurations for experiment package com.google.android.finsky.regular.
06-28 07:07:38.118  9650  9890 I Finsky  : [20928] Triggered update for experiment package com.google.android.finsky.regular.
06-28 07:07:38.155  9789  9956 V ExperimentalOptions: Failed to get connection_options options: No value for connection_options
06-28 07:07:38.164  9789  9956 V ExperimentalOptions: Failed to get store_server_configs_in_properties options: No value for store_server_configs_in_properties
06-28 07:07:38.164  9789  9956 V ExperimentalOptions: Failed to get max_server_configs_stored_in_properties options: No value for max_server_configs_stored_in_properties
06-28 07:07:38.165  9789  9956 V ExperimentalOptions: Failed to get goaway_sessions_on_ip_change options: No value for goaway_sessions_on_ip_change
06-28 07:07:38.165  9789  9956 V ExperimentalOptions: Failed to get close_sessions_on_ip_change options: No value for close_sessions_on_ip_change
06-28 07:07:38.165 10062 10062 D nativeloader: Load libframework-connectivity-jni.so using APEX ns com_android_tethering for caller /apex/com.android.tethering/javalib/framework-connectivity.jar: ok
06-28 07:07:38.165  9789  9956 V ExperimentalOptions: Failed to get migrate_sessions_on_network_change_v2 options: No value for migrate_sessions_on_network_change_v2
06-28 07:07:38.166  9789  9956 V ExperimentalOptions: Failed to get migrate_sessions_early_v2 options: No value for migrate_sessions_early_v2
06-28 07:07:38.166  9789  9956 V ExperimentalOptions: Failed to get disable_bidirectional_streams options: No value for disable_bidirectional_streams
06-28 07:07:38.166  9789  9956 V ExperimentalOptions: Failed to get max_time_before_crypto_handshake_seconds options: No value for max_time_before_crypto_handshake_seconds
06-28 07:07:38.166  9789  9956 V ExperimentalOptions: Failed to get max_idle_time_before_crypto_handshake_seconds options: No value for max_idle_time_before_crypto_handshake_seconds
06-28 07:07:38.171  9789  9956 V ExperimentalOptions: Failed to get enable_socket_recv_optimization options: No value for enable_socket_recv_optimization
06-28 07:07:38.171 31173 31699 I bauth_FPBAuthService: pcf : 0x1012, 0 ,2 ,0 ,0 ,0 ,2, 0.0.0.0
06-28 07:07:38.172 31173 31699 I bauth_FPBAuthService: thread id : 2, preenroll_flag : 0, nd cnt : 1, cso : 2, et : 0
06-28 07:07:38.172 31173 31699 I bauth_FPBAuthService: FPBAuthService, 11444
06-28 07:07:38.172  9789  9956 V ExperimentalOptions: Failed to get max_stale_uses options: No value for max_stale_uses
06-28 07:07:38.177  9789  9956 V ExperimentalOptions: Failed to get persist_to_disk options: No value for persist_to_disk
06-28 07:07:38.177  9789  9956 V ExperimentalOptions: Failed to get persist_delay_ms options: No value for persist_delay_ms
06-28 07:07:38.177  9789  9956 V ExperimentalOptions: Failed to get use_stale_on_name_not_resolved options: No value for use_stale_on_name_not_resolved
06-28 07:07:38.178  9789  9956 V ExperimentalOptions: Failed to get disable_ipv6_on_wifi options: No value for disable_ipv6_on_wifi
06-28 07:07:38.180  9789  9956 I Finsky:background: [20915] CronetEngine is present. Using Cronet for the networking stack.
06-28 07:07:38.204 10062 10062 V GraphicsEnvironment: Currently set values for:
06-28 07:07:38.204 10062 10062 V GraphicsEnvironment:   angle_gl_driver_selection_pkgs=[]
06-28 07:07:38.204 10062 10062 V GraphicsEnvironment:   angle_gl_driver_selection_values=[]
06-28 07:07:38.206 10062 10062 V GraphicsEnvironment: ANGLE GameManagerService for com.android.vending: false
06-28 07:07:38.206 10062 10062 V GraphicsEnvironment: com.android.vending is not listed in per-application setting
06-28 07:07:38.207 10062 10062 V GraphicsEnvironment: Neither updatable production driver nor prerelease driver is supported.
06-28 07:07:38.229   418   418 D io_stats: !@ 179,0 r 316493877 4780037598 w 28094220 320027264 d 8533943 269524856 f 0 0 iot 108170804 0 th 0 0 0 pt 0 inp 0 0 488832.866
06-28 07:07:38.230  9650  9890 I Finsky  : [20928] Already at the latest configurations for experiment package com.google.android.finsky.regular.
06-28 07:07:38.257   749   749 I HWComposer: [0] ActiveConfigToHWC, ID : 1
06-28 07:07:38.260   749   749 I LayerHistory: com.edgetutor.mnn/com.edgetutor.mnn.MainActivity$_8312#76199 is infrequent
06-28 07:07:38.261   749   749 I SurfaceFlinger: All layers Min - choose 60.00 Hz
06-28 07:07:38.261  9470  9604 W Finsky  : [20907] PreloadClasses: Unable to load [androidx.navigation.NavControllerViewModel, androidx.navigation.NavControllerViewModel$Companion]
06-28 07:07:38.270 31373 31393 D LocalDisplayAdapter: updateActiveModeLocked for d=0, mActiveModeId=2, mActiveSfDisplayMode=DisplayMode{id=1, width=720, height=1600, xDpi=268.941, yDpi=269.139, refreshRate=60.000004, appVsyncOffsetNanos=0, presentationDeadlineNanos=17666666, supportedHdrTypes=[], group=0}
06-28 07:07:38.274 31373 31393 I DisplayDeviceRepository: Display device changed: DisplayDeviceInfo{"Built-in Screen": uniqueId="local:0", 720 x 1600, modeId 2, renderFrameRate 60.000004, defaultModeId 1, supportedModes [{id=1, width=720, height=1600, fps=90.0, alternativeRefreshRates=[60.000004], supportedHdrTypes=[]}, {id=2, width=720, height=1600, fps=60.000004, alternativeRefreshRates=[90.0], supportedHdrTypes=[]}], colorMode 0, supportedColorModes [0], hdrCapabilities HdrCapabilities{mSupportedHdrTypes=[], mMaxLuminance=500.0, mMaxAverageLuminance=500.0, mMinLuminance=0.0}, allmSupported false, gameContentTypeSupported false, density 300, 268.941 x 269.139 dpi, appVsyncOff 0, presDeadline 17666666, cutout DisplayCutout{insets=Rect(0, 45 - 0, 0) waterfall=Insets{left=0, top=0, right=0, bottom=0} boundingRect={Bounds=[Rect(0, 0 - 0, 0), Rect(272, 0 - 448, 45), Rect(0, 0 - 0, 0), Rect(0, 0 - 0, 0)]} cutoutPathParserInfo={CutoutPathParserInfo{displayWidth=720 displayHeight=1600 physicalDisplayWidth=720 physicalDisplayHeight=1600 density={1.875} cutoutSpec={M 0,0 H -46.93333333333333 V 24 H 46.93333333333333 V 0 H 0 Z @dp} rotation={0} scale={1.0} physicalPixelDisplaySizeRatio={1.0}}}}, touch INTERNAL, rotation 0, type INTERNAL, address {port=0}, deviceProductInfo null, state ON, committedState ON, frameRateOverride , brightnessMinimum 0.0, brightnessMaximum 1.0, brightnessDefault 0.5019608, hdrSdrRatio NaN, FLAG_ALLOWED_TO_BE_DEFAULT_DISPLAY, FLAG_ROTATES_WITH_CONTENT, FLAG_SECURE, FLAG_SUPPORTS_PROTECTED_BUFFERS, FLAG_TRUSTED, installOrientation 0, displayShape DisplayShape{ spec=-311912193 displayWidth=720 displayHeight=1600 physicalPixelDisplaySizeRatio=1.0 rotation=0 offsetX=0 offsetY=0 scale=1.0}}
06-28 07:07:38.278   749   824 I VSyncReactor: Current= 90, Period= 60, Distance= 90
06-28 07:07:38.295  8312  8312 I ViewRootImpl@eb2161b[MainActivity]: onDisplayChanged oldDisplayState=2 newDisplayState=2
06-28 07:07:38.295  8553  8553 I ViewRootImpl@4df800a[AssistantMenuFloatingIconUI]: onDisplayChanged oldDisplayState=2 newDisplayState=2
06-28 07:07:38.295   749   824 I VSyncReactor: Current= 90, Period= 60, Distance= 60
06-28 07:07:38.299 24964 24964 I ViewRootImpl@219ae0c[InputMethod]: onDisplayChanged oldDisplayState=2 newDisplayState=2
06-28 07:07:38.300 31373 31373 D SGM:GameManager: onDisplayChanged. displyId: 0, state: 2
06-28 07:07:38.300 31373 31373 D AODManagerService: requestReCalToTSP IsSingleTouchMode = falserequestedReCalToTSP = false / previousDisplayState = ON
06-28 07:07:38.301 31373 31571 D SGM:FgCheckThread: onLooperPrepared(), msg: MSG_LCD_ON
06-28 07:07:38.307 31373  1385 D LiftUpHandler: [LTW] Stopped already.
06-28 07:07:38.309 24944 24944 I ViewRootImpl@a0539e1[LauncherActivity]: onDisplayChanged oldDisplayState=2 newDisplayState=2
06-28 07:07:38.310 24944 24944 I ViewRootImpl@3814c3a[RecentsTransitionOverlay]: onDisplayChanged oldDisplayState=2 newDisplayState=2
06-28 07:07:38.310 24944 24944 I ViewRootImpl@32ed4f3[RecentsActivity]: onDisplayChanged oldDisplayState=2 newDisplayState=2
06-28 07:07:38.313  9789  9956 W ding:background: Verification of nko akcr.a(nkp) took 114.948ms (939.55 bytecodes/s) (4448B approximate peak alloc)
06-28 07:07:38.313 24944 11071 I HoneySpace.RefreshRateSource: singleFrameMs 16
06-28 07:07:38.326 31373 31393 D RefreshRateModeManager: updateDefaultDisplayToken: android.os.BinderProxy@e4918dc, isChanged: false
06-28 07:07:38.327 31822 31876 I ViewRootImpl@784a4a6[ShellDropTarget]: onDisplayChanged oldDisplayState=2 newDisplayState=2
06-28 07:07:38.330 31822 31976 D StackScroller: onDisplayChanged for predraw skip to 2
06-28 07:07:38.330 31822 31822 D DisplayLifecycle: updateDisplay id = 0
06-28 07:07:38.332 31822 31822 I ViewRootImpl@3f3fb11[LockscreenShortcutBlur]: onDisplayChanged oldDisplayState=2 newDisplayState=2
06-28 07:07:38.332 31822 31822 I ViewRootImpl@482a4cb[NavigationBar0]: onDisplayChanged oldDisplayState=2 newDisplayState=2
06-28 07:07:38.332 31822 31822 I ViewRootImpl@b5da397[EdgeBackGestureHandler0]: onDisplayChanged oldDisplayState=2 newDisplayState=2
06-28 07:07:38.333 31822 31822 I ViewRootImpl@8de78ad[]: onDisplayChanged oldDisplayState=2 newDisplayState=2
06-28 07:07:38.333 31822 31822 I ViewRootImpl@93147cf[NotificationShade]: onDisplayChanged oldDisplayState=2 newDisplayState=2
06-28 07:07:38.333 31822 31822 I ViewRootImpl@2b4d819[StatusBar]: onDisplayChanged oldDisplayState=2 newDisplayState=2
06-28 07:07:38.333 31822 31822 I ViewRootImpl@3487235[SecondaryHomeHandle0]: onDisplayChanged oldDisplayState=2 newDisplayState=2
06-28 07:07:38.333 31822 31822 I ViewRootImpl@84cbd31[KeyguardBiometricToastView]: onDisplayChanged oldDisplayState=2 newDisplayState=2
06-28 07:07:38.404  9789  9919 I Finsky:background: [20914] Subscription detail: DataSubscriptionInfo{groupIdLevel1=FF, serviceProviderName=[smL9vjblothCAA7AK7cXmt1ojte_fX1leAGJ4V-Gn6A], simCarrierId=1515}
06-28 07:07:38.411   749   749 I SurfaceFlinger: SFWD update time=488833049112626
06-28 07:07:38.455  9789  9789 I Finsky:background: [2] onSubscriptionsChanged
06-28 07:07:38.551  9789  9919 I Finsky:background: [20914] playLoggingServerUrl: https://play.googleapis.com/play/log
06-28 07:07:38.551  9789  9919 I Finsky:background: [20914] playLoggingServerTimestampUrl: https://play.googleapis.com/play/log/timestamp
06-28 07:07:38.652  9470  9609 I Finsky  : [20912] AIM: AppInfoManager-Perf > OnDeviceAppInfo > cacheHitCount=0, cacheMissCount=306. Missed  in cache (limit 10) : [com.sec.android.app.myfiles, com.android.storagemanager, com.android.printspooler, com.google.android.adservices.api, com.samsung.android.app.settings.bixby, com.samsung.android.mobileservice, com.samsung.android.scpm, android.auto_generated_rro_vendor__, com.android.pacprocessor, com.samsung.safetyinformation]
06-28 07:07:38.660 31373  1607 D SemWifiUsabilityStatsMonitor: onWifiUsabilityStats - seqNum 48397, isSameBssidAndFreq true
06-28 07:07:38.718 31373 31582 W ProcessStats: Tracking association SourceState{242d68a system/1000 BFgs #873062} whose proc state 4 is better than process ProcessState{8d5305a com.google.android.gms.persistent/10177 pkg=com.google.android.gms} proc state 5 (103 skipped)
06-28 07:07:38.732 22725 22725 D BoundBrokerSvc: onUnbind: Intent { act=com.google.android.gms.common.BIND_SHARED_PREFS pkg=com.google.android.gms }
06-28 07:07:38.736 31150 32157 V APM_AudioPolicyManager: setAppState(portId:1714, state:1)
06-28 07:07:38.746  9470  9604 I Finsky  : [20907] AIM: Got app ownership map. App counts: . Unique apps: 0
06-28 07:07:38.747  9470  9604 E Finsky  : [20907] [Counters] attempted to use a non-positive increment for: 4752
06-28 07:07:38.747   834  7763 E installd: existsFile : /mnt/user/150/3262-3932/Android/obb/com.sec.android.app.myfiles error, No such file or directory
06-28 07:07:38.747   834  7763 E installd: existsFile : /mnt/user/150/3262-3932/Android/data/com.sec.android.app.myfiles error, No such file or directory
06-28 07:07:38.786 31373 32026 D IntervalStats: Unable to parse usage stats packages: [11, 299]
06-28 07:07:38.824   834  7763 E installd: existsFile : /mnt/user/150/3262-3932/Android/obb/com.android.storagemanager error, No such file or directory
06-28 07:07:38.824   834  7763 E installd: existsFile : /mnt/user/150/3262-3932/Android/data/com.android.storagemanager error, No such file or directory
06-28 07:07:38.832   834  7763 E installd: existsFile : /mnt/user/150/3262-3932/Android/obb/com.android.printspooler error, No such file or directory
06-28 07:07:38.832   834  7763 E installd: existsFile : /mnt/user/150/3262-3932/Android/data/com.android.printspooler error, No such file or directory
06-28 07:07:38.859   834  7763 E installd: existsFile : /mnt/user/150/3262-3932/Android/obb/com.google.android.adservices.api error, No such file or directory
06-28 07:07:38.859   834  7763 E installd: existsFile : /mnt/user/150/3262-3932/Android/data/com.google.android.adservices.api error, No such file or directory
06-28 07:07:38.958 10062 10062 I Finsky:background: [2] Process created at version: 52.0.21-31 [0] [PR] 936259332
06-28 07:07:39.029   834  7763 E installd: existsFile : /mnt/user/150/3262-3932/Android/obb/com.samsung.android.app.settings.bixby error, No such file or directory
06-28 07:07:39.029   834  7763 E installd: existsFile : /mnt/user/150/3262-3932/Android/data/com.samsung.android.app.settings.bixby error, No such file or directory
06-28 07:07:39.033  9789  9991 W ding:background: Verification of pda mbl.aM(int, java.lang.String, int, brkv) took 158.857ms (6401.95 bytecodes/s) (28160B approximate peak alloc)
06-28 07:07:39.058   834  7763 E installd: existsFile : /mnt/user/150/3262-3932/Android/obb/com.samsung.android.mobileservice error, No such file or directory
06-28 07:07:39.058   834  7763 E installd: existsFile : /mnt/user/150/3262-3932/Android/data/com.samsung.android.mobileservice error, No such file or directory
06-28 07:07:39.168   834 15254 E installd: existsFile : /mnt/user/150/3262-3932/Android/obb/com.samsung.android.scpm error, No such file or directory
06-28 07:07:39.168   834 15254 E installd: existsFile : /mnt/user/150/3262-3932/Android/data/com.samsung.android.scpm error, No such file or directory
06-28 07:07:39.172 31173 31699 I bauth_FPBAuthService: pcf : 0x1012, 0 ,2 ,0 ,0 ,0 ,2, 0.0.0.0
06-28 07:07:39.172 31173 31699 I bauth_FPBAuthService: thread id : 2, preenroll_flag : 0, nd cnt : 1, cso : 2, et : 0
06-28 07:07:39.172 31173 31699 I bauth_FPBAuthService: FPBAuthService, 11444
06-28 07:07:39.184   834 15254 E installd: existsFile : /mnt/user/150/3262-3932/Android/obb/android.auto_generated_rro_vendor__ error, No such file or directory
06-28 07:07:39.184   834 15254 E installd: existsFile : /mnt/user/150/3262-3932/Android/data/android.auto_generated_rro_vendor__ error, No such file or directory
06-28 07:07:39.207   834 15254 E installd: existsFile : /mnt/user/150/3262-3932/Android/obb/com.android.pacprocessor error, No such file or directory
06-28 07:07:39.207   834 15254 E installd: existsFile : /mnt/user/150/3262-3932/Android/data/com.android.pacprocessor error, No such file or directory
06-28 07:07:39.214   834 15254 E installd: existsFile : /mnt/user/150/3262-3932/Android/obb/com.samsung.safetyinformation error, No such file or directory
06-28 07:07:39.214   834 15254 E installd: existsFile : /mnt/user/150/3262-3932/Android/data/com.samsung.safetyinformation error, No such file or directory
06-28 07:07:39.261   834 15254 E installd: existsFile : /mnt/user/150/3262-3932/Android/obb/com.samsung.faceservice error, No such file or directory
06-28 07:07:39.261   834 15254 E installd: existsFile : /mnt/user/150/3262-3932/Android/data/com.samsung.faceservice error, No such file or directory
06-28 07:07:39.269   834 15254 E installd: existsFile : /mnt/user/150/3262-3932/Android/obb/com.google.android.overlay.modules.captiveportallogin.forframework error, No such file or directory
06-28 07:07:39.269   834 15254 E installd: existsFile : /mnt/user/150/3262-3932/Android/data/com.google.android.overlay.modules.captiveportallogin.forframework error, No such file or directory
06-28 07:07:39.295  9470  9474 W android.vending: Missing inline cache for void vw.mS(java.lang.Object)
06-28 07:07:39.303   834 15254 E installd: existsFile : /mnt/user/150/3262-3932/Android/obb/com.sec.android.app.servicemodeapp error, No such file or directory
06-28 07:07:39.303   834 15254 E installd: existsFile : /mnt/user/150/3262-3932/Android/data/com.sec.android.app.servicemodeapp error, No such file or directory
06-28 07:07:39.314   834 15254 E installd: existsFile : /mnt/user/150/3262-3932/Android/obb/com.android.internal.systemui.navbar.transparent error, No such file or directory
06-28 07:07:39.315   834 15254 E installd: existsFile : /mnt/user/150/3262-3932/Android/data/com.android.internal.systemui.navbar.transparent error, No such file or directory
06-28 07:07:39.325   834 15254 E installd: existsFile : /mnt/user/150/3262-3932/Android/obb/com.google.android.apps.restore error, No such file or directory
06-28 07:07:39.325   834 15254 E installd: existsFile : /mnt/user/150/3262-3932/Android/data/com.google.android.apps.restore error, No such file or directory
06-28 07:07:39.330   834 15254 E installd: existsFile : /mnt/user/150/3262-3932/Android/obb/com.android.wallpaper.livepicker error, No such file or directory
06-28 07:07:39.331   834 15254 E installd: existsFile : /mnt/user/150/3262-3932/Android/data/com.android.wallpaper.livepicker error, No such file or directory
06-28 07:07:39.342   834 15254 E installd: existsFile : /mnt/user/150/3262-3932/Android/obb/com.google.android.overlay.modules.permissioncontroller.forframework error, No such file or directory
06-28 07:07:39.342   834 15254 E installd: existsFile : /mnt/user/150/3262-3932/Android/data/com.google.android.overlay.modules.permissioncontroller.forframework error, No such file or directory
06-28 07:07:39.354   834 15254 E installd: existsFile : /mnt/user/150/3262-3932/Android/obb/com.android.internal.systemui.navbar.gestural_narrow_back error, No such file or directory
06-28 07:07:39.355   834 15254 E installd: existsFile : /mnt/user/150/3262-3932/Android/data/com.android.internal.systemui.navbar.gestural_narrow_back error, No such file or directory
06-28 07:07:39.382   834 15254 E installd: existsFile : /mnt/user/150/3262-3932/Android/obb/com.google.android.cellbroadcastservice error, No such file or directory
06-28 07:07:39.382   834 15254 E installd: existsFile : /mnt/user/150/3262-3932/Android/data/com.google.android.cellbroadcastservice error, No such file or directory
06-28 07:07:39.420 26160 26227 I native  : I0000 00:00:1782630459.420403   26227 soda_async_impl.cc:1426] Current audio timestamp: 1782630459055271
06-28 07:07:39.427   834  7763 E installd: existsFile : /mnt/user/150/3262-3932/Android/obb/com.android.providers.telephony error, No such file or directory
06-28 07:07:39.427   834  7763 E installd: existsFile : /mnt/user/150/3262-3932/Android/data/com.android.providers.telephony error, No such file or directory
06-28 07:07:39.446   834  7763 E installd: existsFile : /mnt/user/150/3262-3932/Android/obb/com.google.android.partnersetup error, No such file or directory
06-28 07:07:39.446   834  7763 E installd: existsFile : /mnt/user/150/3262-3932/Android/data/com.google.android.partnersetup error, No such file or directory
06-28 07:07:39.457   834  7763 E installd: existsFile : /mnt/user/150/3262-3932/Android/obb/com.android.internal.display.cutout.emulation.waterfall error, No such file or directory
06-28 07:07:39.457   834  7763 E installd: existsFile : /mnt/user/150/3262-3932/Android/data/com.android.internal.display.cutout.emulation.waterfall error, No such file or directory
06-28 07:07:39.468   834  7763 E installd: existsFile : /mnt/user/150/3262-3932/Android/obb/com.samsung.android.wifi.resources error, No such file or directory
06-28 07:07:39.468   834  7763 E installd: existsFile : /mnt/user/150/3262-3932/Android/data/com.samsung.android.wifi.resources error, No such file or directory
06-28 07:07:39.473   834  7763 E installd: existsFile : /mnt/user/150/3262-3932/Android/obb/com.google.android.safetycenter.resources error, No such file or directory
06-28 07:07:39.473   834  7763 E installd: existsFile : /mnt/user/150/3262-3932/Android/data/com.google.android.safetycenter.resources error, No such file or directory
06-28 07:07:39.517   834  7763 E installd: existsFile : /mnt/user/150/3262-3932/Android/obb/com.google.android.tts error, No such file or directory
06-28 07:07:39.517   834  7763 E installd: existsFile : /mnt/user/150/3262-3932/Android/data/com.google.android.tts error, No such file or directory
06-28 07:07:39.533   834  7763 E installd: existsFile : /mnt/user/150/3262-3932/Android/obb/com.sec.android.easyMover.Agent error, No such file or directory
06-28 07:07:39.533   834  7763 E installd: existsFile : /mnt/user/150/3262-3932/Android/data/com.sec.android.easyMover.Agent error, No such file or directory
06-28 07:07:39.643   834  7763 E installd: existsFile : /mnt/user/150/3262-3932/Android/obb/com.sec.android.app.setupwizardlegalprovider error, No such file or directory
06-28 07:07:39.643   834  7763 E installd: existsFile : /mnt/user/150/3262-3932/Android/data/com.sec.android.app.setupwizardlegalprovider error, No such file or directory
06-28 07:07:39.679   834  7763 E installd: existsFile : /mnt/user/150/3262-3932/Android/obb/com.samsung.android.emergency error, No such file or directory
06-28 07:07:39.680   834  7763 E installd: existsFile : /mnt/user/150/3262-3932/Android/data/com.samsung.android.emergency error, No such file or directory
06-28 07:07:39.731   834  7763 E installd: existsFile : /mnt/user/150/3262-3932/Android/obb/com.samsung.android.app.notes.addons error, No such file or directory
06-28 07:07:39.731   834  7763 E installd: existsFile : /mnt/user/150/3262-3932/Android/data/com.samsung.android.app.notes.addons error, No such file or directory
06-28 07:07:39.744   834  7763 E installd: existsFile : /mnt/user/150/3262-3932/Android/obb/com.google.android.ondevicepersonalization.services error, No such file or directory
06-28 07:07:39.745   834  7763 E installd: existsFile : /mnt/user/150/3262-3932/Android/data/com.google.android.ondevicepersonalization.services error, No such file or directory
06-28 07:07:39.759   834  7763 E installd: existsFile : /mnt/user/150/3262-3932/Android/obb/com.google.android.ext.shared error, No such file or directory
06-28 07:07:39.759   834  7763 E installd: existsFile : /mnt/user/150/3262-3932/Android/data/com.google.android.ext.shared error, No such file or directory
06-28 07:07:39.800   834  7763 E installd: existsFile : /mnt/user/150/3262-3932/Android/obb/com.samsung.android.keycustomizationinfobackupservice error, No such file or directory
06-28 07:07:39.801   834  7763 E installd: existsFile : /mnt/user/150/3262-3932/Android/data/com.samsung.android.keycustomizationinfobackupservice error, No such file or directory
06-28 07:07:39.818 10062 10062 I Finsky:background: [2] [BGP] Initializing early flags...
06-28 07:07:39.821 10062 10062 I Finsky:background: [2] [BGP] Initializing Gservices...
06-28 07:07:39.848 31170 10078 I HYPER-HAL: [RequestManager.cpp]releaseLocked(): Released ID : 1534878
06-28 07:07:39.865 10062 10062 I Finsky:background: [2] [BGP] Initializing flags...
06-28 07:07:39.883   834  7763 E installd: existsFile : /mnt/user/150/3262-3932/Android/obb/com.sec.enterprise.mdm.services.simpin error, No such file or directory
06-28 07:07:39.883   834  7763 E installd: existsFile : /mnt/user/150/3262-3932/Android/data/com.sec.enterprise.mdm.services.simpin error, No such file or directory
06-28 07:07:39.896   834  7763 E installd: existsFile : /mnt/user/150/3262-3932/Android/obb/com.android.cts.ctsshim error, No such file or directory
06-28 07:07:39.896   834  7763 E installd: existsFile : /mnt/user/150/3262-3932/Android/data/com.android.cts.ctsshim error, No such file or directory
06-28 07:07:39.901   834  7763 E installd: existsFile : /mnt/user/150/3262-3932/Android/obb/com.samsung.android.wifi.softap.resources error, No such file or directory
06-28 07:07:39.902   834  7763 E installd: existsFile : /mnt/user/150/3262-3932/Android/data/com.samsung.android.wifi.softap.resources error, No such file or directory
06-28 07:07:39.917   834  7763 E installd: existsFile : /mnt/user/150/3262-3932/Android/obb/com.google.android.apps.accessibility.voiceaccess error, No such file or directory
06-28 07:07:39.917   834  7763 E installd: existsFile : /mnt/user/150/3262-3932/Android/data/com.google.android.apps.accessibility.voiceaccess error, No such file or directory
06-28 07:07:39.947  9470  9604 I Finsky  : [20907] AIM: AppInfoManager-Perf > ItemModel > CacheSize=0, cacheHitCount=0, cacheMissCount=306, total appsWithNoServerDataCount=0. Missed  in cache (limit 10) : [com.sec.location.nfwlocationprivacy, com.google.android.appsearch.apk, com.google.android.trichromelibrary_768017733, com.samsung.android.wallpaper.res, com.facebook.appmanager, com.google.android.ext.shared, com.google.android.gms, com.android.credentialmanager, com.samsung.android.cidmanager, com.google.android.trichromelibrary_782706033]
06-28 07:07:39.950   834  7763 E installd: existsFile : /mnt/user/150/3262-3932/Android/obb/com.android.mtp error, No such file or directory
06-28 07:07:39.950   834  7763 E installd: existsFile : /mnt/user/150/3262-3932/Android/data/com.android.mtp error, No such file or directory
06-28 07:07:39.987   834  7763 E installd: existsFile : /mnt/user/150/3262-3932/Android/obb/com.google.android.connectivity.resources error, No such file or directory
06-28 07:07:39.987   834  7763 E installd: existsFile : /mnt/user/150/3262-3932/Android/data/com.google.android.connectivity.resources error, No such file or directory
06-28 07:07:39.998  9470  9604 I Finsky  : [20907] Created new item store.
06-28 07:07:39.999   834  7763 E installd: existsFile : /mnt/user/150/3262-3932/Android/obb/com.samsung.android.audiomirroring error, No such file or directory
06-28 07:07:39.999   834  7763 E installd: existsFile : /mnt/user/150/3262-3932/Android/data/com.samsung.android.audiomirroring error, No such file or directory
06-28 07:07:40.001  9470  9604 I Finsky  : [20907] AIM: AppInfoManager-Perf > ItemModel > ItemStore Called 306 apps cacheOptions = USE_CACHE
06-28 07:07:40.015   834  7763 E installd: existsFile : /mnt/user/150/3262-3932/Android/obb/com.android.bookmarkprovider error, No such file or directory
06-28 07:07:40.015   834  7763 E installd: existsFile : /mnt/user/150/3262-3932/Android/data/com.android.bookmarkprovider error, No such file or directory
06-28 07:07:40.055 26160 26265 W ProxyAndroidLoggerBackend: Too many Flogger logs received before configuration. Dropping old logs.
06-28 07:07:40.077  9470  9604 I Finsky  : [20907] AIM: ItemModel fetch - unauth(306), auth()
06-28 07:07:40.079   834  7763 E installd: existsFile : /mnt/user/150/3262-3932/Android/obb/com.samsung.android.app.sharelive error, No such file or directory
06-28 07:07:40.079   834  7763 E installd: existsFile : /mnt/user/150/3262-3932/Android/data/com.samsung.android.app.sharelive error, No such file or directory
06-28 07:07:40.092   834  7763 E installd: existsFile : /mnt/user/150/3262-3932/Android/obb/com.sec.spp.push error, No such file or directory
06-28 07:07:40.092   834  7763 E installd: existsFile : /mnt/user/150/3262-3932/Android/data/com.sec.spp.push error, No such file or directory
06-28 07:07:40.123   834  7763 E installd: existsFile : /mnt/user/150/3262-3932/Android/obb/com.knox.vpn.proxyhandler error, No such file or directory
06-28 07:07:40.123   834  7763 E installd: existsFile : /mnt/user/150/3262-3932/Android/data/com.knox.vpn.proxyhandler error, No such file or directory
06-28 07:07:40.131   834  7763 E installd: existsFile : /mnt/user/150/3262-3932/Android/obb/com.monotype.android.font.samsungone error, No such file or directory
06-28 07:07:40.131   834  7763 E installd: existsFile : /mnt/user/150/3262-3932/Android/data/com.monotype.android.font.samsungone error, No such file or directory
06-28 07:07:40.134  2283  2283 I wpa_supplicant: Heartbeat 2175
06-28 07:07:40.148   834  7763 E installd: existsFile : /mnt/user/150/3262-3932/Android/obb/com.android.carrierdefaultapp error, No such file or directory
06-28 07:07:40.148   834  7763 E installd: existsFile : /mnt/user/150/3262-3932/Android/data/com.android.carrierdefaultapp error, No such file or directory
06-28 07:07:40.152   834  7763 E installd: existsFile : /mnt/user/150/3262-3932/Android/obb/com.sec.android.autodoodle.service error, No such file or directory
06-28 07:07:40.153   834  7763 E installd: existsFile : /mnt/user/150/3262-3932/Android/data/com.sec.android.autodoodle.service error, No such file or directory
06-28 07:07:40.172 31173 31699 I bauth_FPBAuthService: pcf : 0x1012, 0 ,2 ,0 ,0 ,0 ,2, 0.0.0.0
06-28 07:07:40.172 31173 31699 I bauth_FPBAuthService: thread id : 2, preenroll_flag : 0, nd cnt : 1, cso : 2, et : 0
06-28 07:07:40.173 31173 31699 I bauth_FPBAuthService: FPBAuthService, 11444
06-28 07:07:40.230   418   418 D io_stats: !@ 179,0 r 316494898 4780041926 w 28094241 320027372 d 8533943 269524856 f 0 0 iot 108171064 0 th 0 0 0 pt 0 inp 0 0 488834.867
06-28 07:07:40.246  3791  9647 I NearbyMediums: No BLE Fast/GATT advertisements found in the latest cycle.
06-28 07:07:40.246  3791  9647 I NearbyMediums: Current Tracked Scanning Clients are : {NearbyConnections.EnvironmentMonitor, NearbySharing, NearbyConnections.TxAdvertisement}
06-28 07:07:40.279   834  7763 E installd: existsFile : /mnt/user/150/3262-3932/Android/obb/com.samsung.android.providers.trash error, No such file or directory
06-28 07:07:40.279   834  7763 E installd: existsFile : /mnt/user/150/3262-3932/Android/data/com.samsung.android.providers.trash error, No such file or directory
06-28 07:07:40.304   834  7763 E installd: existsFile : /mnt/user/150/3262-3932/Android/obb/com.android.internal.systemui.navbar.gestural_extra_wide_back error, No such file or directory
06-28 07:07:40.304   834  7763 E installd: existsFile : /mnt/user/150/3262-3932/Android/data/com.android.internal.systemui.navbar.gestural_extra_wide_back error, No such file or directory
06-28 07:07:40.332   834  7763 E installd: existsFile : /mnt/user/150/3262-3932/Android/obb/com.android.location.fused error, No such file or directory
06-28 07:07:40.332   834  7763 E installd: existsFile : /mnt/user/150/3262-3932/Android/data/com.android.location.fused error, No such file or directory
06-28 07:07:40.343  9789  9991 D WM-PackageManagerHelper: Skipping component enablement for androidx.work.impl.background.systemjob.SystemJobService
06-28 07:07:40.344  9789  9991 D WM-Schedulers: Created SystemJobScheduler and enabled SystemJobService
06-28 07:07:40.345   834  7763 E installd: existsFile : /mnt/user/150/3262-3932/Android/obb/com.samsung.android.dsms error, No such file or directory
06-28 07:07:40.346   834  7763 E installd: existsFile : /mnt/user/150/3262-3932/Android/data/com.samsung.android.dsms error, No such file or directory
06-28 07:07:40.358 12993 13002 I soft.appmanager: Background concurrent copying GC freed 28MB AllocSpace bytes, 1(20KB) LOS objects, 45% free, 28MB/52MB, paused 566us,2.245ms total 753.784ms
06-28 07:07:40.363 10062 10062 W ding:background: Verification of bycq byeh.b(bycu, int) took 175.424ms (34920.94 bytecodes/s) (152832B approximate peak alloc)
06-28 07:07:40.371   834  7763 E installd: existsFile : /mnt/user/150/3262-3932/Android/obb/com.android.localtransport error, No such file or directory
06-28 07:07:40.371   834  7763 E installd: existsFile : /mnt/user/150/3262-3932/Android/data/com.android.localtransport error, No such file or directory
06-28 07:07:40.407   834  7763 E installd: existsFile : /mnt/user/150/3262-3932/Android/obb/com.samsung.android.scs error, No such file or directory
06-28 07:07:40.407   834  7763 E installd: existsFile : /mnt/user/150/3262-3932/Android/data/com.samsung.android.scs error, No such file or directory
06-28 07:07:40.414   834  7763 E installd: existsFile : /mnt/user/150/3262-3932/Android/obb/com.wsomacp error, No such file or directory
06-28 07:07:40.415   834  7763 E installd: existsFile : /mnt/user/150/3262-3932/Android/data/com.wsomacp error, No such file or directory
06-28 07:07:40.426   834  7763 E installd: existsFile : /mnt/user/150/3262-3932/Android/obb/com.samsung.android.smartface.overlay error, No such file or directory
06-28 07:07:40.426   834  7763 E installd: existsFile : /mnt/user/150/3262-3932/Android/data/com.samsung.android.smartface.overlay error, No such file or directory
06-28 07:07:40.432   834  7763 E installd: existsFile : /mnt/user/150/3262-3932/Android/obb/com.samsung.internal.systemui.navbar.gestural_no_hint error, No such file or directory
06-28 07:07:40.432   834  7763 E installd: existsFile : /mnt/user/150/3262-3932/Android/data/com.samsung.internal.systemui.navbar.gestural_no_hint error, No such file or directory
06-28 07:07:40.442 10062 10062 I Finsky:background: [2] Finished reading experiment flags from file [0tGUNCGIkbk4o6-fQ335kUYSKwVj4lusnHT-A5Dsy08] numFlags=2434.
06-28 07:07:40.451  9789  9959 D WM-ForceStopRunnable: Is default app process = true
06-28 07:07:40.455   834  7763 E installd: existsFile : /mnt/user/150/3262-3932/Android/obb/com.google.android.overlay.modules.cellbroadcastreceiver error, No such file or directory
06-28 07:07:40.455   834  7763 E installd: existsFile : /mnt/user/150/3262-3932/Android/data/com.google.android.overlay.modules.cellbroadcastreceiver error, No such file or directory
06-28 07:07:40.460   834  7763 E installd: existsFile : /mnt/user/150/3262-3932/Android/obb/com.android.companiondevicemanager error, No such file or directory
06-28 07:07:40.460   834  7763 E installd: existsFile : /mnt/user/150/3262-3932/Android/data/com.android.companiondevicemanager error, No such file or directory
06-28 07:07:40.462  9789  9959 D WM-ForceStopRunnable: Performing cleanup operations.
06-28 07:07:40.480   834  7763 E installd: existsFile : /mnt/user/150/3262-3932/Android/obb/com.android.uwb.resources error, No such file or directory
06-28 07:07:40.480   834  7763 E installd: existsFile : /mnt/user/150/3262-3932/Android/data/com.android.uwb.resources error, No such file or directory
06-28 07:07:40.492   834  7763 E installd: existsFile : /mnt/user/150/3262-3932/Android/obb/com.sec.factory.cameralyzer error, No such file or directory
06-28 07:07:40.492   834  7763 E installd: existsFile : /mnt/user/150/3262-3932/Android/data/com.sec.factory.cameralyzer error, No such file or directory
06-28 07:07:40.530   834  7763 E installd: existsFile : /mnt/user/150/3262-3932/Android/obb/com.samsung.android.incallui error, No such file or directory
06-28 07:07:40.530   834  7763 E installd: existsFile : /mnt/user/150/3262-3932/Android/data/com.samsung.android.incallui error, No such file or directory
06-28 07:07:40.549   834  7763 E installd: existsFile : /mnt/user/150/3262-3932/Android/obb/com.google.android.networkstack.tethering error, No such file or directory
06-28 07:07:40.549   834  7763 E installd: existsFile : /mnt/user/150/3262-3932/Android/data/com.google.android.networkstack.tethering error, No such file or directory
06-28 07:07:40.567   834  7763 E installd: existsFile : /mnt/user/150/3262-3932/Android/obb/com.sec.android.smartfpsadjuster error, No such file or directory
06-28 07:07:40.568   834  7763 E installd: existsFile : /mnt/user/150/3262-3932/Android/data/com.sec.android.smartfpsadjuster error, No such file or directory
06-28 07:07:40.591   834  7763 E installd: existsFile : /mnt/user/150/3262-3932/Android/obb/com.facebook.system error, No such file or directory
06-28 07:07:40.591   834  7763 E installd: existsFile : /mnt/user/150/3262-3932/Android/data/com.facebook.system error, No such file or directory
06-28 07:07:40.611   834  7763 E installd: existsFile : /mnt/user/150/3262-3932/Android/obb/com.samsung.android.app.reminder error, No such file or directory
06-28 07:07:40.611   834  7763 E installd: existsFile : /mnt/user/150/3262-3932/Android/data/com.samsung.android.app.reminder error, No such file or directory
06-28 07:07:40.616   834  7763 E installd: existsFile : /mnt/user/150/3262-3932/Android/obb/com.google.android.overlay.modules.documentsui error, No such file or directory
06-28 07:07:40.616   834  7763 E installd: existsFile : /mnt/user/150/3262-3932/Android/data/com.google.android.overlay.modules.documentsui error, No such file or directory
06-28 07:07:40.622   834  7763 E installd: existsFile : /mnt/user/150/3262-3932/Android/obb/com.android.internal.systemui.navbar.gestural_wide_back error, No such file or directory
06-28 07:07:40.622   834  7763 E installd: existsFile : /mnt/user/150/3262-3932/Android/data/com.android.internal.systemui.navbar.gestural_wide_back error, No such file or directory
06-28 07:07:40.635   834  7763 E installd: existsFile : /mnt/user/150/3262-3932/Android/obb/com.google.android.overlay.gmsconfig.gsa error, No such file or directory
06-28 07:07:40.635   834  7763 E installd: existsFile : /mnt/user/150/3262-3932/Android/data/com.google.android.overlay.gmsconfig.gsa error, No such file or directory
06-28 07:07:40.640   834  7763 E installd: existsFile : /mnt/user/150/3262-3932/Android/obb/com.samsung.android.settingshelper error, No such file or directory
06-28 07:07:40.640   834  7763 E installd: existsFile : /mnt/user/150/3262-3932/Android/data/com.samsung.android.settingshelper error, No such file or directory
06-28 07:07:40.677   834  7763 E installd: existsFile : /mnt/user/150/3262-3932/Android/obb/com.samsung.android.calendar error, No such file or directory
06-28 07:07:40.678   834  7763 E installd: existsFile : /mnt/user/150/3262-3932/Android/data/com.samsung.android.calendar error, No such file or directory
06-28 07:07:40.690   834  7763 E installd: existsFile : /mnt/user/150/3262-3932/Android/obb/com.samsung.app.newtrim error, No such file or directory
06-28 07:07:40.690   834  7763 E installd: existsFile : /mnt/user/150/3262-3932/Android/data/com.samsung.app.newtrim error, No such file or directory
06-28 07:07:40.698   834  7763 E installd: existsFile : /mnt/user/150/3262-3932/Android/obb/com.android.rkpdapp error, No such file or directory
06-28 07:07:40.699   834  7763 E installd: existsFile : /mnt/user/150/3262-3932/Android/data/com.android.rkpdapp error, No such file or directory
06-28 07:07:40.706   834  7763 E installd: existsFile : /mnt/user/150/3262-3932/Android/obb/com.sec.android.mimage.photoretouching error, No such file or directory
06-28 07:07:40.707   834  7763 E installd: existsFile : /mnt/user/150/3262-3932/Android/data/com.sec.android.mimage.photoretouching error, No such file or directory
06-28 07:07:40.751   834  7763 E installd: existsFile : /mnt/user/150/3262-3932/Android/obb/com.samsung.android.callbgprovider error, No such file or directory
06-28 07:07:40.752   834  7763 E installd: existsFile : /mnt/user/150/3262-3932/Android/data/com.samsung.android.callbgprovider error, No such file or directory
06-28 07:07:40.757 10062 10104 D nativeloader: Load /data/app/~~vpAnpN40ZwscUSP73yt5iQ==/com.android.vending-wbijODFopvbjETHVsF_Oqw==/split_config.arm64_v8a.apk!/lib/arm64-v8a/libmappedcountercacheversionjni.so using ns clns-5 from class loader (caller=/data/app/~~vpAnpN40ZwscUSP73yt5iQ==/com.android.vending-wbijODFopvbjETHVsF_Oqw==/base.apk): ok
06-28 07:07:40.762   834  7763 E installd: existsFile : /mnt/user/150/3262-3932/Android/obb/com.sec.android.widgetapp.easymodecontactswidget error, No such file or directory
06-28 07:07:40.762   834  7763 E installd: existsFile : /mnt/user/150/3262-3932/Android/data/com.sec.android.widgetapp.easymodecontactswidget error, No such file or directory
06-28 07:07:40.791   834  7763 E installd: existsFile : /mnt/user/150/3262-3932/Android/obb/com.samsung.ipservice error, No such file or directory
06-28 07:07:40.791   834  7763 E installd: existsFile : /mnt/user/150/3262-3932/Android/data/com.samsung.ipservice error, No such file or directory
06-28 07:07:40.807   834  7763 E installd: existsFile : /mnt/user/150/3262-3932/Android/obb/com.samsung.android.app.smartcapture error, No such file or directory
06-28 07:07:40.807   834  7763 E installd: existsFile : /mnt/user/150/3262-3932/Android/data/com.samsung.android.app.smartcapture error, No such file or directory
06-28 07:07:40.854   834  7763 E installd: existsFile : /mnt/user/150/3262-3932/Android/obb/com.android.shell error, No such file or directory
06-28 07:07:40.854   834  7763 E installd: existsFile : /mnt/user/150/3262-3932/Android/data/com.android.shell error, No such file or directory
06-28 07:07:40.864  9789  9959 D CompatibilityChangeReporter: Compat change id reported: 160794467; UID 15010176; state: ENABLED
06-28 07:07:40.899   834  7763 E installd: existsFile : /mnt/user/150/3262-3932/Android/obb/com.samsung.android.dqagent error, No such file or directory
06-28 07:07:40.899   834  7763 E installd: existsFile : /mnt/user/150/3262-3932/Android/data/com.samsung.android.dqagent error, No such file or directory
06-28 07:07:40.968   834  7763 E installd: existsFile : /mnt/user/150/3262-3932/Android/obb/com.samsung.android.provider.filterprovider error, No such file or directory
06-28 07:07:40.969   834  7763 E installd: existsFile : /mnt/user/150/3262-3932/Android/data/com.samsung.android.provider.filterprovider error, No such file or directory
06-28 07:07:40.980  9470  9475 I android.vending: Background concurrent copying GC freed 9094KB AllocSpace bytes, 14(408KB) LOS objects, 49% free, 21MB/42MB, paused 213us,111us total 422.312ms
06-28 07:07:40.983 31373 32026 D BatteryService: Sending ACTION_BATTERY_CHANGED: level:93, status:2, health:2, remain:827, ac:false, usb:true, wireless:false, pogo:false, misc:0xf0000, charge_type:1, charger_type:0, voltage:4207, temperature:348, online:19, charging_status:0, cycle_count:0, current_avg:562, ps:false, hvc:false, capacity:280000, current_event:0x10000, current_now:534, mcc:0, mcv:0, cc:4450750, present:true, scale:100, technology:Li-ion
06-28 07:07:40.984 31174 31174 I seh_thermal_service: getTemperaturesWithType SehTemperatureType: 3
06-28 07:07:40.984   713   713 I sehhealth-service: updateLrpSysfs: write: 385
06-28 07:07:40.995   834  7763 E installd: existsFile : /mnt/user/150/3262-3932/Android/obb/com.samsung.android.app.updatecenter error, No such file or directory
06-28 07:07:40.996   834  7763 E installd: existsFile : /mnt/user/150/3262-3932/Android/data/com.samsung.android.app.updatecenter error, No such file or directory
06-28 07:07:40.999 31373 31745 I DeviceBatteryInfoService: action: android.intent.action.BATTERY_CHANGED
06-28 07:07:40.999 31373 31745 I DeviceBatteryInfoService: phone battery level: 93
06-28 07:07:40.999 31373 31745 I DeviceBatteryInfoService: phone battery status: 2
06-28 07:07:41.000 31373 31597 D MotionRecognitionService: [SAR]  onReceive : ACTION_BATTERY_CHANGED, Plugged: 2
06-28 07:07:41.008 31822 31822 I PowerUI : mBootCompleted = true |  mFullyConnected = true
06-28 07:07:41.008 31822 31822 I PowerUI : BATTERY_HEALTH_CHECK extraHealth=2 mBatteryMiscEvent=983040
06-28 07:07:41.008 31822 31822 W PowerUI : Plug reason
06-28 07:07:41.008 31822 31822 W PowerUI : Skip charging animation - by plug status
06-28 07:07:41.008 31822 31822 D PowerUI : priorPlugType = 2 mPlugType = 2 priorBatteryStatus = 2 mBatteryStatus = 2
06-28 07:07:41.008 31822 31822 W PowerUI : Plug reason
06-28 07:07:41.008 31822 31822 W PowerUI : Skip charging sound - by plug status
06-28 07:07:41.008 31822 31822 I PowerUI : oldMisalign : false, curMisalign : false
06-28 07:07:41.009 31822 11965 D SecPowerUI.Notification: dismissing low battery warning: level=93
06-28 07:07:41.010 31822 11965 D SecPowerUI.Notification: updateNotification mWarning=false mPlaySound=false
06-28 07:07:41.010 31822 11965 D SecPowerUI.Notification: SecBatteryStatsSnapshot{batteryLevel=93, currentBatteryMode=0, chargingTime=827000, chargingType=11, batteryHealth=2, automaticTestMode=false, isHiccupState=false, optChargingFinishTime=}
06-28 07:07:41.014 31822 31822 D SecPowerUI.Notification: showChargingNotice oldChargingType : 11 / currentChargingType : 11, oldChargingTime : 827000 / mChargingTime : 827000
06-28 07:07:41.014 31822 31822 D SecPowerUI.Notification: showChargingNotice There is no change about charging status, so return!
06-28 07:07:41.014 31822 31822 D PowerUI : Battery swelling mode - priorBatterySwellingMode = 0 mBatterySwellingMode = 0 mBatteryStatus = 2
06-28 07:07:41.014 31822 31822 I PowerUI : mBatteryMiscEvent = 983040
06-28 07:07:41.014 31822 31822 I PowerUI : checkRestoreProtectBattery pb value : 0, Scheduling start ? : false
06-28 07:07:41.015 31822 31822 I PowerUI : Clear time
06-28 07:07:41.018 31373 31505 D KNOX_MDM_SettingsProvider: isChangeAllowed() : name = ltc_highsoc_exceed_time
06-28 07:07:41.019 31373 31505 D KNOX_MDM_SettingsProvider: edmUri: content://com.sec.knox.provider/RestrictionPolicy3
06-28 07:07:41.019 31373 31505 D KNOX_MDM_SettingsProvider: projectionArgs: isSettingsChangesAllowed
06-28 07:07:41.019 31373 31505 D KNOX_MDM_SettingsProvider: selectionArgs: false
06-28 07:07:41.019 31373 31505 D KNOX_MDM_SettingsProvider: selectionArgs: 10040
06-28 07:07:41.020 31373 31505 D SecContentProvider: query(), uri = 17 selection = isSettingsChangesAllowed
06-28 07:07:41.020 31373 31505 D SecContentProvider: called from android.uid.systemui:10040
06-28 07:07:41.020 31373 31505 D RestrictionPolicy: isSettingsChangesAllowedAsUser, userId 0 : true
06-28 07:07:41.020 31373 31505 D KNOX_MDM_SettingsProvider: ret = 1
06-28 07:07:41.023 31822 31822 I PowerUI : checkBatteryProtectionNotification : 2, pb value : 0, plugType : 2, level : 93
06-28 07:07:41.023 31822 31822 D SecPowerUI.Notification: SecBatteryStatsSnapshot{batteryLevel=93, currentBatteryMode=0, chargingTime=827000, chargingType=11, batteryHealth=2, automaticTestMode=false, isHiccupState=false, optChargingFinishTime=}
06-28 07:07:41.024   834  7763 E installd: existsFile : /mnt/user/150/3262-3932/Android/obb/com.android.virtualmachine.res error, No such file or directory
06-28 07:07:41.024   834  7763 E installd: existsFile : /mnt/user/150/3262-3932/Android/data/com.android.virtualmachine.res error, No such file or directory
06-28 07:07:41.024 31822 11965 D SecPowerUI.Notification: 1. restoreScreenTimeOut - saved_value : :
06-28 07:07:41.024 31822 11965 E SecPowerUI.Notification: no saved value, so we do nothing !!
06-28 07:07:41.031 31822 31822 D SamsungBatteryMeterDrawable: onBatteryLevelChanged isSomethingChanged: false
06-28 07:07:41.031 31822 31822 D SamsungBatteryMeterDrawable: onBatteryLevelChanged isSomethingChanged: false
06-28 07:07:41.032 31822 31822 D SamsungBatteryMeterDrawable: onBatteryLevelChanged isSomethingChanged: false
06-28 07:07:41.033 31822 31822 D KeyguardUpdateMonitor: handleBatteryUpdate
06-28 07:07:41.036 31822 31822 I AODBatteryManager: updateBatteryData: ACTION_BATTERY_CHANGED
06-28 07:07:41.038 31822 31822 I AODBatteryManager: saveBatteryData : AOD BatteryData [mBatteryLevel=93, mBatteryStatus=CHARGING, mBatteryPlugType=USB, mBatteryPlugged=true, mRemainingChargeTime=827000, mBatteryChargingType=1, mBatteryChargerType=NORMAL, mBatteryOnline=NOT_DEFINED, mBatterySwellingMode=NONE, mBatteryProtectMode=false, mBatteryProtectModeType=1, mSleepChargingEvent=null, mSleepChargingEventFinishTime=null]
06-28 07:07:41.042   834  7763 E installd: existsFile : /mnt/user/150/3262-3932/Android/obb/com.android.providers.userdictionary error, No such file or directory
06-28 07:07:41.043   834  7763 E installd: existsFile : /mnt/user/150/3262-3932/Android/data/com.android.providers.userdictionary error, No such file or directory
06-28 07:07:41.051   834  7763 E installd: existsFile : /mnt/user/150/3262-3932/Android/obb/com.google.android.gms.location.history error, No such file or directory
06-28 07:07:41.051   834  7763 E installd: existsFile : /mnt/user/150/3262-3932/Android/data/com.google.android.gms.location.history error, No such file or directory
06-28 07:07:41.056   834  7763 E installd: existsFile : /mnt/user/150/3262-3932/Android/obb/com.android.wifi.dialog error, No such file or directory
06-28 07:07:41.056   834  7763 E installd: existsFile : /mnt/user/150/3262-3932/Android/data/com.android.wifi.dialog error, No such file or directory
