06-28 07:07:18.065 31373 31405 W ActivityManager: Slow operation: 86ms so far, now at startProcess: done updating pids map
06-28 07:07:18.097  9470  9470 I Finsky  : [2] onSubscriptionsChanged
06-28 07:07:18.120 31800 21709 W m.android.phone: Long monitor contention with owner main (31800) at int[] android.hardware.display.DisplayManagerGlobal.getDisplayIds(boolean)(DisplayManagerGlobal.java:331) waiters=0 in android.view.DisplayInfo android.hardware.display.DisplayManagerGlobal.getDisplayInfo(int) for 170ms
06-28 07:07:18.120  9470  9470 I Finsky  : [2] SCH: job service start with id 9351.
06-28 07:07:18.148 21548  9672 D downloader2: Got URL response, starting to read response body. uri=https://www.gstatic.com/mdi-serving/rubidium-adservices-ui-ota-strings/4265/91ac5d17ab9f2445a3462f98f5249a73e9b0e235
06-28 07:07:18.153 21548  9674 D downloader2: Response body written. bytesWritten=1233, uri=https://www.gstatic.com/mdi-serving/rubidium-adservices-topics-classifier/1986/9e98784bcdb26a3eb2ab3f65ee811f43177c761f
06-28 07:07:18.157 21548  9674 D downloader2: Download complete, running queued downloads: https://www.gstatic.com/mdi-serving/rubidium-adservices-topics-classifier/1986/9e98784bcdb26a3eb2ab3f65ee811f43177c761f
06-28 07:07:18.157 21548  9674 I downloader2: Exceeded max concurrent downloads, not running another queued request
06-28 07:07:18.163 31173 31699 I bauth_FPBAuthService: pcf : 0x1012, 0 ,2 ,0 ,0 ,0 ,2, 0.0.0.0
06-28 07:07:18.163 31173 31699 I bauth_FPBAuthService: thread id : 2, preenroll_flag : 0, nd cnt : 1, cso : 2, et : 0
06-28 07:07:18.163 31173 31699 I bauth_FPBAuthService: FPBAuthService, 11444
06-28 07:07:18.165 21548  9715 D downloader2: Queued download completed, running queued downloads: https://www.gstatic.com/mdi-serving/rubidium-adservices-topics-classifier/1986/9e98784bcdb26a3eb2ab3f65ee811f43177c761f
06-28 07:07:18.178  9470  9777 W android.vending: Verification of java.lang.Object abyk.createFromParcel(android.os.Parcel) took 273.387ms (2948.20 bytecodes/s) (25680B approximate peak alloc)
06-28 07:07:18.199  9789  9789 I ding:background: Using CollectorTypeCC GC.
06-28 07:07:18.200 21548 21552 I .adservices.api: Background concurrent copying GC freed 3390KB AllocSpace bytes, 25(2436KB) LOS objects, 59% free, 4241KB/10MB, paused 552us,73us total 283.667ms
06-28 07:07:18.207   418   418 D io_stats: !@ 179,0 r 316485480 4779791186 w 28093723 320018312 d 8533853 269522988 f 0 0 iot 108167500 0 th 0 0 0 pt 0 inp 0 0 488812.845
06-28 07:07:18.209  9789  9789 E ding:background: Not starting debugger since process cannot load the jdwp agent.
06-28 07:07:18.212 21548  9715 D downloader2: Response body written. bytesWritten=267, uri=https://www.gstatic.com/mdi-serving/rubidium-adservices-ui-ota-strings/4265/91ac5d17ab9f2445a3462f98f5249a73e9b0e235
06-28 07:07:18.213 21548  9674 D downloader2: Queued download completed, running queued downloads: https://www.gstatic.com/mdi-serving/rubidium-adservices-ui-ota-strings/4265/91ac5d17ab9f2445a3462f98f5249a73e9b0e235
06-28 07:07:18.219 21548  9715 D downloader2: Download complete, running queued downloads: https://www.gstatic.com/mdi-serving/rubidium-adservices-ui-ota-strings/4265/91ac5d17ab9f2445a3462f98f5249a73e9b0e235
06-28 07:07:18.221 24944 24944 I ViewRootImpl@a0539e1[LauncherActivity]: onDisplayChanged oldDisplayState=2 newDisplayState=2
06-28 07:07:18.222 24944 24944 I ViewRootImpl@3814c3a[RecentsTransitionOverlay]: onDisplayChanged oldDisplayState=2 newDisplayState=2
06-28 07:07:18.222 24944 24944 I ViewRootImpl@32ed4f3[RecentsActivity]: onDisplayChanged oldDisplayState=2 newDisplayState=2
06-28 07:07:18.224 24944 24672 I HoneySpace.RefreshRateSource: singleFrameMs 16
06-28 07:07:18.231 21548 21639 D downloader2: New request enqueued, running queue: https://www.gstatic.com/mdi-serving/rubidium-adservices-adtech-enrollment/11167/b5d1a96edb6a1f0a4859f71195a3dae118baacfc
06-28 07:07:18.232 21548 21639 D downloader2: Connectivity satisfied; running request. uri=https://www.gstatic.com/mdi-serving/rubidium-adservices-adtech-enrollment/11167/b5d1a96edb6a1f0a4859f71195a3dae118baacfc
06-28 07:07:18.233  9789  9789 D nativeloader: Load libframework-connectivity-tiramisu-jni.so using APEX ns com_android_tethering for caller /apex/com.android.tethering/javalib/framework-connectivity-t.jar: ok
06-28 07:07:18.242  9789  9789 D ActivityThread: setConscryptValidator
06-28 07:07:18.243  9789  9789 D ActivityThread: setConscryptValidator - put
06-28 07:07:18.281 21548 21637 D downloader2: New request enqueued, running queue: https://www.gstatic.com/mdi-serving/rubidium-adservices-topics-classifier/1986/9e98784bcdb26a3eb2ab3f65ee811f43177c761f
06-28 07:07:18.281 21548 21637 D downloader2: Connectivity satisfied; running request. uri=https://www.gstatic.com/mdi-serving/rubidium-adservices-topics-classifier/1986/9e98784bcdb26a3eb2ab3f65ee811f43177c761f
06-28 07:07:18.281 21548 21637 I downloader2: Exceeded max concurrent downloads, not running another queued request
06-28 07:07:18.365  9789  9789 D nativeloader: Load libstats_jni.so using APEX ns com_android_os_statsd for caller /apex/com.android.os.statsd/javalib/framework-statsd.jar: ok
06-28 07:07:18.366  9789  9789 D CompatibilityChangeReporter: Compat change id reported: 171979766; UID 15010176; state: ENABLED
06-28 07:07:18.368  9789  9789 D CompatibilityChangeReporter: Compat change id reported: 242716250; UID 15010176; state: ENABLED
06-28 07:07:18.384 21548 21640 D downloader2: New request enqueued, running queue: https://www.gstatic.com/mdi-serving/rubidium-adservices-ui-ota-strings/4265/91ac5d17ab9f2445a3462f98f5249a73e9b0e235
06-28 07:07:18.384 21548 21640 I downloader2: Exceeded max concurrent downloads, not running another queued request
06-28 07:07:18.451  9470  9634 I Finsky  : [20915] SCH: Satisfied jobs for 9351 are: 10-101
06-28 07:07:18.538  9789  9789 D nativeloader: Configuring clns-4 for other apk /system/framework/org.apache.http.legacy.jar. target_sdk_version=37, uses_libraries=ALL, library_path=/data/app/~~vpAnpN40ZwscUSP73yt5iQ==/com.android.vending-wbijODFopvbjETHVsF_Oqw==/lib/arm64:/data/app/~~vpAnpN40ZwscUSP73yt5iQ==/com.android.vending-wbijODFopvbjETHVsF_Oqw==/base.apk!/lib/arm64-v8a:/data/app/~~vpAnpN40ZwscUSP73yt5iQ==/com.android.vending-wbijODFopvbjETHVsF_Oqw==/split_config.arm64_v8a.apk!/lib/arm64-v8a:/data/app/~~vpAnpN40ZwscUSP73yt5iQ==/com.android.vending-wbijODFopvbjETHVsF_Oqw==/split_config.en.apk!/lib/arm64-v8a:/data/app/~~vpAnpN40ZwscUSP73yt5iQ==/com.android.vending-wbijODFopvbjETHVsF_Oqw==/split_phonesky_data_loader.apk!/lib/arm64-v8a:/data/app/~~vpAnpN40ZwscUSP73yt5iQ==/com.android.vending-wbijODFopvbjETHVsF_Oqw==/split_phonesky_data_loader.config.arm64_v8a.apk!/lib/arm64-v8a:/data/app/~~vpAnpN40ZwscUSP73yt5iQ==/com.android.vending-wbijODFopvbjETHVsF_Oqw==/split_phonesky_webrtc_native_lib.apk!/lib/arm64-v8a:/data/app/~~vpAnpN40ZwscUSP73yt5iQ==/com.a
06-28 07:07:18.539  9789  9789 D nativeloader: Extending system_exposed_libraries: libhigh_dynamic_range.arcsoft.so:libaudiomirroring_jni.audiomirroring.samsung.so:libBeauty_v4.camera.samsung.so:libexifa.camera.samsung.so:libjpega.camera.samsung.so:libOpenCv.camera.samsung.so:libImageScreener.camera.samsung.so:libMyFilter.camera.samsung.so:libtensorflowLite.myfilter.camera.samsung.so:libtensorflowlite_inference_api.myfilter.camera.samsung.so:libFace_Landmark_API.camera.samsung.so:libHpr_RecGAE_cvFeature_v1.0.camera.samsung.so:libHprFace_GAE_api.camera.samsung.so:libFacialBasedSelfieCorrection.camera.samsung.so:libHprFace_GAE_jni.camera.samsung.so:libObjectAndSceneClassification_2.5_OD.camera.samsung.so:libQREngine.camera.samsung.so:libEventDetector.camera.samsung.so:libFood.camera.samsung.so:libFoodDetector.camera.samsung.so:libPortraitSolution.camera.samsung.so:libsrib_CNNInterface.camera.samsung.so:libsrib_humanaware_engine.camera.samsung.so:libInteractiveSegmentation.camera.samsung.so:libsmart_cropping.camera.samsung.so:libMultiFrameProcessing10.camer
06-28 07:07:18.588  9789  9789 I ding:background: No primary.vdex file in DexMetadata archive. Not doing fast verification.
06-28 07:07:18.588  9789  9789 I ding:background: No primary.vdex file in DexMetadata archive. Not doing fast verification.
06-28 07:07:18.630  9470  9474 I android.vending: JIT allocated 52KB for compiled code of java.lang.Object pzi.m()
06-28 07:07:18.681 21548  9719 D downloader2: Got URL response, starting to read response body. uri=https://www.gstatic.com/mdi-serving/rubidium-adservices-adtech-enrollment/11167/b5d1a96edb6a1f0a4859f71195a3dae118baacfc
06-28 07:07:18.691 21548  9715 D downloader2: Got URL response, starting to read response body. uri=https://www.gstatic.com/mdi-serving/rubidium-adservices-topics-classifier/1986/9e98784bcdb26a3eb2ab3f65ee811f43177c761f
06-28 07:07:18.753 21548  9718 D downloader2: Response body written. bytesWritten=286, uri=https://www.gstatic.com/mdi-serving/rubidium-adservices-adtech-enrollment/11167/b5d1a96edb6a1f0a4859f71195a3dae118baacfc
06-28 07:07:18.759 21548  9718 D downloader2: Download complete, running queued downloads: https://www.gstatic.com/mdi-serving/rubidium-adservices-adtech-enrollment/11167/b5d1a96edb6a1f0a4859f71195a3dae118baacfc
06-28 07:07:18.759 21548  9718 I downloader2: Exceeded max concurrent downloads, not running another queued request
06-28 07:07:18.762 21548  9716 D downloader2: Queued download completed, running queued downloads: https://www.gstatic.com/mdi-serving/rubidium-adservices-adtech-enrollment/11167/b5d1a96edb6a1f0a4859f71195a3dae118baacfc
06-28 07:07:18.762 21548  9716 D downloader2: Connectivity satisfied; running request. uri=https://www.gstatic.com/mdi-serving/rubidium-adservices-ui-ota-strings/4265/91ac5d17ab9f2445a3462f98f5249a73e9b0e235
06-28 07:07:18.776 21548  9716 I downloader2: Exceeded max concurrent downloads, not running another queued request
06-28 07:07:18.786 21548  9719 D downloader2: Response body written. bytesWritten=1233, uri=https://www.gstatic.com/mdi-serving/rubidium-adservices-topics-classifier/1986/9e98784bcdb26a3eb2ab3f65ee811f43177c761f
06-28 07:07:18.795 21548  9716 D downloader2: Queued download completed, running queued downloads: https://www.gstatic.com/mdi-serving/rubidium-adservices-topics-classifier/1986/9e98784bcdb26a3eb2ab3f65ee811f43177c761f
06-28 07:07:18.797 21548  9719 D downloader2: Download complete, running queued downloads: https://www.gstatic.com/mdi-serving/rubidium-adservices-topics-classifier/1986/9e98784bcdb26a3eb2ab3f65ee811f43177c761f
06-28 07:07:18.825  9470  9790 W android.vending: Verification of void cavi.<clinit>() took 139.671ms (54492.16 bytecodes/s) (142384B approximate peak alloc)
06-28 07:07:18.938 21548  9719 D downloader2: Got URL response, starting to read response body. uri=https://www.gstatic.com/mdi-serving/rubidium-adservices-ui-ota-strings/4265/91ac5d17ab9f2445a3462f98f5249a73e9b0e235
06-28 07:07:19.024 21548 21652 D downloader2: New request enqueued, running queue: https://www.gstatic.com/mdi-serving/rubidium-adservices-adtech-enrollment/11167/b5d1a96edb6a1f0a4859f71195a3dae118baacfc
06-28 07:07:19.033 21548 21652 D downloader2: Connectivity satisfied; running request. uri=https://www.gstatic.com/mdi-serving/rubidium-adservices-adtech-enrollment/11167/b5d1a96edb6a1f0a4859f71195a3dae118baacfc
06-28 07:07:19.043 21548 21652 I downloader2: Exceeded max concurrent downloads, not running another queued request
06-28 07:07:19.095 21548  9718 D downloader2: Response body written. bytesWritten=267, uri=https://www.gstatic.com/mdi-serving/rubidium-adservices-ui-ota-strings/4265/91ac5d17ab9f2445a3462f98f5249a73e9b0e235
06-28 07:07:19.102 21548 21640 D downloader2: New request enqueued, running queue: https://www.gstatic.com/mdi-serving/rubidium-adservices-topics-classifier/1986/9e98784bcdb26a3eb2ab3f65ee811f43177c761f
06-28 07:07:19.126 21548 21640 D downloader2: Connectivity satisfied; running request. uri=https://www.gstatic.com/mdi-serving/rubidium-adservices-topics-classifier/1986/9e98784bcdb26a3eb2ab3f65ee811f43177c761f
06-28 07:07:19.126 21548 21640 I downloader2: Exceeded max concurrent downloads, not running another queued request
06-28 07:07:19.136 21548  9717 D downloader2: Queued download completed, running queued downloads: https://www.gstatic.com/mdi-serving/rubidium-adservices-ui-ota-strings/4265/91ac5d17ab9f2445a3462f98f5249a73e9b0e235
06-28 07:07:19.136 21548  9717 I downloader2: Exceeded max concurrent downloads, not running another queued request
06-28 07:07:19.137 21548  9718 D downloader2: Download complete, running queued downloads: https://www.gstatic.com/mdi-serving/rubidium-adservices-ui-ota-strings/4265/91ac5d17ab9f2445a3462f98f5249a73e9b0e235
06-28 07:07:19.137 21548  9718 I downloader2: Exceeded max concurrent downloads, not running another queued request
06-28 07:07:19.164 31173 31699 I bauth_FPBAuthService: pcf : 0x1012, 0 ,2 ,0 ,0 ,0 ,2, 0.0.0.0
06-28 07:07:19.164 31173 31699 I bauth_FPBAuthService: thread id : 2, preenroll_flag : 0, nd cnt : 1, cso : 2, et : 0
06-28 07:07:19.164 31173 31699 I bauth_FPBAuthService: FPBAuthService, 11444
06-28 07:07:19.212 21548  9718 D downloader2: Got URL response, starting to read response body. uri=https://www.gstatic.com/mdi-serving/rubidium-adservices-adtech-enrollment/11167/b5d1a96edb6a1f0a4859f71195a3dae118baacfc
06-28 07:07:19.250  9650  9802 W android.vending: Long monitor contention with owner LightweightExecutor #1 (9801) at void whd.run()(PG:611) waiters=0 in void whd.run() for 995ms
06-28 07:07:19.251  9650  9799 W android.vending: Long monitor contention with owner LightweightExecutor #1 (9801) at void whd.run()(PG:611) waiters=2 in void whd.run() for 989ms
06-28 07:07:19.254  9650  9803 W android.vending: Long monitor contention with owner LightweightExecutor #1 (9801) at void whd.run()(PG:611) waiters=1 in void whd.run() for 992ms
06-28 07:07:19.383 21548 21638 D downloader2: New request enqueued, running queue: https://www.gstatic.com/mdi-serving/rubidium-adservices-ui-ota-strings/4265/91ac5d17ab9f2445a3462f98f5249a73e9b0e235
06-28 07:07:19.394 21548 21638 I downloader2: Exceeded max concurrent downloads, not running another queued request
06-28 07:07:19.411 21548  9716 D downloader2: Got URL response, starting to read response body. uri=https://www.gstatic.com/mdi-serving/rubidium-adservices-topics-classifier/1986/9e98784bcdb26a3eb2ab3f65ee811f43177c761f
06-28 07:07:19.430  9650  9803 W Finsky  : [20902] Failed to get the task info for cold start.
06-28 07:07:19.431  9650  9803 I Finsky  : [20902] Process started for unknown session.
06-28 07:07:19.559  8312  8540 D EdgeTutorPerf: llm_decode_first_token source=query llm_native_ttft_ms=3654
06-28 07:07:19.561  8312  8540 D EdgeTutorPerf: query_stage_timing doc_id=5 ui_visible_ttft_ms=5066 source=first_token_flush
06-28 07:07:19.603 21548  9674 D downloader2: Response body written. bytesWritten=286, uri=https://www.gstatic.com/mdi-serving/rubidium-adservices-adtech-enrollment/11167/b5d1a96edb6a1f0a4859f71195a3dae118baacfc
06-28 07:07:19.604 21548  9674 D downloader2: Download complete, running queued downloads: https://www.gstatic.com/mdi-serving/rubidium-adservices-adtech-enrollment/11167/b5d1a96edb6a1f0a4859f71195a3dae118baacfc
06-28 07:07:19.604 21548  9674 I downloader2: Exceeded max concurrent downloads, not running another queued request
06-28 07:07:19.605 21548  9715 D downloader2: Queued download completed, running queued downloads: https://www.gstatic.com/mdi-serving/rubidium-adservices-adtech-enrollment/11167/b5d1a96edb6a1f0a4859f71195a3dae118baacfc
06-28 07:07:19.605 21548  9715 D downloader2: Connectivity satisfied; running request. uri=https://www.gstatic.com/mdi-serving/rubidium-adservices-ui-ota-strings/4265/91ac5d17ab9f2445a3462f98f5249a73e9b0e235
06-28 07:07:19.605 21548  9715 I downloader2: Exceeded max concurrent downloads, not running another queued request
06-28 07:07:19.652 21548  9672 D ErrorCodeSampler: Logging error code: 17 for the sample interval 10000: false
06-28 07:07:19.761 21548  9716 D downloader2: Got URL response, starting to read response body. uri=https://www.gstatic.com/mdi-serving/rubidium-adservices-ui-ota-strings/4265/91ac5d17ab9f2445a3462f98f5249a73e9b0e235
06-28 07:07:19.809 21548  9672 D downloader2: Response body written. bytesWritten=1233, uri=https://www.gstatic.com/mdi-serving/rubidium-adservices-topics-classifier/1986/9e98784bcdb26a3eb2ab3f65ee811f43177c761f
06-28 07:07:19.812  9650  9803 W android.vending: Verification of bycq byeh.b(bycu, int) took 315.966ms (19388.14 bytecodes/s) (152832B approximate peak alloc)
06-28 07:07:19.831 21548  9715 D downloader2: Queued download completed, running queued downloads: https://www.gstatic.com/mdi-serving/rubidium-adservices-topics-classifier/1986/9e98784bcdb26a3eb2ab3f65ee811f43177c761f
06-28 07:07:19.832 21548  9672 D downloader2: Download complete, running queued downloads: https://www.gstatic.com/mdi-serving/rubidium-adservices-topics-classifier/1986/9e98784bcdb26a3eb2ab3f65ee811f43177c761f
06-28 07:07:19.864  9650  9803 I Finsky  : [20902] Finished reading experiment flags from file [0tGUNCGIkbk4o6-fQ335kUYSKwVj4lusnHT-A5Dsy08] numFlags=2434.
06-28 07:07:19.952 21548 21652 D downloader2: New request enqueued, running queue: https://www.gstatic.com/mdi-serving/rubidium-adservices-adtech-enrollment/11167/b5d1a96edb6a1f0a4859f71195a3dae118baacfc
06-28 07:07:19.953 21548 21652 D downloader2: Connectivity satisfied; running request. uri=https://www.gstatic.com/mdi-serving/rubidium-adservices-adtech-enrollment/11167/b5d1a96edb6a1f0a4859f71195a3dae118baacfc
06-28 07:07:19.985 21548  9715 D downloader2: Response body written. bytesWritten=267, uri=https://www.gstatic.com/mdi-serving/rubidium-adservices-ui-ota-strings/4265/91ac5d17ab9f2445a3462f98f5249a73e9b0e235
06-28 07:07:19.999 21548 21652 I downloader2: Exceeded max concurrent downloads, not running another queued request
06-28 07:07:20.007 21548  9715 D downloader2: Download complete, running queued downloads: https://www.gstatic.com/mdi-serving/rubidium-adservices-ui-ota-strings/4265/91ac5d17ab9f2445a3462f98f5249a73e9b0e235
06-28 07:07:20.007 21548  9715 I downloader2: Exceeded max concurrent downloads, not running another queued request
06-28 07:07:20.008  9650  9650 W android.vending: Verification of java.lang.Object pzi.G() took 193.070ms (17144.02 bytecodes/s) (76792B approximate peak alloc)
06-28 07:07:20.016 21548 21614 D downloader2: New request enqueued, running queue: https://www.gstatic.com/mdi-serving/rubidium-adservices-topics-classifier/1986/9e98784bcdb26a3eb2ab3f65ee811f43177c761f
06-28 07:07:20.017 21548 21614 I downloader2: Exceeded max concurrent downloads, not running another queued request
06-28 07:07:20.030 21548  9715 D downloader2: Queued download completed, running queued downloads: https://www.gstatic.com/mdi-serving/rubidium-adservices-ui-ota-strings/4265/91ac5d17ab9f2445a3462f98f5249a73e9b0e235
06-28 07:07:20.031 21548  9715 D downloader2: Connectivity satisfied; running request. uri=https://www.gstatic.com/mdi-serving/rubidium-adservices-topics-classifier/1986/9e98784bcdb26a3eb2ab3f65ee811f43177c761f
06-28 07:07:20.031 21548  9715 I downloader2: Exceeded max concurrent downloads, not running another queued request
06-28 07:07:20.080  9650  9802 W android.vending: Long monitor contention with owner LightweightExecutor #1 (9801) at aler alfa.e(java.lang.String, bybj)(PG:1) waiters=0 in aler alfa.e(java.lang.String, bybj) for 578ms
06-28 07:07:20.098  9650  9801 I Finsky  : [20900] Finished reading experiment flags from file [Se-xCc4LzNyh3UrKMIU2sUf-PUKz4oQEbpKZDMuaFno] numFlags=2028.
06-28 07:07:20.127  9650  9802 I Finsky  : [20901] Finished reading experiment flags from file [mX0SSMd8WQxAlle-St5jHUWXWby9lecnsAVOGptQqh8] numFlags=2040.
06-28 07:07:20.131  2283  2283 I wpa_supplicant: Heartbeat 2173
06-28 07:07:20.165 31173 31699 I bauth_FPBAuthService: pcf : 0x1012, 0 ,2 ,0 ,0 ,0 ,2, 0.0.0.0
06-28 07:07:20.165 31173 31699 I bauth_FPBAuthService: thread id : 2, preenroll_flag : 0, nd cnt : 1, cso : 2, et : 0
06-28 07:07:20.165 31173 31699 I bauth_FPBAuthService: FPBAuthService, 11444
06-28 07:07:20.169 21548  9674 D downloader2: Got URL response, starting to read response body. uri=https://www.gstatic.com/mdi-serving/rubidium-adservices-adtech-enrollment/11167/b5d1a96edb6a1f0a4859f71195a3dae118baacfc
06-28 07:07:20.189  3791  9646 I NearbyMediums: No BLE Fast/GATT advertisements found in the latest cycle.
06-28 07:07:20.189  3791  9646 I NearbyMediums: Current Tracked Scanning Clients are : {NearbyConnections.EnvironmentMonitor, NearbySharing, NearbyConnections.TxAdvertisement}
06-28 07:07:20.195 21548  9672 D downloader2: Got URL response, starting to read response body. uri=https://www.gstatic.com/mdi-serving/rubidium-adservices-topics-classifier/1986/9e98784bcdb26a3eb2ab3f65ee811f43177c761f
06-28 07:07:20.208   418   418 D io_stats: !@ 179,0 r 316486339 4779796666 w 28093760 320018456 d 8533853 269522988 f 0 0 iot 108167852 0 th 0 0 0 pt 0 inp 0 0 488814.846
06-28 07:07:20.219 31373 31383 I system_server: Background concurrent copying GC freed 23MB AllocSpace bytes, 575(11MB) LOS objects, 16% free, 124MB/148MB, paused 1.187ms,1.704ms total 3.959s
06-28 07:07:20.222 21548 21638 D downloader2: New request enqueued, running queue: https://www.gstatic.com/mdi-serving/rubidium-adservices-ui-ota-strings/4265/91ac5d17ab9f2445a3462f98f5249a73e9b0e235
06-28 07:07:20.224 21548 21638 I downloader2: Exceeded max concurrent downloads, not running another queued request
06-28 07:07:20.242  9470  9608 W android.vending: Verification of java.lang.Object acyd.apply(java.lang.Object) took 102.950ms (15910.55 bytecodes/s) (41168B approximate peak alloc)
06-28 07:07:20.257 21548 21552 I .adservices.api: Background concurrent copying GC freed 1093KB AllocSpace bytes, 48(5952KB) LOS objects, 62% free, 3680KB/9824KB, paused 197us,243us total 277.184ms
06-28 07:07:20.261  9470  9608 W Finsky  : [20911] SLM: no metadata property com.android.vending.derived.apk.id found for shared library com.google.android.trichromelibrary_599308031:
06-28 07:07:20.277 21548  9716 D downloader2: Response body written. bytesWritten=1233, uri=https://www.gstatic.com/mdi-serving/rubidium-adservices-topics-classifier/1986/9e98784bcdb26a3eb2ab3f65ee811f43177c761f
06-28 07:07:20.283 31373 31733 D WifiConnectivityMonitor: start WCM Poll.
06-28 07:07:20.291  9470  9608 W Finsky  : [20911] SLM: no metadata property com.android.vending.sdk.version.patch found for shared library com.google.android.trichromelibrary_599308031:
06-28 07:07:20.297 21548  9717 D downloader2: Queued download completed, running queued downloads: https://www.gstatic.com/mdi-serving/rubidium-adservices-topics-classifier/1986/9e98784bcdb26a3eb2ab3f65ee811f43177c761f
06-28 07:07:20.298 21548  9717 D downloader2: Connectivity satisfied; running request. uri=https://www.gstatic.com/mdi-serving/rubidium-adservices-ui-ota-strings/4265/91ac5d17ab9f2445a3462f98f5249a73e9b0e235
06-28 07:07:20.298 21548  9717 I downloader2: Exceeded max concurrent downloads, not running another queued request
06-28 07:07:20.307 21548  9716 D downloader2: Download complete, running queued downloads: https://www.gstatic.com/mdi-serving/rubidium-adservices-topics-classifier/1986/9e98784bcdb26a3eb2ab3f65ee811f43177c761f
06-28 07:07:20.307 21548  9716 I downloader2: Exceeded max concurrent downloads, not running another queued request
06-28 07:07:20.315 21548  9672 D downloader2: Response body written. bytesWritten=286, uri=https://www.gstatic.com/mdi-serving/rubidium-adservices-adtech-enrollment/11167/b5d1a96edb6a1f0a4859f71195a3dae118baacfc
06-28 07:07:20.320 21548  9674 D downloader2: Queued download completed, running queued downloads: https://www.gstatic.com/mdi-serving/rubidium-adservices-adtech-enrollment/11167/b5d1a96edb6a1f0a4859f71195a3dae118baacfc
06-28 07:07:20.320 21548  9717 D downloader2: Download complete, running queued downloads: https://www.gstatic.com/mdi-serving/rubidium-adservices-adtech-enrollment/11167/b5d1a96edb6a1f0a4859f71195a3dae118baacfc
06-28 07:07:20.349  9470  9608 W Finsky  : [20911] SLM: no metadata property com.android.vending.derived.apk.id found for shared library com.google.android.trichromelibrary_782715933:
06-28 07:07:20.389  9470  9608 W Finsky  : [20911] SLM: no metadata property com.android.vending.sdk.version.patch found for shared library com.google.android.trichromelibrary_782715933:
06-28 07:07:20.406 31373  2635 E KernelCpuUidFullTimeReader: Negative delta from freq time for uid: 90000, delta: -88950
06-28 07:07:20.406 31373  2635 E KernelCpuUidFullTimeReader: Negative delta from freq time for uid: 90001, delta: -2309
06-28 07:07:20.406 31373  2635 E KernelCpuUidFullTimeReader: Negative delta from freq time for uid: 90003, delta: -1888
06-28 07:07:20.406 31373  2635 E KernelCpuUidFullTimeReader: Negative delta from freq time for uid: 90004, delta: -181
06-28 07:07:20.406 31373  2635 E KernelCpuUidFullTimeReader: Negative delta from freq time for uid: 90005, delta: -4265
06-28 07:07:20.406 31373  2635 E KernelCpuUidFullTimeReader: Negative delta from freq time for uid: 90006, delta: -2372
06-28 07:07:20.406 31373  2635 E KernelCpuUidFullTimeReader: Negative delta from freq time for uid: 90007, delta: -127
06-28 07:07:20.406 31373  2635 E KernelCpuUidFullTimeReader: Negative delta from freq time for uid: 90008, delta: -3771
06-28 07:07:20.406 31373  2635 E KernelCpuUidFullTimeReader: Negative delta from freq time for uid: 90009, delta: -1764
06-28 07:07:20.406 31373  2635 E KernelCpuUidFullTimeReader: Negative delta from freq time for uid: 90011, delta: -160
06-28 07:07:20.407 31373  2635 E KernelCpuUidFullTimeReader: Negative delta from freq time for uid: 90012, delta: -4041
06-28 07:07:20.407 31373  2635 E KernelCpuUidFullTimeReader: Negative delta from freq time for uid: 90013, delta: -16940
06-28 07:07:20.408 31373  2635 D CustomizedBinderCallsStatsInternal: reportCpuUsage() : 6%
06-28 07:07:20.410 31373 31403 I BinderCallsStats: Collected cpu time : 0us, collected call count : 0 for 45645959 ms
06-28 07:07:20.465  9470  9608 W Finsky  : [20911] SLM: no metadata property com.android.vending.derived.apk.id found for shared library com.google.android.trichromelibrary_782719933:
06-28 07:07:20.465  9470  9608 W Finsky  : [20911] SLM: no metadata property com.android.vending.sdk.version.patch found for shared library com.google.android.trichromelibrary_782719933:
06-28 07:07:20.472 25791 25791 W Settings: Setting wifi_on has moved from android.provider.Settings.System to android.provider.Settings.Secure, returning read-only value.
06-28 07:07:20.473 25791 25791 W Settings: Setting wifi_on has moved from android.provider.Settings.Secure to android.provider.Settings.Global.
06-28 07:07:20.477 31373 31706 I SemWifiLinkQualityMonitor: Link stat: 2457 / 0 / 1.10 (23) / 65 / -63.0 || 100.0 : 65.00 / B (B) || 0.20 ms / 41.01 Mbps / N || 0 / N / 0 Y / 0 Y
06-28 07:07:20.479 31373  1607 D SemWifiUsabilityStatsMonitor: onWifiUsabilityStats - seqNum 48391, isSameBssidAndFreq true
06-28 07:07:20.527 31373 31631 D ConnectivityService: notifyType CALLBACK_CAP_CHANGED for [205 WIFI]
06-28 07:07:20.536 25791 25791 I EPDG -- SIM1 [SMARTWIFI]: Rssi : -63 highrange : -73 lowrange : -79 mIsRssiInHystersis : false
06-28 07:07:20.536 25791 25791 I EPDG -- SIM1 [SMARTWIFI]: Rssi : -63 highrange : -73 lowrange : -79 mIsRssiInHystersis : false
06-28 07:07:20.538 25791 25791 I EPDG -- SIM1 [SMARTWIFI]: getHandoverThresholdMet: value is: false
06-28 07:07:20.543  9470  9470 W JobService: onNetworkChanged() not implemented in com.google.android.finsky.scheduler.process.mainimpl.PhoneskyJobServiceMain. Must override in a subclass.
06-28 07:07:20.553 31373 31663 D SemWifiApNsd:Client: lpInterface:wlan0
06-28 07:07:20.555 21548 21548 W JobService: onNetworkChanged() not implemented in com.android.adservices.spe.AdServicesJobService. Must override in a subclass.
06-28 07:07:20.556 31373 31663 D SemWifiSwitchForIndividualAppsService: stopTCPMonitoring : already stopped
06-28 07:07:20.556 31373 31663 I WifiConnectivityMonitor.NCC: sNetworkCallback(oCC) FULL : 205(valid: true/captive: false)
06-28 07:07:20.560 31373 31663 I WifiConnectivityMonitor.NCC: [ Transports: WIFI Capabilities: NOT_METERED&INTERNET&NOT_RESTRICTED&TRUSTED&NOT_VPN&VALIDATED&NOT_ROAMING&FOREGROUND&NOT_CONGESTED&NOT_SUSPENDED&NOT_VCN_MANAGED LinkUpBandwidth>=8321Kbps LinkDnBandwidth>=14781Kbps TransportInfo: <SSID: <unknown ssid>, BSSID: 02:00:00:**:**:00, MAC: 02:00:00:**:**:00, IP: /10.**.**.127, Security type: 0, Supplicant state: COMPLETED, Wi-Fi standard: 4, RSSI: -63, Link speed: 65Mbps, Tx Link speed: 65Mbps, Max Supported Tx Link speed: 72Mbps, Rx Link speed: 11Mbps, Max Supported Rx Link speed: 72Mbps, Frequency: 2412MHz, Net ID: -1, Metered hint: false, score: 60, isUsable: true, CarrierMerged: false, SubscriptionId: -1, IsPrimary: 1, Trusted: true, Restricted: false, Ephemeral: false, OEM paid: false, OEM private: false, OSU AP: false, FQDN: <none>, Provider friendly name: <none>, Requesting package name: <none><none>MLO Information: , Is TID-To-Link negotiation supported by the AP: false, AP MLD Address: <none>, AP MLO Link Id: <none>, AP MLO Affiliated links: <none>> SignalStrength: -63 AdminUids: [10040] SSID: "RAVEN_CREST HOTSPOT 0594622525" UnderlyingNetworks: Null]
06-28 07:07:20.560 31373 31728 D WifiConnectivityMonitor: HANDLE_ON_CAPABILITIES_CHANGED
06-28 07:07:20.561 31373 31728 I WifiConnectivityMonitor: determineMode : MODE_NON_SWITCHABLE_BY_POOR_NETWORK_DETECTION_DISABLED
06-28 07:07:20.561 31373 31728 D OpenNetworkQos[4.00]: updateBssidNoInternet: mBssidNoInternet = false
06-28 07:07:20.561 31373 31728 D OpenNetworkQos[4.00]: getOpenNetworkQosNoInternetStatus: false[Private DNS is active. Result is ignored.]
06-28 07:07:20.561 31373 31728 D OpenNetworkQos[4.00]: getOpenNetworkQosScores: 23 23 23 [Private DNS is active. Result is ignored.]
06-28 07:07:20.586 21548 21637 D downloader2: New request enqueued, running queue: https://www.gstatic.com/mdi-serving/rubidium-adservices-adtech-enrollment/11167/b5d1a96edb6a1f0a4859f71195a3dae118baacfc
06-28 07:07:20.586 21548 21637 D downloader2: Connectivity satisfied; running request. uri=https://www.gstatic.com/mdi-serving/rubidium-adservices-adtech-enrollment/11167/b5d1a96edb6a1f0a4859f71195a3dae118baacfc
06-28 07:07:20.587 21548 21637 I downloader2: Exceeded max concurrent downloads, not running another queued request
06-28 07:07:20.588 21548  9716 D downloader2: Got URL response, starting to read response body. uri=https://www.gstatic.com/mdi-serving/rubidium-adservices-ui-ota-strings/4265/91ac5d17ab9f2445a3462f98f5249a73e9b0e235
06-28 07:07:20.638  9789  9789 W ziparchive: Unable to open '/data/app/~~vpAnpN40ZwscUSP73yt5iQ==/com.android.vending-wbijODFopvbjETHVsF_Oqw==/split_config.arm64_v8a.dm': No such file or directory
06-28 07:07:20.639  9789  9789 W ziparchive: Unable to open '/data/app/~~vpAnpN40ZwscUSP73yt5iQ==/com.android.vending-wbijODFopvbjETHVsF_Oqw==/split_config.arm64_v8a.dm': No such file or directory
06-28 07:07:20.640  9789  9789 W ding:background: Entry not found
06-28 07:07:20.641  9789  9789 W ziparchive: Unable to open '/data/app/~~vpAnpN40ZwscUSP73yt5iQ==/com.android.vending-wbijODFopvbjETHVsF_Oqw==/split_config.en.dm': No such file or directory
06-28 07:07:20.641  9789  9789 W ziparchive: Unable to open '/data/app/~~vpAnpN40ZwscUSP73yt5iQ==/com.android.vending-wbijODFopvbjETHVsF_Oqw==/split_config.en.dm': No such file or directory
06-28 07:07:20.642  9789  9789 W ding:background: Entry not found
06-28 07:07:20.644  9789  9789 W ziparchive: Unable to open '/data/app/~~vpAnpN40ZwscUSP73yt5iQ==/com.android.vending-wbijODFopvbjETHVsF_Oqw==/split_phonesky_data_loader.dm': No such file or directory
06-28 07:07:20.644  9789  9789 W ziparchive: Unable to open '/data/app/~~vpAnpN40ZwscUSP73yt5iQ==/com.android.vending-wbijODFopvbjETHVsF_Oqw==/split_phonesky_data_loader.dm': No such file or directory
06-28 07:07:20.645  9789  9789 W ding:background: Entry not found
06-28 07:07:20.646  9789  9789 W ziparchive: Unable to open '/data/app/~~vpAnpN40ZwscUSP73yt5iQ==/com.android.vending-wbijODFopvbjETHVsF_Oqw==/split_phonesky_data_loader.config.arm64_v8a.dm': No such file or directory
06-28 07:07:20.646  9789  9789 W ziparchive: Unable to open '/data/app/~~vpAnpN40ZwscUSP73yt5iQ==/com.android.vending-wbijODFopvbjETHVsF_Oqw==/split_phonesky_data_loader.config.arm64_v8a.dm': No such file or directory
06-28 07:07:20.647  9789  9789 W ding:background: Entry not found
06-28 07:07:20.648  9789  9789 W ziparchive: Unable to open '/data/app/~~vpAnpN40ZwscUSP73yt5iQ==/com.android.vending-wbijODFopvbjETHVsF_Oqw==/split_phonesky_webrtc_native_lib.dm': No such file or directory
06-28 07:07:20.648  9789  9789 W ziparchive: Unable to open '/data/app/~~vpAnpN40ZwscUSP73yt5iQ==/com.android.vending-wbijODFopvbjETHVsF_Oqw==/split_phonesky_webrtc_native_lib.dm': No such file or directory
06-28 07:07:20.649  9789  9789 W ding:background: Entry not found
06-28 07:07:20.650  9789  9789 W ziparchive: Unable to open '/data/app/~~vpAnpN40ZwscUSP73yt5iQ==/com.android.vending-wbijODFopvbjETHVsF_Oqw==/split_phonesky_webrtc_native_lib.config.arm64_v8a.dm': No such file or directory
06-28 07:07:20.650  9789  9789 W ziparchive: Unable to open '/data/app/~~vpAnpN40ZwscUSP73yt5iQ==/com.android.vending-wbijODFopvbjETHVsF_Oqw==/split_phonesky_webrtc_native_lib.config.arm64_v8a.dm': No such file or directory
06-28 07:07:20.652  9789  9789 W ding:background: Entry not found
06-28 07:07:20.654  9789  9789 D nativeloader: Configuring clns-5 for other apk /data/app/~~vpAnpN40ZwscUSP73yt5iQ==/com.android.vending-wbijODFopvbjETHVsF_Oqw==/base.apk:/data/app/~~vpAnpN40ZwscUSP73yt5iQ==/com.android.vending-wbijODFopvbjETHVsF_Oqw==/split_config.arm64_v8a.apk:/data/app/~~vpAnpN40ZwscUSP73yt5iQ==/com.android.vending-wbijODFopvbjETHVsF_Oqw==/split_config.en.apk:/data/app/~~vpAnpN40ZwscUSP73yt5iQ==/com.android.vending-wbijODFopvbjETHVsF_Oqw==/split_phonesky_data_loader.apk:/data/app/~~vpAnpN40ZwscUSP73yt5iQ==/com.android.vending-wbijODFopvbjETHVsF_Oqw==/split_phonesky_data_loader.config.arm64_v8a.apk:/data/app/~~vpAnpN40ZwscUSP73yt5iQ==/com.android.vending-wbijODFopvbjETHVsF_Oqw==/split_phonesky_webrtc_native_lib.apk:/data/app/~~vpAnpN40ZwscUSP73yt5iQ==/com.android.vending-wbijODFopvbjETHVsF_Oqw==/split_phonesky_webrtc_native_lib.config.arm64_v8a.apk. target_sdk_version=37, uses_libraries=, library_path=/data/app/~~vpAnpN40ZwscUSP73yt5iQ==/com.android.vending-wbijODFopvbjETHVsF_Oqw==/lib/arm64:/data/app/~~vpAnpN40ZwscUSP73yt5iQ==/com.and
06-28 07:07:20.734 21548  9672 D ErrorCodeSampler: Logging error code: 17 for the sample interval 10000: false
06-28 07:07:20.752  9789  9789 D nativeloader: Load libframework-connectivity-jni.so using APEX ns com_android_tethering for caller /apex/com.android.tethering/javalib/framework-connectivity.jar: ok
06-28 07:07:20.759 21548  9672 D downloader2: Response body written. bytesWritten=267, uri=https://www.gstatic.com/mdi-serving/rubidium-adservices-ui-ota-strings/4265/91ac5d17ab9f2445a3462f98f5249a73e9b0e235
06-28 07:07:20.760 21548  9674 D downloader2: Queued download completed, running queued downloads: https://www.gstatic.com/mdi-serving/rubidium-adservices-ui-ota-strings/4265/91ac5d17ab9f2445a3462f98f5249a73e9b0e235
06-28 07:07:20.763 21548  9672 D downloader2: Download complete, running queued downloads: https://www.gstatic.com/mdi-serving/rubidium-adservices-ui-ota-strings/4265/91ac5d17ab9f2445a3462f98f5249a73e9b0e235
06-28 07:07:20.823 31822 31822 D WifiInteractor: get wifiIconGroup ePDGConnected : false
06-28 07:07:20.831 31822 31822 D WifiInteractor: get wifiIconGroup ePDGConnected : false
06-28 07:07:20.851  9789  9789 V GraphicsEnvironment: Currently set values for:
06-28 07:07:20.821  3791  3802 I NullBinder: NullBinder for android.net.action.RECOMMEND_NETWORKS triggering remote TransactionTooLargeException due to Service without Chimera impl, calling uid: 1000, calling pid: 0
06-28 07:07:20.852  9789  9789 V GraphicsEnvironment:   angle_gl_driver_selection_pkgs=[]
06-28 07:07:20.852  3791  3802 W .gms.persistent: Large reply transaction of 1056768 bytes, interface descriptor , code 1
06-28 07:07:20.852  9789  9789 V GraphicsEnvironment:   angle_gl_driver_selection_values=[]
06-28 07:07:20.859  9789  9789 V GraphicsEnvironment: ANGLE GameManagerService for com.android.vending: false
06-28 07:07:20.860  9789  9789 V GraphicsEnvironment: com.android.vending is not listed in per-application setting
06-28 07:07:20.860  9789  9789 V GraphicsEnvironment: Neither updatable production driver nor prerelease driver is supported.
06-28 07:07:20.860  9470  9602 W android.vending: Verification of brhe bktq.aW(java.lang.Object) took 114.662ms (514.55 bytecodes/s) (3888B approximate peak alloc)
06-28 07:07:20.868 31373 31387 D BatteryService: Sending ACTION_BATTERY_CHANGED: level:93, status:2, health:2, remain:923, ac:false, usb:true, wireless:false, pogo:false, misc:0xf0000, charge_type:1, charger_type:0, voltage:4219, temperature:348, online:19, charging_status:0, cycle_count:0, current_avg:574, ps:false, hvc:false, capacity:280000, current_event:0x10000, current_now:521, mcc:0, mcv:0, cc:4427000, present:true, scale:100, technology:Li-ion
06-28 07:07:20.869 31174 31174 I seh_thermal_service: getTemperaturesWithType SehTemperatureType: 3
06-28 07:07:20.870   713   713 I sehhealth-service: updateLrpSysfs: write: 383
06-28 07:07:20.875 31800 31800 D SemBigDataInfoController: Intent: android.intent.action.BATTERY_CHANGED
06-28 07:07:20.875 31800 31800 D SemBigDataInfoController: Intent: android.intent.action.BATTERY_CHANGED
06-28 07:07:20.889 31373 31745 I DeviceBatteryInfoService: action: android.intent.action.BATTERY_CHANGED
06-28 07:07:20.889 31373 31745 I DeviceBatteryInfoService: phone battery level: 93
06-28 07:07:20.889 31373 31745 I DeviceBatteryInfoService: phone battery status: 2
06-28 07:07:20.891 31373 31597 D MotionRecognitionService: [SAR]  onReceive : ACTION_BATTERY_CHANGED, Plugged: 2
06-28 07:07:20.918 31822 31822 I AODBatteryManager: updateBatteryData: ACTION_BATTERY_CHANGED
06-28 07:07:21.073 31822 31822 I AODBatteryManager: saveBatteryData : AOD BatteryData [mBatteryLevel=93, mBatteryStatus=CHARGING, mBatteryPlugType=USB, mBatteryPlugged=true, mRemainingChargeTime=923000, mBatteryChargingType=1, mBatteryChargerType=NORMAL, mBatteryOnline=NOT_DEFINED, mBatterySwellingMode=NONE, mBatteryProtectMode=false, mBatteryProtectModeType=1, mSleepChargingEvent=null, mSleepChargingEventFinishTime=null]
06-28 07:07:21.073 31822 31822 I ChargingInfoManager: updateChargingInfo: newState = AOD ChargingInfo [mState=BATTERY_AND_REMAIN_TIME, mIsCharging=true, mIsFullyCharged=false, mIsBatteryProtectMode=false, mBetteryLevel=93, mBetteryProtectModeType0], oldState = AOD ChargingInfo [mState=BATTERY_AND_REMAIN_TIME, mIsCharging=true, mIsFullyCharged=false, mIsBatteryProtectMode=false, mBetteryLevel=93, mBetteryProtectModeType0]
06-28 07:07:21.074 31822 31822 I PowerUI : mBootCompleted = true |  mFullyConnected = true
06-28 07:07:21.074 31822 31822 I PowerUI : BATTERY_HEALTH_CHECK extraHealth=2 mBatteryMiscEvent=983040
06-28 07:07:21.084 31822 10762 D SecPowerUI.Notification: dismissing low battery warning: level=93
06-28 07:07:21.084 31822 10762 D SecPowerUI.Notification: updateNotification mWarning=false mPlaySound=false
06-28 07:07:21.084 31822 10762 D SecPowerUI.Notification: SecBatteryStatsSnapshot{batteryLevel=93, currentBatteryMode=0, chargingTime=947000, chargingType=11, batteryHealth=2, automaticTestMode=false, isHiccupState=false, optChargingFinishTime=}
06-28 07:07:21.085 31822 31822 W PowerUI : Plug reason
06-28 07:07:21.085 31822 31822 W PowerUI : Skip charging animation - by plug status
06-28 07:07:21.085 31822 31822 D PowerUI : priorPlugType = 2 mPlugType = 2 priorBatteryStatus = 2 mBatteryStatus = 2
06-28 07:07:21.085 31822 31822 W PowerUI : Plug reason
06-28 07:07:21.085 31822 31822 W PowerUI : Skip charging sound - by plug status
06-28 07:07:21.085 31822 31822 I PowerUI : oldMisalign : false, curMisalign : false
06-28 07:07:21.087 31822 31822 D SecPowerUI.Notification: showChargingNotice oldChargingType : 11 / currentChargingType : 11, oldChargingTime : 947000 / mChargingTime : 923000
06-28 07:07:21.087 31822 31822 D SecPowerUI.Notification: showChargingNotification()
06-28 07:07:21.087 31822 31822 D SecPowerUI.Notification: SecBatteryStatsSnapshot{batteryLevel=93, currentBatteryMode=0, chargingTime=923000, chargingType=11, batteryHealth=2, automaticTestMode=false, isHiccupState=false, optChargingFinishTime=}
06-28 07:07:21.093 31822 10762 D SecPowerUI.Notification: 1. restoreScreenTimeOut - saved_value : :
06-28 07:07:21.093 31822 10762 E SecPowerUI.Notification: no saved value, so we do nothing !!
06-28 07:07:21.096 21548  9672 D downloader2: Got URL response, starting to read response body. uri=https://www.gstatic.com/mdi-serving/rubidium-adservices-adtech-enrollment/11167/b5d1a96edb6a1f0a4859f71195a3dae118baacfc
06-28 07:07:21.105  3791  9646 D ConnectivityManager: StackLog: [android.net.ConnectivityManager.sendRequestForNetwork(ConnectivityManager.java:4692)] [android.net.ConnectivityManager.sendRequestForNetwork(ConnectivityManager.java:4859)] [android.net.ConnectivityManager.registerNetworkCallback(ConnectivityManager.java:5241)] [android.net.ConnectivityManager.registerNetworkCallback(ConnectivityManager.java:5211)] [dpqn.a(:com.google.android.gms@262334029@26.23.34 (190400-933906539):34)] [lhe.a(:com.google.android.gms@262334029@26.23.34 (190400-933906539):19)] [dpqz.j(:com.google.android.gms@262334029@26.23.34 (190400-933906539):19)] [dpqz.O(:com.google.android.gms@262334029@26.23.34 (190400-933906539):14)] [dpqz.K(:com.google.android.gms@262334029@26.23.34 (190400-933906539):7)] [dpqz.I(:com.google.android.gms@262334029@26.23.34 (190400-933906539):23)] [dpqr.run(:com.google.android.gms@262334029@26.23.34 (190400-933906539):9)] [bkeu.c(:com.google.android.gms@262334029@26.23.34 (190400-933906539):50)] [bkeu.run(:com.google.android.gms@262334029@26.23.34 (190400-933906539):66)] [java.util.concurrent.ThreadPoolExecutor.runWorker(ThreadPoolExecutor.java:1145)] [java.util.concurrent.ThreadPoolExecutor$Worker.run(ThreadPoolExecutor.java:644)] [bkkm.run(:com.google.android.gms@262334029@26.23.34 (190400-933906539):8)] [java.lang.Thread.run(Thread.java:1012)]
06-28 07:07:21.113 31822 31822 I NotificationManager: com.android.systemui: notify(2131363667, charging_state, Notification(channel=CHR shortcut=null contentView=null vibrate=null sound=null defaults=0x0 flags=0xa color=0xff5075a1 category=sys groupKey=CHARGING vis=PUBLIC semFlags=0x0 semPriority=0 semMissedCount=0)) as user
06-28 07:07:21.118 31373 31998 D CompatibilityChangeReporter: Compat change id reported: 319212206; UID 10177; state: DISABLED
06-28 07:07:21.118 31373 31998 D CompatibilityChangeReporter: Compat change id reported: 319212206; UID 10177; state: ENABLED
06-28 07:07:21.165 31173 31699 I bauth_FPBAuthService: pcf : 0x1012, 0 ,2 ,0 ,0 ,0 ,2, 0.0.0.0
06-28 07:07:21.165 31173 31699 I bauth_FPBAuthService: thread id : 2, preenroll_flag : 0, nd cnt : 1, cso : 2, et : 0
06-28 07:07:21.165 31173 31699 I bauth_FPBAuthService: FPBAuthService, 11444
06-28 07:07:21.167 21548  9719 D downloader2: Response body written. bytesWritten=286, uri=https://www.gstatic.com/mdi-serving/rubidium-adservices-adtech-enrollment/11167/b5d1a96edb6a1f0a4859f71195a3dae118baacfc
06-28 07:07:21.176 21548  9716 D downloader2: Queued download completed, running queued downloads: https://www.gstatic.com/mdi-serving/rubidium-adservices-adtech-enrollment/11167/b5d1a96edb6a1f0a4859f71195a3dae118baacfc
06-28 07:07:21.180 21548  9719 D downloader2: Download complete, running queued downloads: https://www.gstatic.com/mdi-serving/rubidium-adservices-adtech-enrollment/11167/b5d1a96edb6a1f0a4859f71195a3dae118baacfc
06-28 07:07:21.213  3791  9646 D ConnectivityManager: StackLog: [android.net.ConnectivityManager.unregisterNetworkCallback(ConnectivityManager.java:5491)] [dpqz.j(:com.google.android.gms@262334029@26.23.34 (190400-933906539):43)] [dpqz.O(:com.google.android.gms@262334029@26.23.34 (190400-933906539):14)] [dpqz.K(:com.google.android.gms@262334029@26.23.34 (190400-933906539):7)] [dpqz.I(:com.google.android.gms@262334029@26.23.34 (190400-933906539):23)] [dpqr.run(:com.google.android.gms@262334029@26.23.34 (190400-933906539):9)] [bkeu.c(:com.google.android.gms@262334029@26.23.34 (190400-933906539):50)] [bkeu.run(:com.google.android.gms@262334029@26.23.34 (190400-933906539):66)] [java.util.concurrent.ThreadPoolExecutor.runWorker(ThreadPoolExecutor.java:1145)] [java.util.concurrent.ThreadPoolExecutor$Worker.run(ThreadPoolExecutor.java:644)] [bkkm.run(:com.google.android.gms@262334029@26.23.34 (190400-933906539):8)] [java.lang.Thread.run(Thread.java:1012)]
06-28 07:07:21.213 31373 31631 D ConnectivityService: Rematched networks [computed 1ms] [applied 50ms] [issued 7]
06-28 07:07:21.213 31373 31631 D ConnectivityService: NetworkReassignment : no changes
06-28 07:07:21.215  3791  9646 I NearbyMediums: Wifi changed new SSID: "RAVEN_CREST HOTSPOT 0594622525"
06-28 07:07:21.218  3791  9646 I NearbyMediums: WifiLanConnectivityInfo is not changed, skip notify.
06-28 07:07:21.247 21548  9719 D ErrorCodeSampler: Logging error code: 17 for the sample interval 10000: false
06-28 07:07:21.380  3791  9646 I NearbySharing: Network state changed: NetworkState(isRestricted=false, isOnline=true, isCongested=false, isMetered=false, isWifiConnected=true)
06-28 07:07:21.383  3791 23177 I NearbySharing: Network state changed: NetworkState(isRestricted=false, isOnline=true, isCongested=false, isMetered=false, isWifiConnected=true)
06-28 07:07:21.519 31373 31505 D CompatibilityChangeReporter: Compat change id reported: 161145287; UID 10176; state: ENABLED
06-28 07:07:21.520  9470  9602 W android.vending: Verification of void bktq.dq(java.lang.String, cdxq, gzl, boolean, boolean, jcg, cdxu, cdxu, cdxu, cdxu, boolean, jjq, dbh, dbg, int, int, hjm, fhf, gfq, int, int, int, int) took 123.421ms (8993.60 bytecodes/s) (41336B approximate peak alloc)
06-28 07:07:21.567  9789  9789 I Finsky:background: [2] Process created at version: 52.0.21-31 [0] [PR] 936259332
06-28 07:07:21.671 31822 31822 D PowerUI : Battery swelling mode - priorBatterySwellingMode = 0 mBatterySwellingMode = 0 mBatteryStatus = 2
06-28 07:07:21.671 31822 31822 I PowerUI : mBatteryMiscEvent = 983040
06-28 07:07:21.672 31822 31822 I PowerUI : checkRestoreProtectBattery pb value : 0, Scheduling start ? : false
06-28 07:07:21.672 31822 31822 I PowerUI : Clear time
06-28 07:07:21.672 31373 31505 D KNOX_MDM_SettingsProvider: isChangeAllowed() : name = ltc_highsoc_exceed_time
06-28 07:07:21.673 31373 31505 D KNOX_MDM_SettingsProvider: edmUri: content://com.sec.knox.provider/RestrictionPolicy3
06-28 07:07:21.673 31373 31505 D KNOX_MDM_SettingsProvider: projectionArgs: isSettingsChangesAllowed
06-28 07:07:21.673 31373 31505 D KNOX_MDM_SettingsProvider: selectionArgs: false
06-28 07:07:21.673 31373 31505 D KNOX_MDM_SettingsProvider: selectionArgs: 10040
06-28 07:07:21.673 31373 31505 D SecContentProvider: query(), uri = 17 selection = isSettingsChangesAllowed
06-28 07:07:21.673 31373 31505 D SecContentProvider: called from android.uid.systemui:10040
06-28 07:07:21.679 31373 31505 D RestrictionPolicy: isSettingsChangesAllowedAsUser, userId 0 : true
06-28 07:07:21.688  9650  9820 D nativeloader: Load /data/app/~~vpAnpN40ZwscUSP73yt5iQ==/com.android.vending-wbijODFopvbjETHVsF_Oqw==/split_config.arm64_v8a.apk!/lib/arm64-v8a/libmappedcountercacheversionjni.so using ns clns-5 from class loader (caller=/data/app/~~vpAnpN40ZwscUSP73yt5iQ==/com.android.vending-wbijODFopvbjETHVsF_Oqw==/base.apk): ok
06-28 07:07:21.695 31373 31505 D KNOX_MDM_SettingsProvider: ret = 1
06-28 07:07:21.711 31822 31822 I PowerUI : checkBatteryProtectionNotification : 2, pb value : 0, plugType : 2, level : 93
06-28 07:07:21.711 31822 31822 D SecPowerUI.Notification: SecBatteryStatsSnapshot{batteryLevel=93, currentBatteryMode=0, chargingTime=923000, chargingType=11, batteryHealth=2, automaticTestMode=false, isHiccupState=false, optChargingFinishTime=}
06-28 07:07:21.719 31822 31822 D SamsungBatteryMeterDrawable: onBatteryLevelChanged isSomethingChanged: false
06-28 07:07:21.720 31822 31822 D SamsungBatteryMeterDrawable: onBatteryLevelChanged isSomethingChanged: false
06-28 07:07:21.720 31822 31822 D SamsungBatteryMeterDrawable: onBatteryLevelChanged isSomethingChanged: false
06-28 07:07:21.721 31822 31822 D KeyguardUpdateMonitor: handleBatteryUpdate
06-28 07:07:21.738 31822 31822 D KeyguardSecIndicationController: addIndicationTimeout() returned - unlocking
06-28 07:07:21.738 31822 31822 D KeyguardSecIndicationController: addIndication() returned - unlocking
06-28 07:07:21.743  9470  9602 W android.vending: Verification of ceqb bktq.r(ceqb, ceqb) took 119.968ms (1033.61 bytecodes/s) (4288B approximate peak alloc)
06-28 07:07:21.743 31822 31822 D KeyguardSecIndicationPolicy:  remove Item pos = DEFAULT, type =     TRUST_AGENT_HELP
06-28 07:07:21.744 31822 31822 D KeyguardSecIndicationController: addUsbRestriction false/isSecure=true
06-28 07:07:21.744 31822 31822 D KeyguardSecIndicationPolicy:  remove Item pos = DEFAULT, type =      USB_RESTRICTION
06-28 07:07:21.744 31822 31822 D KeyguardSecIndicationController: addBatteryAndOwnerInfoIndication() battery status = BatteryStatus{status=2,level=93,plugged=2,chargingStatus=0,maxChargingWattage=-1,remaining=923000ultraFastCharger=0}
06-28 07:07:21.744 31822 31822 D StatusBarIconController: ignoring old pipeline callback because the new wifi icon is enabled
06-28 07:07:21.835  9692  9821 D ProfileInstaller: Installing profile for com.google.android.gsf
